[2026-05-06 20:25:41] START ds_weather_v2_notehist cases_000 (100 steps, note-with-history)
[2026-05-06 20:25:41] START ds_online_v2_notehist cases_000 (100 steps, note-with-history)
[2026-05-06 20:25:58] ds_weather_v2_notehist cases_000  steps   1-  9: 17.4s  total: 17.4s  (10/100)
[2026-05-06 20:26:15] ds_weather_v2_notehist cases_000  steps  11- 19: 16.9s  total: 34.3s  (20/100)
[2026-05-06 20:26:15] ds_online_v2_notehist cases_000  steps   1-  9: 34.4s  total: 34.4s  (10/100)
[2026-05-06 20:26:34] ds_weather_v2_notehist cases_000  steps  21- 29: 19.4s  total: 53.7s  (30/100)
[2026-05-06 20:26:54] ds_weather_v2_notehist cases_000  steps  31- 39: 19.5s  total: 73.1s  (40/100)
[2026-05-06 20:27:13] ds_weather_v2_notehist cases_000  steps  41- 49: 19.6s  total: 92.8s  (50/100)
[2026-05-06 20:27:29] ds_online_v2_notehist cases_000  steps  11- 19: 73.5s  total: 107.9s  (20/100)
[2026-05-06 20:27:33] ds_weather_v2_notehist cases_000  steps  51- 59: 19.7s  total: 112.5s  (60/100)
[2026-05-06 20:27:53] ds_weather_v2_notehist cases_000  steps  61- 69: 20.2s  total: 132.6s  (70/100)
[2026-05-06 20:28:17] ds_weather_v2_notehist cases_000  steps  71- 79: 23.5s  total: 156.1s  (80/100)
[2026-05-06 20:28:40] ds_weather_v2_notehist cases_000  steps  81- 89: 22.7s  total: 178.8s  (90/100)
[2026-05-06 20:29:04] ds_weather_v2_notehist cases_000  steps  91- 99: 24.6s  total: 203.4s  (100/100)
[2026-05-06 20:29:05] DONE ds_weather_v2_notehist cases_000  total: 203.4s  (2.03s/step)
[2026-05-06 20:29:05]   tokens: 1,503,208 in + 2,000 out  cost: $0.4081
[2026-05-06 20:29:05] START ds_weather_v2_notehist cases_001 (100 steps, note-with-history)
[2026-05-06 20:29:22] ds_online_v2_notehist cases_000  steps  21- 29: 113.2s  total: 221.2s  (30/100)
[2026-05-06 20:29:23] ds_weather_v2_notehist cases_001  steps   1-  9: 18.3s  total: 18.3s  (10/100)
[2026-05-06 20:29:42] ds_weather_v2_notehist cases_001  steps  11- 19: 18.6s  total: 36.9s  (20/100)
[2026-05-06 20:30:03] ds_weather_v2_notehist cases_001  steps  21- 29: 21.2s  total: 58.1s  (30/100)
[2026-05-06 20:30:25] ds_weather_v2_notehist cases_001  steps  31- 39: 22.4s  total: 80.5s  (40/100)
[2026-05-06 20:30:48] ds_weather_v2_notehist cases_001  steps  41- 49: 22.5s  total: 103.0s  (50/100)
[2026-05-06 20:31:10] ds_weather_v2_notehist cases_001  steps  51- 59: 22.3s  total: 125.2s  (60/100)
[2026-05-06 20:31:34] ds_weather_v2_notehist cases_001  steps  61- 69: 23.4s  total: 148.6s  (70/100)
[2026-05-06 20:31:57] ds_online_v2_notehist cases_000  steps  31- 39: 155.0s  total: 376.1s  (40/100)
[2026-05-06 20:31:59] ds_weather_v2_notehist cases_001  steps  71- 79: 25.3s  total: 173.9s  (80/100)
[2026-05-06 20:32:24] ds_weather_v2_notehist cases_001  steps  81- 89: 24.9s  total: 198.8s  (90/100)
[2026-05-06 20:32:49] ds_weather_v2_notehist cases_001  steps  91- 99: 25.3s  total: 224.1s  (100/100)
[2026-05-06 20:32:50] DONE ds_weather_v2_notehist cases_001  total: 224.1s  (2.24s/step)
[2026-05-06 20:32:50]   tokens: 1,976,824 in + 3,600 out  cost: $0.5377
[2026-05-06 20:32:50] START ds_weather_v2_notehist cases_002 (100 steps, note-with-history)
[2026-05-06 20:33:08] ds_weather_v2_notehist cases_002  steps   1-  9: 18.5s  total: 18.5s  (10/100)
[2026-05-06 20:33:27] ds_weather_v2_notehist cases_002  steps  11- 19: 19.2s  total: 37.7s  (20/100)
[2026-05-06 20:33:48] ds_weather_v2_notehist cases_002  steps  21- 29: 20.7s  total: 58.4s  (30/100)
[2026-05-06 20:34:09] ds_weather_v2_notehist cases_002  steps  31- 39: 21.4s  total: 79.9s  (40/100)
[2026-05-06 20:34:31] ds_weather_v2_notehist cases_002  steps  41- 49: 21.6s  total: 101.5s  (50/100)
[2026-05-06 20:34:53] ds_weather_v2_notehist cases_002  steps  51- 59: 21.5s  total: 123.0s  (60/100)
[2026-05-06 20:35:10] ds_online_v2_notehist cases_000  steps  41- 49: 193.0s  total: 569.1s  (50/100)
[2026-05-06 20:35:15] ds_weather_v2_notehist cases_002  steps  61- 69: 22.6s  total: 145.6s  (70/100)
[2026-05-06 20:35:40] ds_weather_v2_notehist cases_002  steps  71- 79: 24.8s  total: 170.4s  (80/100)
[2026-05-06 20:36:05] ds_weather_v2_notehist cases_002  steps  81- 89: 24.8s  total: 195.2s  (90/100)
[2026-05-06 20:36:29] ds_weather_v2_notehist cases_002  steps  91- 99: 24.4s  total: 219.6s  (100/100)
[2026-05-06 20:36:30] DONE ds_weather_v2_notehist cases_002  total: 219.6s  (2.20s/step)
[2026-05-06 20:36:30]   tokens: 1,888,021 in + 3,300 out  cost: $0.5134
[2026-05-06 20:36:30] START ds_weather_v2_notehist cases_003 (100 steps, note-with-history)
[2026-05-06 20:36:48] ds_weather_v2_notehist cases_003  steps   1-  9: 18.8s  total: 18.8s  (10/100)
[2026-05-06 20:37:08] ds_weather_v2_notehist cases_003  steps  11- 19: 20.0s  total: 38.8s  (20/100)
[2026-05-06 20:37:30] ds_weather_v2_notehist cases_003  steps  21- 29: 21.2s  total: 60.0s  (30/100)
[2026-05-06 20:37:51] ds_weather_v2_notehist cases_003  steps  31- 39: 21.6s  total: 81.6s  (40/100)
[2026-05-06 20:38:13] ds_weather_v2_notehist cases_003  steps  41- 49: 21.3s  total: 103.0s  (50/100)
[2026-05-06 20:38:35] ds_weather_v2_notehist cases_003  steps  51- 59: 22.4s  total: 125.4s  (60/100)
[2026-05-06 20:38:58] ds_weather_v2_notehist cases_003  steps  61- 69: 22.8s  total: 148.2s  (70/100)
[2026-05-06 20:39:02] ds_online_v2_notehist cases_000  steps  51- 59: 232.1s  total: 801.2s  (60/100)
[2026-05-06 20:39:23] ds_weather_v2_notehist cases_003  steps  71- 79: 24.7s  total: 172.9s  (80/100)
[2026-05-06 20:39:47] ds_weather_v2_notehist cases_003  steps  81- 89: 24.6s  total: 197.5s  (90/100)
[2026-05-06 20:40:13] ds_weather_v2_notehist cases_003  steps  91- 99: 25.5s  total: 222.9s  (100/100)
[2026-05-06 20:40:13] DONE ds_weather_v2_notehist cases_003  total: 222.9s  (2.23s/step)
[2026-05-06 20:40:13]   tokens: 1,976,824 in + 3,600 out  cost: $0.5377
[2026-05-06 20:40:13] START ds_weather_v2_notehist cases_004 (100 steps, note-with-history)
[2026-05-06 20:40:32] ds_weather_v2_notehist cases_004  steps   1-  9: 19.2s  total: 19.2s  (10/100)
[2026-05-06 20:40:51] ds_weather_v2_notehist cases_004  steps  11- 19: 19.1s  total: 38.3s  (20/100)
[2026-05-06 20:41:12] ds_weather_v2_notehist cases_004  steps  21- 29: 21.0s  total: 59.3s  (30/100)
[2026-05-06 20:41:34] ds_weather_v2_notehist cases_004  steps  31- 39: 22.1s  total: 81.4s  (40/100)
[2026-05-06 20:41:56] ds_weather_v2_notehist cases_004  steps  41- 49: 21.6s  total: 103.0s  (50/100)
[2026-05-06 20:42:18] ds_weather_v2_notehist cases_004  steps  51- 59: 22.3s  total: 125.3s  (60/100)
[2026-05-06 20:42:41] ds_weather_v2_notehist cases_004  steps  61- 69: 22.8s  total: 148.0s  (70/100)
[2026-05-06 20:43:06] ds_weather_v2_notehist cases_004  steps  71- 79: 25.2s  total: 173.3s  (80/100)
[2026-05-06 20:43:31] ds_weather_v2_notehist cases_004  steps  81- 89: 25.1s  total: 198.4s  (90/100)
[2026-05-06 20:43:36] ds_online_v2_notehist cases_000  steps  61- 69: 273.9s  total: 1075.1s  (70/100)
[2026-05-06 20:43:57] ds_weather_v2_notehist cases_004  steps  91- 99: 25.3s  total: 223.7s  (100/100)
[2026-05-06 20:43:58] DONE ds_weather_v2_notehist cases_004  total: 223.7s  (2.24s/step)
[2026-05-06 20:43:58]   tokens: 1,976,824 in + 3,600 out  cost: $0.5377
[2026-05-06 20:43:58] START ds_weather_v2_notehist cases_005 (100 steps, note-with-history)
[2026-05-06 20:44:16] ds_weather_v2_notehist cases_005  steps   1-  9: 18.5s  total: 18.5s  (10/100)
[2026-05-06 20:44:35] ds_weather_v2_notehist cases_005  steps  11- 19: 19.2s  total: 37.8s  (20/100)
[2026-05-06 20:44:57] ds_weather_v2_notehist cases_005  steps  21- 29: 22.0s  total: 59.7s  (30/100)
[2026-05-06 20:45:20] ds_weather_v2_notehist cases_005  steps  31- 39: 22.3s  total: 82.0s  (40/100)
[2026-05-06 20:45:42] ds_weather_v2_notehist cases_005  steps  41- 49: 22.3s  total: 104.3s  (50/100)
[2026-05-06 20:46:05] ds_weather_v2_notehist cases_005  steps  51- 59: 22.6s  total: 126.9s  (60/100)
[2026-05-06 20:46:28] ds_weather_v2_notehist cases_005  steps  61- 69: 23.7s  total: 150.6s  (70/100)
[2026-05-06 20:46:54] ds_weather_v2_notehist cases_005  steps  71- 79: 25.5s  total: 176.1s  (80/100)
[2026-05-06 20:47:20] ds_weather_v2_notehist cases_005  steps  81- 89: 25.8s  total: 201.9s  (90/100)
[2026-05-06 20:47:45] ds_weather_v2_notehist cases_005  steps  91- 99: 25.9s  total: 227.8s  (100/100)
[2026-05-06 20:47:46] DONE ds_weather_v2_notehist cases_005  total: 227.8s  (2.28s/step)
[2026-05-06 20:47:46]   tokens: 1,976,824 in + 3,600 out  cost: $0.5377
[2026-05-06 20:47:46] START ds_weather_v2_notehist cases_006 (100 steps, note-with-history)
[2026-05-06 20:48:05] ds_weather_v2_notehist cases_006  steps   1-  9: 19.2s  total: 19.2s  (10/100)
[2026-05-06 20:48:24] ds_weather_v2_notehist cases_006  steps  11- 19: 18.7s  total: 37.9s  (20/100)
[2026-05-06 20:48:44] ds_weather_v2_notehist cases_006  steps  21- 29: 20.2s  total: 58.1s  (30/100)
[2026-05-06 20:48:52] ds_online_v2_notehist cases_000  steps  71- 79: 315.8s  total: 1390.9s  (80/100)
[2026-05-06 20:49:05] ds_weather_v2_notehist cases_006  steps  31- 39: 21.0s  total: 79.1s  (40/100)
[2026-05-06 20:49:27] ds_weather_v2_notehist cases_006  steps  41- 49: 21.9s  total: 101.0s  (50/100)
[2026-05-06 20:49:49] ds_weather_v2_notehist cases_006  steps  51- 59: 21.7s  total: 122.7s  (60/100)
[2026-05-06 20:50:12] ds_weather_v2_notehist cases_006  steps  61- 69: 22.9s  total: 145.6s  (70/100)
[2026-05-06 20:50:36] ds_weather_v2_notehist cases_006  steps  71- 79: 24.0s  total: 169.6s  (80/100)
[2026-05-06 20:51:00] ds_weather_v2_notehist cases_006  steps  81- 89: 24.7s  total: 194.2s  (90/100)
[2026-05-06 20:51:25] ds_weather_v2_notehist cases_006  steps  91- 99: 24.6s  total: 218.8s  (100/100)
[2026-05-06 20:51:25] DONE ds_weather_v2_notehist cases_006  total: 218.8s  (2.19s/step)
[2026-05-06 20:51:25]   tokens: 1,744,184 in + 2,808 out  cost: $0.4740
[2026-05-06 20:51:25] START ds_weather_v2_notehist cases_007 (100 steps, note-with-history)
[2026-05-06 20:51:46] ds_weather_v2_notehist cases_007  steps   1-  9: 20.8s  total: 20.8s  (10/100)
[2026-05-06 20:52:06] ds_weather_v2_notehist cases_007  steps  11- 19: 20.0s  total: 40.9s  (20/100)
[2026-05-06 20:52:29] ds_weather_v2_notehist cases_007  steps  21- 29: 22.4s  total: 63.3s  (30/100)
[2026-05-06 20:52:51] ds_weather_v2_notehist cases_007  steps  31- 39: 22.0s  total: 85.3s  (40/100)
[2026-05-06 20:53:13] ds_weather_v2_notehist cases_007  steps  41- 49: 22.6s  total: 107.9s  (50/100)
[2026-05-06 20:53:37] ds_weather_v2_notehist cases_007  steps  51- 59: 24.2s  total: 132.0s  (60/100)
[2026-05-06 20:54:02] ds_weather_v2_notehist cases_007  steps  61- 69: 24.7s  total: 156.7s  (70/100)
[2026-05-06 20:54:27] ds_weather_v2_notehist cases_007  steps  71- 79: 25.0s  total: 181.7s  (80/100)
[2026-05-06 20:54:52] ds_weather_v2_notehist cases_007  steps  81- 89: 25.3s  total: 207.1s  (90/100)
[2026-05-06 20:54:59] ds_online_v2_notehist cases_000  steps  81- 89: 367.4s  total: 1758.3s  (90/100)
[2026-05-06 20:55:19] ds_weather_v2_notehist cases_007  steps  91- 99: 26.9s  total: 233.9s  (100/100)
[2026-05-06 20:55:20] DONE ds_weather_v2_notehist cases_007  total: 233.9s  (2.34s/step)
[2026-05-06 20:55:20]   tokens: 2,092,856 in + 3,996 out  cost: $0.5695
[2026-05-06 20:55:20] START ds_weather_v2_notehist cases_008 (100 steps, note-with-history)
[2026-05-06 20:55:38] ds_weather_v2_notehist cases_008  steps   1-  9: 18.7s  total: 18.7s  (10/100)
[2026-05-06 20:55:59] ds_weather_v2_notehist cases_008  steps  11- 19: 20.2s  total: 38.9s  (20/100)
[2026-05-06 20:56:20] ds_weather_v2_notehist cases_008  steps  21- 29: 21.5s  total: 60.4s  (30/100)
[2026-05-06 20:56:42] ds_weather_v2_notehist cases_008  steps  31- 39: 21.8s  total: 82.3s  (40/100)
[2026-05-06 20:57:04] ds_weather_v2_notehist cases_008  steps  41- 49: 22.4s  total: 104.7s  (50/100)
[2026-05-06 20:57:27] ds_weather_v2_notehist cases_008  steps  51- 59: 23.0s  total: 127.6s  (60/100)
[2026-05-06 20:57:51] ds_weather_v2_notehist cases_008  steps  61- 69: 23.6s  total: 151.3s  (70/100)
[2026-05-06 20:58:16] ds_weather_v2_notehist cases_008  steps  71- 79: 25.1s  total: 176.3s  (80/100)
[2026-05-06 20:58:41] ds_weather_v2_notehist cases_008  steps  81- 89: 25.4s  total: 201.7s  (90/100)
[2026-05-06 20:59:07] ds_weather_v2_notehist cases_008  steps  91- 99: 25.9s  total: 227.6s  (100/100)
[2026-05-06 20:59:08] DONE ds_weather_v2_notehist cases_008  total: 227.6s  (2.28s/step)
[2026-05-06 20:59:08]   tokens: 1,863,164 in + 3,208 out  cost: $0.5066
[2026-05-06 20:59:08] START ds_weather_v2_notehist cases_009 (100 steps, note-with-history)
[2026-05-06 20:59:28] ds_weather_v2_notehist cases_009  steps   1-  9: 19.9s  total: 19.9s  (10/100)
[2026-05-06 20:59:50] ds_weather_v2_notehist cases_009  steps  11- 19: 21.6s  total: 41.5s  (20/100)
[2026-05-06 21:00:25] ds_weather_v2_notehist cases_009  steps  21- 29: 34.8s  total: 76.3s  (30/100)
[2026-05-06 21:00:50] ds_weather_v2_notehist cases_009  steps  31- 39: 25.2s  total: 101.5s  (40/100)
[2026-05-06 21:01:15] ds_weather_v2_notehist cases_009  steps  41- 49: 25.4s  total: 126.9s  (50/100)
[2026-05-06 21:01:42] ds_weather_v2_notehist cases_009  steps  51- 59: 26.3s  total: 153.2s  (60/100)
[2026-05-06 21:02:08] ds_weather_v2_notehist cases_009  steps  61- 69: 26.5s  total: 179.7s  (70/100)
[2026-05-06 21:02:10] ds_online_v2_notehist cases_000  steps  91- 99: 430.5s  total: 2188.8s  (100/100)
[2026-05-06 21:02:11] DONE ds_online_v2_notehist cases_000  total: 2188.8s  (21.89s/step)
[2026-05-06 21:02:11]   tokens: 32,878,096 in + 162,400 out  cost: $9.0557
[2026-05-06 21:02:11] START ds_online_v2_notehist cases_001 (100 steps, note-with-history)
[2026-05-06 21:02:31] ds_online_v2_notehist cases_001  steps   1-  9: 19.9s  total: 19.9s  (10/100)
[2026-05-06 21:02:35] ds_weather_v2_notehist cases_009  steps  71- 79: 27.3s  total: 207.0s  (80/100)
[2026-05-06 21:02:51] ds_online_v2_notehist cases_001  steps  11- 19: 19.9s  total: 39.8s  (20/100)
[2026-05-06 21:03:03] ds_weather_v2_notehist cases_009  steps  81- 89: 28.1s  total: 235.1s  (90/100)
[2026-05-06 21:03:14] ds_online_v2_notehist cases_001  steps  21- 29: 22.4s  total: 62.2s  (30/100)
[2026-05-06 21:03:31] ds_weather_v2_notehist cases_009  steps  91- 99: 27.5s  total: 262.6s  (100/100)
[2026-05-06 21:03:31] DONE ds_weather_v2_notehist cases_009  total: 262.6s  (2.63s/step)
[2026-05-06 21:03:31]   tokens: 2,095,228 in + 4,000 out  cost: $0.5701
[2026-05-06 21:03:31] START ds_weather_v2_notehist cases_010 (100 steps, note-with-history)
[2026-05-06 21:03:37] ds_online_v2_notehist cases_001  steps  31- 39: 23.3s  total: 85.4s  (40/100)
[2026-05-06 21:03:52] ds_weather_v2_notehist cases_010  steps   1-  9: 21.0s  total: 21.0s  (10/100)
[2026-05-06 21:03:59] ds_online_v2_notehist cases_001  steps  41- 49: 22.0s  total: 107.5s  (50/100)
[2026-05-06 21:04:13] ds_weather_v2_notehist cases_010  steps  11- 19: 21.0s  total: 42.0s  (20/100)
[2026-05-06 21:04:21] ds_online_v2_notehist cases_001  steps  51- 59: 22.6s  total: 130.1s  (60/100)
[2026-05-06 21:04:39] ds_weather_v2_notehist cases_010  steps  21- 29: 25.1s  total: 67.1s  (30/100)
[2026-05-06 21:04:46] ds_online_v2_notehist cases_001  steps  61- 69: 24.2s  total: 154.2s  (70/100)
[2026-05-06 21:05:02] ds_weather_v2_notehist cases_010  steps  31- 39: 23.2s  total: 90.3s  (40/100)
[2026-05-06 21:05:11] ds_online_v2_notehist cases_001  steps  71- 79: 25.8s  total: 180.0s  (80/100)
[2026-05-06 21:05:27] ds_weather_v2_notehist cases_010  steps  41- 49: 25.2s  total: 115.5s  (50/100)
[2026-05-06 21:05:38] ds_online_v2_notehist cases_001  steps  81- 89: 26.5s  total: 206.5s  (90/100)
[2026-05-06 21:05:52] ds_weather_v2_notehist cases_010  steps  51- 59: 24.9s  total: 140.4s  (60/100)
[2026-05-06 21:06:04] ds_online_v2_notehist cases_001  steps  91- 99: 26.4s  total: 233.0s  (100/100)
[2026-05-06 21:06:05] DONE ds_online_v2_notehist cases_001  total: 233.0s  (2.33s/step)
[2026-05-06 21:06:05]   tokens: 1,737,848 in + 3,096 out  cost: $0.4726
[2026-05-06 21:06:05] START ds_online_v2_notehist cases_002 (100 steps, note-with-history)
[2026-05-06 21:06:17] ds_weather_v2_notehist cases_010  steps  61- 69: 25.4s  total: 165.8s  (70/100)
[2026-05-06 21:06:42] ds_online_v2_notehist cases_002  steps   1-  9: 37.2s  total: 37.2s  (10/100)
[2026-05-06 21:06:47] ds_weather_v2_notehist cases_010  steps  71- 79: 29.9s  total: 195.7s  (80/100)
[2026-05-06 21:07:14] ds_weather_v2_notehist cases_010  steps  81- 89: 26.8s  total: 222.5s  (90/100)
[2026-05-06 21:07:46] ds_weather_v2_notehist cases_010  steps  91- 99: 31.6s  total: 254.1s  (100/100)
[2026-05-06 21:07:46] DONE ds_weather_v2_notehist cases_010  total: 254.1s  (2.54s/step)
[2026-05-06 21:07:46]   tokens: 2,086,974 in + 3,986 out  cost: $0.5679
[2026-05-06 21:07:46] START ds_weather_v2_notehist cases_011 (100 steps, note-with-history)
[2026-05-06 21:08:01] ds_online_v2_notehist cases_002  steps  11- 19: 78.7s  total: 115.9s  (20/100)
[2026-05-06 21:08:07] ds_weather_v2_notehist cases_011  steps   1-  9: 20.9s  total: 20.9s  (10/100)
[2026-05-06 21:08:28] ds_weather_v2_notehist cases_011  steps  11- 19: 20.8s  total: 41.7s  (20/100)
[2026-05-06 21:08:52] ds_weather_v2_notehist cases_011  steps  21- 29: 23.9s  total: 65.5s  (30/100)
[2026-05-06 21:09:15] ds_weather_v2_notehist cases_011  steps  31- 39: 23.5s  total: 89.0s  (40/100)
[2026-05-06 21:09:40] ds_weather_v2_notehist cases_011  steps  41- 49: 24.4s  total: 113.4s  (50/100)
[2026-05-06 21:10:01] ds_online_v2_notehist cases_002  steps  21- 29: 119.8s  total: 235.7s  (30/100)
[2026-05-06 21:10:04] ds_weather_v2_notehist cases_011  steps  51- 59: 24.2s  total: 137.6s  (60/100)
[2026-05-06 21:10:30] ds_weather_v2_notehist cases_011  steps  61- 69: 26.2s  total: 163.8s  (70/100)
[2026-05-06 21:10:57] ds_weather_v2_notehist cases_011  steps  71- 79: 27.1s  total: 190.9s  (80/100)
[2026-05-06 21:11:24] ds_weather_v2_notehist cases_011  steps  81- 89: 27.2s  total: 218.1s  (90/100)
[2026-05-06 21:11:52] ds_weather_v2_notehist cases_011  steps  91- 99: 28.0s  total: 246.0s  (100/100)
[2026-05-06 21:11:53] DONE ds_weather_v2_notehist cases_011  total: 246.0s  (2.46s/step)
[2026-05-06 21:11:53]   tokens: 1,976,824 in + 3,600 out  cost: $0.5377
[2026-05-06 21:11:53] START ds_weather_v2_notehist cases_012 (100 steps, note-with-history)
[2026-05-06 21:12:16] ds_weather_v2_notehist cases_012  steps   1-  9: 23.1s  total: 23.1s  (10/100)
[2026-05-06 21:12:42] ds_weather_v2_notehist cases_012  steps  11- 19: 26.3s  total: 49.4s  (20/100)
[2026-05-06 21:12:46] ds_online_v2_notehist cases_002  steps  31- 39: 164.7s  total: 400.4s  (40/100)
[2026-05-06 21:13:11] ds_weather_v2_notehist cases_012  steps  21- 29: 29.3s  total: 78.7s  (30/100)
[2026-05-06 21:13:44] ds_weather_v2_notehist cases_012  steps  31- 39: 32.4s  total: 111.1s  (40/100)
[2026-05-06 21:14:20] ds_weather_v2_notehist cases_012  steps  41- 49: 36.3s  total: 147.4s  (50/100)
[2026-05-06 21:15:00] ds_weather_v2_notehist cases_012  steps  51- 59: 40.2s  total: 187.6s  (60/100)
[2026-05-06 21:15:45] ds_weather_v2_notehist cases_012  steps  61- 69: 44.3s  total: 232.0s  (70/100)
[2026-05-06 21:16:18] ds_online_v2_notehist cases_002  steps  41- 49: 212.8s  total: 613.1s  (50/100)
[2026-05-06 21:16:31] ds_weather_v2_notehist cases_012  steps  71- 79: 46.8s  total: 278.7s  (80/100)
[2026-05-06 21:17:19] ds_weather_v2_notehist cases_012  steps  81- 89: 48.0s  total: 326.8s  (90/100)
[2026-05-06 21:18:12] ds_weather_v2_notehist cases_012  steps  91- 99: 52.3s  total: 379.0s  (100/100)
[2026-05-06 21:18:12] DONE ds_weather_v2_notehist cases_012  total: 379.0s  (3.79s/step)
[2026-05-06 21:18:12]   tokens: 3,866,496 in + 12,931 out  cost: $1.0582
[2026-05-06 21:18:12] START ds_weather_v2_notehist cases_013 (100 steps, note-with-history)
[2026-05-06 21:18:33] ds_weather_v2_notehist cases_013  steps   1-  9: 20.8s  total: 20.8s  (10/100)
[2026-05-06 21:18:54] ds_weather_v2_notehist cases_013  steps  11- 19: 21.4s  total: 42.2s  (20/100)
[2026-05-06 21:19:18] ds_weather_v2_notehist cases_013  steps  21- 29: 24.0s  total: 66.2s  (30/100)
[2026-05-06 21:19:43] ds_weather_v2_notehist cases_013  steps  31- 39: 25.0s  total: 91.1s  (40/100)
[2026-05-06 21:20:08] ds_weather_v2_notehist cases_013  steps  41- 49: 24.6s  total: 115.7s  (50/100)
[2026-05-06 21:20:30] ds_online_v2_notehist cases_002  steps  51- 59: 251.9s  total: 865.0s  (60/100)
[2026-05-06 21:20:34] ds_weather_v2_notehist cases_013  steps  51- 59: 26.0s  total: 141.7s  (60/100)
[2026-05-06 21:21:01] ds_weather_v2_notehist cases_013  steps  61- 69: 27.2s  total: 168.9s  (70/100)
[2026-05-06 21:21:29] ds_weather_v2_notehist cases_013  steps  71- 79: 27.5s  total: 196.4s  (80/100)
[2026-05-06 21:21:56] ds_weather_v2_notehist cases_013  steps  81- 89: 27.7s  total: 224.1s  (90/100)
[2026-05-06 21:22:24] ds_weather_v2_notehist cases_013  steps  91- 99: 27.5s  total: 251.5s  (100/100)
[2026-05-06 21:22:24] DONE ds_weather_v2_notehist cases_013  total: 251.5s  (2.52s/step)
[2026-05-06 21:22:24]   tokens: 2,095,228 in + 4,000 out  cost: $0.5701
[2026-05-06 21:22:24] START ds_weather_v2_notehist cases_014 (100 steps, note-with-history)
[2026-05-06 21:22:45] ds_weather_v2_notehist cases_014  steps   1-  9: 20.7s  total: 20.7s  (10/100)
[2026-05-06 21:23:06] ds_weather_v2_notehist cases_014  steps  11- 19: 21.0s  total: 41.6s  (20/100)
[2026-05-06 21:23:30] ds_weather_v2_notehist cases_014  steps  21- 29: 24.1s  total: 65.7s  (30/100)
[2026-05-06 21:23:54] ds_weather_v2_notehist cases_014  steps  31- 39: 23.6s  total: 89.4s  (40/100)
[2026-05-06 21:24:17] ds_weather_v2_notehist cases_014  steps  41- 49: 23.8s  total: 113.2s  (50/100)
[2026-05-06 21:24:41] ds_weather_v2_notehist cases_014  steps  51- 59: 23.7s  total: 136.8s  (60/100)
[2026-05-06 21:25:07] ds_weather_v2_notehist cases_014  steps  61- 69: 25.6s  total: 162.5s  (70/100)
[2026-05-06 21:25:27] ds_online_v2_notehist cases_002  steps  61- 69: 297.1s  total: 1162.1s  (70/100)
[2026-05-06 21:25:35] ds_weather_v2_notehist cases_014  steps  71- 79: 28.5s  total: 190.9s  (80/100)
[2026-05-06 21:26:04] ds_weather_v2_notehist cases_014  steps  81- 89: 28.5s  total: 219.5s  (90/100)
[2026-05-06 21:26:32] ds_weather_v2_notehist cases_014  steps  91- 99: 27.9s  total: 247.4s  (100/100)
[2026-05-06 21:26:32] DONE ds_weather_v2_notehist cases_014  total: 247.4s  (2.47s/step)
[2026-05-06 21:26:32]   tokens: 1,976,824 in + 3,600 out  cost: $0.5377
[2026-05-06 21:26:32] START ds_weather_v2_notehist cases_015 (100 steps, note-with-history)
[2026-05-06 21:26:53] ds_weather_v2_notehist cases_015  steps   1-  9: 20.7s  total: 20.7s  (10/100)
[2026-05-06 21:27:14] ds_weather_v2_notehist cases_015  steps  11- 19: 21.5s  total: 42.2s  (20/100)
[2026-05-06 21:27:37] ds_weather_v2_notehist cases_015  steps  21- 29: 23.1s  total: 65.3s  (30/100)
[2026-05-06 21:28:01] ds_weather_v2_notehist cases_015  steps  31- 39: 24.0s  total: 89.3s  (40/100)
[2026-05-06 21:28:25] ds_weather_v2_notehist cases_015  steps  41- 49: 23.8s  total: 113.1s  (50/100)
[2026-05-06 21:28:50] ds_weather_v2_notehist cases_015  steps  51- 59: 24.8s  total: 137.9s  (60/100)
[2026-05-06 21:29:15] ds_weather_v2_notehist cases_015  steps  61- 69: 25.4s  total: 163.3s  (70/100)
[2026-05-06 21:29:43] ds_weather_v2_notehist cases_015  steps  71- 79: 27.2s  total: 190.5s  (80/100)
[2026-05-06 21:30:11] ds_weather_v2_notehist cases_015  steps  81- 89: 28.4s  total: 218.9s  (90/100)
[2026-05-06 21:30:39] ds_weather_v2_notehist cases_015  steps  91- 99: 28.0s  total: 247.0s  (100/100)
[2026-05-06 21:30:39] DONE ds_weather_v2_notehist cases_015  total: 247.0s  (2.47s/step)
[2026-05-06 21:30:39]   tokens: 1,976,824 in + 3,600 out  cost: $0.5377
[2026-05-06 21:30:40] START ds_weather_v2_notehist cases_016 (100 steps, note-with-history)
[2026-05-06 21:31:01] ds_weather_v2_notehist cases_016  steps   1-  9: 21.7s  total: 21.7s  (10/100)
[2026-05-06 21:31:24] ds_weather_v2_notehist cases_016  steps  11- 19: 22.5s  total: 44.2s  (20/100)
[2026-05-06 21:31:24] ds_online_v2_notehist cases_002  steps  71- 79: 356.9s  total: 1519.0s  (80/100)
[2026-05-06 21:31:48] ds_weather_v2_notehist cases_016  steps  21- 29: 24.2s  total: 68.4s  (30/100)
[2026-05-06 21:32:12] ds_weather_v2_notehist cases_016  steps  31- 39: 24.5s  total: 92.9s  (40/100)
[2026-05-06 21:32:37] ds_weather_v2_notehist cases_016  steps  41- 49: 24.7s  total: 117.6s  (50/100)
[2026-05-06 21:33:01] ds_weather_v2_notehist cases_016  steps  51- 59: 23.8s  total: 141.3s  (60/100)
[2026-05-06 21:33:26] ds_weather_v2_notehist cases_016  steps  61- 69: 25.5s  total: 166.9s  (70/100)
[2026-05-06 21:33:54] ds_weather_v2_notehist cases_016  steps  71- 79: 27.5s  total: 194.3s  (80/100)
[2026-05-06 21:34:21] ds_weather_v2_notehist cases_016  steps  81- 89: 27.0s  total: 221.3s  (90/100)
[2026-05-06 21:34:49] ds_weather_v2_notehist cases_016  steps  91- 99: 28.0s  total: 249.3s  (100/100)
[2026-05-06 21:34:49] DONE ds_weather_v2_notehist cases_016  total: 249.3s  (2.49s/step)
[2026-05-06 21:34:49]   tokens: 1,976,824 in + 3,600 out  cost: $0.5377
[2026-05-06 21:34:49] START ds_weather_v2_notehist cases_017 (100 steps, note-with-history)
[2026-05-06 21:35:11] ds_weather_v2_notehist cases_017  steps   1-  9: 22.0s  total: 22.0s  (10/100)
[2026-05-06 21:35:42] ds_weather_v2_notehist cases_017  steps  11- 19: 30.4s  total: 52.5s  (20/100)
[2026-05-06 21:36:20] ds_weather_v2_notehist cases_017  steps  21- 29: 38.1s  total: 90.5s  (30/100)
[2026-05-06 21:37:04] ds_weather_v2_notehist cases_017  steps  31- 39: 44.2s  total: 134.7s  (40/100)
[2026-05-06 21:37:57] ds_weather_v2_notehist cases_017  steps  41- 49: 53.1s  total: 187.9s  (50/100)
[2026-05-06 21:37:58] ds_online_v2_notehist cases_002  steps  81- 89: 394.2s  total: 1913.2s  (90/100)
[2026-05-06 21:38:56] ds_weather_v2_notehist cases_017  steps  51- 59: 58.9s  total: 246.8s  (60/100)
[2026-05-06 21:40:02] ds_weather_v2_notehist cases_017  steps  61- 69: 65.5s  total: 312.3s  (70/100)
[2026-05-06 21:41:16] ds_weather_v2_notehist cases_017  steps  71- 79: 74.5s  total: 386.8s  (80/100)
[2026-05-06 21:42:35] ds_weather_v2_notehist cases_017  steps  81- 89: 78.3s  total: 465.2s  (90/100)
[2026-05-06 21:44:00] ds_weather_v2_notehist cases_017  steps  91- 99: 85.8s  total: 551.0s  (100/100)
[2026-05-06 21:44:01] DONE ds_weather_v2_notehist cases_017  total: 551.0s  (5.51s/step)
[2026-05-06 21:44:01]   tokens: 6,165,463 in + 25,243 out  cost: $1.6924
[2026-05-06 21:44:01] START ds_weather_v2_notehist cases_018 (100 steps, note-with-history)
[2026-05-06 21:44:23] ds_weather_v2_notehist cases_018  steps   1-  9: 21.8s  total: 21.8s  (10/100)
[2026-05-06 21:44:46] ds_weather_v2_notehist cases_018  steps  11- 19: 22.5s  total: 44.2s  (20/100)
[2026-05-06 21:44:59] ds_online_v2_notehist cases_002  steps  91- 99: 420.2s  total: 2333.4s  (100/100)
[2026-05-06 21:44:59] DONE ds_online_v2_notehist cases_002  total: 2333.4s  (23.33s/step)
[2026-05-06 21:44:59]   tokens: 30,044,348 in + 147,958 out  cost: $8.2747
[2026-05-06 21:44:59] START ds_online_v2_notehist cases_003 (100 steps, note-with-history)
[2026-05-06 21:45:10] ds_weather_v2_notehist cases_018  steps  21- 29: 24.6s  total: 68.9s  (30/100)
[2026-05-06 21:45:31] ds_online_v2_notehist cases_003  steps   1-  9: 32.0s  total: 32.0s  (10/100)
[2026-05-06 21:45:35] ds_weather_v2_notehist cases_018  steps  31- 39: 24.8s  total: 93.6s  (40/100)
[2026-05-06 21:46:00] ds_weather_v2_notehist cases_018  steps  41- 49: 25.4s  total: 119.0s  (50/100)
[2026-05-06 21:46:27] ds_weather_v2_notehist cases_018  steps  51- 59: 26.6s  total: 145.6s  (60/100)
[2026-05-06 21:46:32] ds_online_v2_notehist cases_003  steps  11- 19: 60.7s  total: 92.7s  (20/100)
[2026-05-06 21:46:55] ds_weather_v2_notehist cases_018  steps  61- 69: 28.1s  total: 173.7s  (70/100)
[2026-05-06 21:47:23] ds_weather_v2_notehist cases_018  steps  71- 79: 28.3s  total: 202.0s  (80/100)
[2026-05-06 21:47:54] ds_weather_v2_notehist cases_018  steps  81- 89: 31.0s  total: 232.9s  (90/100)
[2026-05-06 21:48:02] ds_online_v2_notehist cases_003  steps  21- 29: 90.3s  total: 183.0s  (30/100)
[2026-05-06 21:48:24] ds_weather_v2_notehist cases_018  steps  91- 99: 29.3s  total: 262.2s  (100/100)
[2026-05-06 21:48:24] DONE ds_weather_v2_notehist cases_018  total: 262.2s  (2.62s/step)
[2026-05-06 21:48:24]   tokens: 2,272,354 in + 4,680 out  cost: $0.6187
[2026-05-06 21:48:24] START ds_weather_v2_notehist cases_019 (100 steps, note-with-history)
[2026-05-06 21:48:45] ds_weather_v2_notehist cases_019  steps   1-  9: 20.7s  total: 20.7s  (10/100)
[2026-05-06 21:49:06] ds_weather_v2_notehist cases_019  steps  11- 19: 21.2s  total: 41.9s  (20/100)
[2026-05-06 21:49:29] ds_weather_v2_notehist cases_019  steps  21- 29: 23.0s  total: 64.9s  (30/100)
[2026-05-06 21:49:54] ds_weather_v2_notehist cases_019  steps  31- 39: 24.7s  total: 89.6s  (40/100)
[2026-05-06 21:50:00] ds_online_v2_notehist cases_003  steps  31- 39: 118.3s  total: 301.3s  (40/100)
[2026-05-06 21:50:20] ds_weather_v2_notehist cases_019  steps  41- 49: 25.9s  total: 115.5s  (50/100)
[2026-05-06 21:50:43] ds_weather_v2_notehist cases_019  steps  51- 59: 23.8s  total: 139.3s  (60/100)
[2026-05-06 21:51:09] ds_weather_v2_notehist cases_019  steps  61- 69: 25.5s  total: 164.9s  (70/100)
[2026-05-06 21:51:37] ds_weather_v2_notehist cases_019  steps  71- 79: 27.7s  total: 192.5s  (80/100)
[2026-05-06 21:52:05] ds_weather_v2_notehist cases_019  steps  81- 89: 27.9s  total: 220.4s  (90/100)
[2026-05-06 21:52:32] ds_weather_v2_notehist cases_019  steps  91- 99: 27.3s  total: 247.7s  (100/100)
[2026-05-06 21:52:32] DONE ds_weather_v2_notehist cases_019  total: 247.7s  (2.48s/step)
[2026-05-06 21:52:32]   tokens: 1,967,336 in + 3,584 out  cost: $0.5351
[2026-05-06 21:52:32] START ds_weather_v2_notehist cases_020 (100 steps, note-with-history)
[2026-05-06 21:52:34] ds_online_v2_notehist cases_003  steps  41- 49: 154.0s  total: 455.3s  (50/100)
[2026-05-06 21:52:53] ds_weather_v2_notehist cases_020  steps   1-  9: 20.4s  total: 20.4s  (10/100)
[2026-05-06 21:53:14] ds_weather_v2_notehist cases_020  steps  11- 19: 21.6s  total: 41.9s  (20/100)
[2026-05-06 21:53:37] ds_weather_v2_notehist cases_020  steps  21- 29: 22.4s  total: 64.4s  (30/100)
[2026-05-06 21:54:00] ds_weather_v2_notehist cases_020  steps  31- 39: 23.5s  total: 87.9s  (40/100)
[2026-05-06 21:54:24] ds_weather_v2_notehist cases_020  steps  41- 49: 24.1s  total: 112.0s  (50/100)
[2026-05-06 21:54:49] ds_weather_v2_notehist cases_020  steps  51- 59: 25.1s  total: 137.1s  (60/100)
[2026-05-06 21:55:15] ds_weather_v2_notehist cases_020  steps  61- 69: 25.2s  total: 162.3s  (70/100)
[2026-05-06 21:55:37] ds_online_v2_notehist cases_003  steps  51- 59: 182.7s  total: 638.0s  (60/100)
[2026-05-06 21:55:43] ds_weather_v2_notehist cases_020  steps  71- 79: 28.8s  total: 191.1s  (80/100)
[2026-05-06 21:56:11] ds_weather_v2_notehist cases_020  steps  81- 89: 27.2s  total: 218.3s  (90/100)
[2026-05-06 21:56:38] ds_weather_v2_notehist cases_020  steps  91- 99: 26.8s  total: 245.2s  (100/100)
[2026-05-06 21:56:38] DONE ds_weather_v2_notehist cases_020  total: 245.2s  (2.45s/step)
[2026-05-06 21:56:38]   tokens: 2,008,204 in + 3,703 out  cost: $0.5463
[2026-05-06 21:56:39] START ds_weather_v2_notehist cases_021 (100 steps, note-with-history)
[2026-05-06 21:56:59] ds_weather_v2_notehist cases_021  steps   1-  9: 20.8s  total: 20.8s  (10/100)
[2026-05-06 21:57:20] ds_weather_v2_notehist cases_021  steps  11- 19: 20.7s  total: 41.5s  (20/100)
[2026-05-06 21:57:44] ds_weather_v2_notehist cases_021  steps  21- 29: 23.5s  total: 65.0s  (30/100)
[2026-05-06 21:58:07] ds_weather_v2_notehist cases_021  steps  31- 39: 23.1s  total: 88.1s  (40/100)
[2026-05-06 21:58:30] ds_weather_v2_notehist cases_021  steps  41- 49: 23.5s  total: 111.6s  (50/100)
[2026-05-06 21:58:54] ds_weather_v2_notehist cases_021  steps  51- 59: 24.1s  total: 135.7s  (60/100)
[2026-05-06 21:59:09] ds_online_v2_notehist cases_003  steps  61- 69: 212.2s  total: 850.2s  (70/100)
[2026-05-06 21:59:19] ds_weather_v2_notehist cases_021  steps  61- 69: 25.0s  total: 160.7s  (70/100)
[2026-05-06 21:59:46] ds_weather_v2_notehist cases_021  steps  71- 79: 27.0s  total: 187.7s  (80/100)
[2026-05-06 22:00:15] ds_weather_v2_notehist cases_021  steps  81- 89: 29.1s  total: 216.8s  (90/100)
[2026-05-06 22:00:45] ds_weather_v2_notehist cases_021  steps  91- 99: 29.4s  total: 246.2s  (100/100)
[2026-05-06 22:00:45] DONE ds_weather_v2_notehist cases_021  total: 246.2s  (2.46s/step)
[2026-05-06 22:00:45]   tokens: 1,976,824 in + 3,600 out  cost: $0.5377
[2026-05-06 22:00:45] START ds_weather_v2_notehist cases_022 (100 steps, note-with-history)
[2026-05-06 22:01:08] ds_weather_v2_notehist cases_022  steps   1-  9: 22.7s  total: 22.7s  (10/100)
[2026-05-06 22:01:29] ds_weather_v2_notehist cases_022  steps  11- 19: 21.3s  total: 44.0s  (20/100)
[2026-05-06 22:01:53] ds_weather_v2_notehist cases_022  steps  21- 29: 24.1s  total: 68.1s  (30/100)
[2026-05-06 22:02:18] ds_weather_v2_notehist cases_022  steps  31- 39: 24.9s  total: 93.0s  (40/100)
[2026-05-06 22:02:43] ds_weather_v2_notehist cases_022  steps  41- 49: 25.0s  total: 118.0s  (50/100)
[2026-05-06 22:03:08] ds_weather_v2_notehist cases_022  steps  51- 59: 25.0s  total: 143.0s  (60/100)
[2026-05-06 22:03:27] ds_online_v2_notehist cases_003  steps  71- 79: 257.3s  total: 1107.5s  (80/100)
[2026-05-06 22:03:34] ds_weather_v2_notehist cases_022  steps  61- 69: 25.9s  total: 168.9s  (70/100)
[2026-05-06 22:04:03] ds_weather_v2_notehist cases_022  steps  71- 79: 28.3s  total: 197.3s  (80/100)
[2026-05-06 22:04:31] ds_weather_v2_notehist cases_022  steps  81- 89: 28.1s  total: 225.4s  (90/100)
[2026-05-06 22:04:58] ds_weather_v2_notehist cases_022  steps  91- 99: 27.3s  total: 252.7s  (100/100)
[2026-05-06 22:04:58] DONE ds_weather_v2_notehist cases_022  total: 252.7s  (2.53s/step)
[2026-05-06 22:04:58]   tokens: 1,976,824 in + 3,600 out  cost: $0.5377
[2026-05-06 22:04:58] START ds_weather_v2_notehist cases_023 (100 steps, note-with-history)
[2026-05-06 22:05:19] ds_weather_v2_notehist cases_023  steps   1-  9: 20.7s  total: 20.7s  (10/100)
[2026-05-06 22:05:41] ds_weather_v2_notehist cases_023  steps  11- 19: 22.2s  total: 42.9s  (20/100)
[2026-05-06 22:06:05] ds_weather_v2_notehist cases_023  steps  21- 29: 23.9s  total: 66.9s  (30/100)
[2026-05-06 22:06:29] ds_weather_v2_notehist cases_023  steps  31- 39: 23.4s  total: 90.2s  (40/100)
[2026-05-06 22:06:54] ds_weather_v2_notehist cases_023  steps  41- 49: 25.0s  total: 115.2s  (50/100)
[2026-05-06 22:07:20] ds_weather_v2_notehist cases_023  steps  51- 59: 26.1s  total: 141.3s  (60/100)
[2026-05-06 22:07:49] ds_weather_v2_notehist cases_023  steps  61- 69: 29.2s  total: 170.6s  (70/100)
[2026-05-06 22:08:15] ds_online_v2_notehist cases_003  steps  81- 89: 288.4s  total: 1396.0s  (90/100)
[2026-05-06 22:08:16] ds_weather_v2_notehist cases_023  steps  71- 79: 27.2s  total: 197.8s  (80/100)
[2026-05-06 22:08:45] ds_weather_v2_notehist cases_023  steps  81- 89: 28.3s  total: 226.0s  (90/100)
[2026-05-06 22:09:13] ds_weather_v2_notehist cases_023  steps  91- 99: 29.0s  total: 255.0s  (100/100)
[2026-05-06 22:09:14] DONE ds_weather_v2_notehist cases_023  total: 255.0s  (2.55s/step)
[2026-05-06 22:09:14]   tokens: 1,967,336 in + 3,584 out  cost: $0.5351
[2026-05-06 22:09:14] START ds_weather_v2_notehist cases_024 (100 steps, note-with-history)
[2026-05-06 22:09:35] ds_weather_v2_notehist cases_024  steps   1-  9: 21.2s  total: 21.2s  (10/100)
[2026-05-06 22:09:56] ds_weather_v2_notehist cases_024  steps  11- 19: 21.0s  total: 42.2s  (20/100)
[2026-05-06 22:10:20] ds_weather_v2_notehist cases_024  steps  21- 29: 23.9s  total: 66.1s  (30/100)
[2026-05-06 22:10:44] ds_weather_v2_notehist cases_024  steps  31- 39: 23.3s  total: 89.4s  (40/100)
[2026-05-06 22:11:07] ds_weather_v2_notehist cases_024  steps  41- 49: 23.5s  total: 112.9s  (50/100)
[2026-05-06 22:11:33] ds_weather_v2_notehist cases_024  steps  51- 59: 26.2s  total: 139.2s  (60/100)
[2026-05-06 22:12:00] ds_weather_v2_notehist cases_024  steps  61- 69: 26.1s  total: 165.3s  (70/100)
[2026-05-06 22:12:28] ds_weather_v2_notehist cases_024  steps  71- 79: 28.3s  total: 193.5s  (80/100)
[2026-05-06 22:12:58] ds_weather_v2_notehist cases_024  steps  81- 89: 29.9s  total: 223.4s  (90/100)
[2026-05-06 22:13:26] ds_weather_v2_notehist cases_024  steps  91- 99: 28.7s  total: 252.1s  (100/100)
[2026-05-06 22:13:27] DONE ds_weather_v2_notehist cases_024  total: 252.1s  (2.52s/step)
[2026-05-06 22:13:27]   tokens: 1,980,555 in + 3,656 out  cost: $0.5388
[2026-05-06 22:13:28] START ds_weather_v2_notehist cases_025 (100 steps, note-with-history)
[2026-05-06 22:13:30] ds_online_v2_notehist cases_003  steps  91- 99: 314.8s  total: 1710.8s  (100/100)
[2026-05-06 22:13:31] DONE ds_online_v2_notehist cases_003  total: 1710.8s  (17.11s/step)
[2026-05-06 22:13:31]   tokens: 22,071,542 in + 108,054 out  cost: $6.0782
[2026-05-06 22:13:31] START ds_online_v2_notehist cases_004 (100 steps, note-with-history)
[2026-05-06 22:13:48] ds_weather_v2_notehist cases_025  steps   1-  9: 20.7s  total: 20.7s  (10/100)
[2026-05-06 22:13:57] ds_online_v2_notehist cases_004  steps   1-  9: 25.9s  total: 25.9s  (10/100)
[2026-05-06 22:14:10] ds_weather_v2_notehist cases_025  steps  11- 19: 21.2s  total: 41.9s  (20/100)
[2026-05-06 22:14:32] ds_online_v2_notehist cases_004  steps  11- 19: 34.9s  total: 60.8s  (20/100)
[2026-05-06 22:14:33] ds_weather_v2_notehist cases_025  steps  21- 29: 23.5s  total: 65.4s  (30/100)
[2026-05-06 22:17:35] START ds_weather_v2_notehist cases_025 (100 steps, note-with-history)
[2026-05-06 22:17:35] START ds_online_v2_notehist cases_004 (100 steps, note-with-history)
[2026-05-06 22:17:56] ds_weather_v2_notehist cases_025  steps   1-  9: 21.3s  total: 21.3s  (10/100)
[2026-05-06 22:18:05] ds_online_v2_notehist cases_004  steps   1-  9: 30.2s  total: 30.2s  (10/100)
[2026-05-06 22:18:21] ds_weather_v2_notehist cases_025  steps  11- 19: 24.6s  total: 45.9s  (20/100)
[2026-05-06 22:18:45] ds_weather_v2_notehist cases_025  steps  21- 29: 24.2s  total: 70.1s  (30/100)
[2026-05-06 22:18:51] ds_online_v2_notehist cases_004  steps  11- 19: 45.7s  total: 75.9s  (20/100)
[2026-05-06 22:19:10] ds_weather_v2_notehist cases_025  steps  31- 39: 24.8s  total: 94.9s  (40/100)
[2026-05-06 22:19:35] ds_weather_v2_notehist cases_025  steps  41- 49: 25.1s  total: 120.1s  (50/100)
[2026-05-06 22:19:48] ds_online_v2_notehist cases_004  steps  21- 29: 57.3s  total: 133.1s  (30/100)
[2026-05-06 22:20:02] ds_weather_v2_notehist cases_025  steps  51- 59: 27.2s  total: 147.2s  (60/100)
[2026-05-06 22:20:31] ds_weather_v2_notehist cases_025  steps  61- 69: 29.1s  total: 176.3s  (70/100)
[2026-05-06 22:20:52] ds_online_v2_notehist cases_004  steps  31- 39: 64.0s  total: 197.1s  (40/100)
[2026-05-06 22:21:00] ds_weather_v2_notehist cases_025  steps  71- 79: 28.9s  total: 205.2s  (80/100)
[2026-05-06 22:21:29] ds_weather_v2_notehist cases_025  steps  81- 89: 28.5s  total: 233.8s  (90/100)
[2026-05-06 22:21:58] ds_weather_v2_notehist cases_025  steps  91- 99: 29.4s  total: 263.2s  (100/100)
[2026-05-06 22:21:59] DONE ds_weather_v2_notehist cases_025  total: 263.2s  (2.63s/step)
[2026-05-06 22:21:59]   tokens: 2,095,228 in + 4,000 out  cost: $0.5701
[2026-05-06 22:21:59] START ds_weather_v2_notehist cases_026 (100 steps, note-with-history)
[2026-05-06 22:22:01] ds_online_v2_notehist cases_004  steps  41- 49: 68.4s  total: 265.5s  (50/100)
[2026-05-06 22:22:23] ds_weather_v2_notehist cases_026  steps   1-  9: 23.7s  total: 23.7s  (10/100)
[2026-05-06 22:22:45] ds_weather_v2_notehist cases_026  steps  11- 19: 22.3s  total: 46.0s  (20/100)
[2026-05-06 22:23:09] ds_online_v2_notehist cases_004  steps  51- 59: 68.0s  total: 333.5s  (60/100)
[2026-05-06 22:23:10] ds_weather_v2_notehist cases_026  steps  21- 29: 24.8s  total: 70.7s  (30/100)
[2026-05-06 22:23:34] ds_weather_v2_notehist cases_026  steps  31- 39: 24.4s  total: 95.2s  (40/100)
[2026-05-06 22:23:59] ds_weather_v2_notehist cases_026  steps  41- 49: 24.6s  total: 119.8s  (50/100)
[2026-05-06 22:24:21] ds_online_v2_notehist cases_004  steps  61- 69: 72.6s  total: 406.1s  (70/100)
[2026-05-06 22:24:25] ds_weather_v2_notehist cases_026  steps  51- 59: 26.3s  total: 146.1s  (60/100)
[2026-05-06 22:24:53] ds_weather_v2_notehist cases_026  steps  61- 69: 27.6s  total: 173.7s  (70/100)
[2026-05-06 22:25:22] ds_weather_v2_notehist cases_026  steps  71- 79: 29.0s  total: 202.7s  (80/100)
[2026-05-06 22:25:34] ds_online_v2_notehist cases_004  steps  71- 79: 72.2s  total: 478.3s  (80/100)
[2026-05-06 22:25:49] ds_weather_v2_notehist cases_026  steps  81- 89: 27.5s  total: 230.3s  (90/100)
[2026-05-06 22:26:19] ds_weather_v2_notehist cases_026  steps  91- 99: 29.9s  total: 260.2s  (100/100)
[2026-05-06 22:26:20] DONE ds_weather_v2_notehist cases_026  total: 260.2s  (2.60s/step)
[2026-05-06 22:26:20]   tokens: 2,028,964 in + 3,788 out  cost: $0.5520
[2026-05-06 22:26:20] START ds_weather_v2_notehist cases_027 (100 steps, note-with-history)
[2026-05-06 22:26:42] ds_weather_v2_notehist cases_027  steps   1-  9: 22.7s  total: 22.7s  (10/100)
[2026-05-06 22:26:50] ds_online_v2_notehist cases_004  steps  81- 89: 76.1s  total: 554.4s  (90/100)
[2026-05-06 22:27:07] ds_weather_v2_notehist cases_027  steps  11- 19: 24.6s  total: 47.3s  (20/100)
[2026-05-06 22:27:33] ds_weather_v2_notehist cases_027  steps  21- 29: 25.7s  total: 73.0s  (30/100)
[2026-05-06 22:27:59] ds_weather_v2_notehist cases_027  steps  31- 39: 26.0s  total: 99.0s  (40/100)
[2026-05-06 22:28:11] ds_online_v2_notehist cases_004  steps  91- 99: 81.6s  total: 636.0s  (100/100)
[2026-05-06 22:28:12] DONE ds_online_v2_notehist cases_004  total: 636.0s  (6.36s/step)
[2026-05-06 22:28:12]   tokens: 8,399,431 in + 29,427 out  cost: $2.3002
[2026-05-06 22:28:12] START ds_online_v2_notehist cases_005 (100 steps, note-with-history)
[2026-05-06 22:28:25] ds_weather_v2_notehist cases_027  steps  41- 49: 25.9s  total: 124.8s  (50/100)
[2026-05-06 22:28:47] ds_online_v2_notehist cases_005  steps   1-  9: 35.2s  total: 35.2s  (10/100)
[2026-05-06 22:28:53] ds_weather_v2_notehist cases_027  steps  51- 59: 28.6s  total: 153.4s  (60/100)
[2026-05-06 22:29:21] ds_weather_v2_notehist cases_027  steps  61- 69: 28.2s  total: 181.7s  (70/100)
[2026-05-06 22:29:51] ds_weather_v2_notehist cases_027  steps  71- 79: 30.0s  total: 211.7s  (80/100)
[2026-05-06 22:29:58] ds_online_v2_notehist cases_005  steps  11- 19: 70.4s  total: 105.6s  (20/100)
[2026-05-06 22:30:21] ds_weather_v2_notehist cases_027  steps  81- 89: 29.6s  total: 241.3s  (90/100)
[2026-05-06 22:30:53] ds_weather_v2_notehist cases_027  steps  91- 99: 32.1s  total: 273.4s  (100/100)
[2026-05-06 22:30:54] DONE ds_weather_v2_notehist cases_027  total: 273.4s  (2.73s/step)
[2026-05-06 22:30:54]   tokens: 2,199,490 in + 4,376 out  cost: $0.5987
[2026-05-06 22:30:54] START ds_weather_v2_notehist cases_028 (100 steps, note-with-history)
[2026-05-06 22:31:16] ds_weather_v2_notehist cases_028  steps   1-  9: 22.2s  total: 22.2s  (10/100)
[2026-05-06 22:31:38] ds_weather_v2_notehist cases_028  steps  11- 19: 22.4s  total: 44.6s  (20/100)
[2026-05-06 22:31:50] ds_online_v2_notehist cases_005  steps  21- 29: 112.1s  total: 217.6s  (30/100)
[2026-05-06 22:32:03] ds_weather_v2_notehist cases_028  steps  21- 29: 24.7s  total: 69.3s  (30/100)
[2026-05-06 22:32:28] ds_weather_v2_notehist cases_028  steps  31- 39: 24.8s  total: 94.1s  (40/100)
[2026-05-06 22:32:53] ds_weather_v2_notehist cases_028  steps  41- 49: 25.1s  total: 119.2s  (50/100)
[2026-05-06 22:33:20] ds_weather_v2_notehist cases_028  steps  51- 59: 26.9s  total: 146.2s  (60/100)
[2026-05-06 22:33:48] ds_weather_v2_notehist cases_028  steps  61- 69: 27.6s  total: 173.8s  (70/100)
[2026-05-06 22:34:17] ds_weather_v2_notehist cases_028  steps  71- 79: 29.5s  total: 203.4s  (80/100)
[2026-05-06 22:34:22] ds_online_v2_notehist cases_005  steps  31- 39: 152.0s  total: 369.6s  (40/100)
[2026-05-06 22:34:46] ds_weather_v2_notehist cases_028  steps  81- 89: 28.5s  total: 231.9s  (90/100)
[2026-05-06 22:35:15] ds_weather_v2_notehist cases_028  steps  91- 99: 29.3s  total: 261.2s  (100/100)
[2026-05-06 22:35:15] DONE ds_weather_v2_notehist cases_028  total: 261.2s  (2.61s/step)
[2026-05-06 22:35:15]   tokens: 1,976,824 in + 3,600 out  cost: $0.5377
[2026-05-06 22:35:15] START ds_weather_v2_notehist cases_029 (100 steps, note-with-history)
[2026-05-06 22:35:36] ds_weather_v2_notehist cases_029  steps   1-  9: 20.5s  total: 20.5s  (10/100)
[2026-05-06 22:36:00] ds_weather_v2_notehist cases_029  steps  11- 19: 24.6s  total: 45.0s  (20/100)
[2026-05-06 22:36:25] ds_weather_v2_notehist cases_029  steps  21- 29: 24.6s  total: 69.6s  (30/100)
[2026-05-06 22:36:50] ds_weather_v2_notehist cases_029  steps  31- 39: 25.1s  total: 94.7s  (40/100)
[2026-05-06 22:37:16] ds_weather_v2_notehist cases_029  steps  41- 49: 25.6s  total: 120.3s  (50/100)
[2026-05-06 22:37:30] ds_online_v2_notehist cases_005  steps  41- 49: 187.9s  total: 557.5s  (50/100)
[2026-05-06 22:37:41] ds_weather_v2_notehist cases_029  steps  51- 59: 25.5s  total: 145.9s  (60/100)
[2026-05-06 22:38:09] ds_weather_v2_notehist cases_029  steps  61- 69: 27.2s  total: 173.1s  (70/100)
[2026-05-06 22:38:37] ds_weather_v2_notehist cases_029  steps  71- 79: 28.4s  total: 201.5s  (80/100)
[2026-05-06 22:39:06] ds_weather_v2_notehist cases_029  steps  81- 89: 29.3s  total: 230.8s  (90/100)
[2026-05-06 22:39:35] ds_weather_v2_notehist cases_029  steps  91- 99: 29.2s  total: 260.0s  (100/100)
[2026-05-06 22:39:36] DONE ds_weather_v2_notehist cases_029  total: 260.0s  (2.60s/step)
[2026-05-06 22:39:36]   tokens: 1,954,499 in + 3,645 out  cost: $0.5317
[2026-05-06 22:41:19] ds_online_v2_notehist cases_005  steps  51- 59: 229.6s  total: 787.1s  (60/100)
[2026-05-06 22:45:51] ds_online_v2_notehist cases_005  steps  61- 69: 271.6s  total: 1058.8s  (70/100)
[2026-05-06 22:50:54] ds_online_v2_notehist cases_005  steps  71- 79: 303.5s  total: 1362.2s  (80/100)
[2026-05-06 22:56:32] ds_online_v2_notehist cases_005  steps  81- 89: 337.5s  total: 1699.7s  (90/100)
[2026-05-06 23:02:25] ds_online_v2_notehist cases_005  steps  91- 99: 352.7s  total: 2052.4s  (100/100)
[2026-05-06 23:02:25] DONE ds_online_v2_notehist cases_005  total: 2052.4s  (20.52s/step)
[2026-05-06 23:02:25]   tokens: 24,554,941 in + 119,917 out  cost: $6.7617
[2026-05-06 23:02:25] START ds_online_v2_notehist cases_006 (100 steps, note-with-history)
[2026-05-06 23:02:49] ds_online_v2_notehist cases_006  steps   1-  9: 23.9s  total: 23.9s  (10/100)
[2026-05-06 23:03:15] ds_online_v2_notehist cases_006  steps  11- 19: 25.7s  total: 49.6s  (20/100)
[2026-05-06 23:03:43] ds_online_v2_notehist cases_006  steps  21- 29: 28.3s  total: 77.9s  (30/100)
[2026-05-06 23:04:10] ds_online_v2_notehist cases_006  steps  31- 39: 27.5s  total: 105.4s  (40/100)
[2026-05-06 23:04:38] ds_online_v2_notehist cases_006  steps  41- 49: 28.1s  total: 133.4s  (50/100)
[2026-05-06 23:05:07] ds_online_v2_notehist cases_006  steps  51- 59: 28.9s  total: 162.3s  (60/100)
[2026-05-06 23:05:37] ds_online_v2_notehist cases_006  steps  61- 69: 29.5s  total: 191.7s  (70/100)
[2026-05-06 23:06:09] ds_online_v2_notehist cases_006  steps  71- 79: 32.2s  total: 224.0s  (80/100)
[2026-05-06 23:06:40] ds_online_v2_notehist cases_006  steps  81- 89: 30.8s  total: 254.8s  (90/100)
[2026-05-06 23:07:12] ds_online_v2_notehist cases_006  steps  91- 99: 31.8s  total: 286.5s  (100/100)
[2026-05-06 23:07:13] DONE ds_online_v2_notehist cases_006  total: 286.5s  (2.87s/step)
[2026-05-06 23:07:13]   tokens: 2,440,077 in + 5,596 out  cost: $0.6650
[2026-05-06 23:07:13] START ds_online_v2_notehist cases_007 (100 steps, note-with-history)
[2026-05-06 23:07:35] ds_online_v2_notehist cases_007  steps   1-  9: 21.3s  total: 21.3s  (10/100)
[2026-05-06 23:07:57] ds_online_v2_notehist cases_007  steps  11- 19: 22.7s  total: 44.1s  (20/100)
[2026-05-06 23:08:21] ds_online_v2_notehist cases_007  steps  21- 29: 23.7s  total: 67.7s  (30/100)
[2026-05-06 23:08:45] ds_online_v2_notehist cases_007  steps  31- 39: 24.3s  total: 92.0s  (40/100)
[2026-05-06 23:09:11] ds_online_v2_notehist cases_007  steps  41- 49: 25.7s  total: 117.7s  (50/100)
[2026-05-06 23:09:37] ds_online_v2_notehist cases_007  steps  51- 59: 25.8s  total: 143.5s  (60/100)
[2026-05-06 23:10:03] ds_online_v2_notehist cases_007  steps  61- 69: 26.7s  total: 170.2s  (70/100)
[2026-05-06 23:10:33] ds_online_v2_notehist cases_007  steps  71- 79: 29.2s  total: 199.4s  (80/100)
[2026-05-06 23:11:01] ds_online_v2_notehist cases_007  steps  81- 89: 28.5s  total: 227.9s  (90/100)
[2026-05-06 23:11:31] ds_online_v2_notehist cases_007  steps  91- 99: 29.9s  total: 257.8s  (100/100)
[2026-05-06 23:11:31] DONE ds_online_v2_notehist cases_007  total: 257.8s  (2.58s/step)
[2026-05-06 23:11:31]   tokens: 1,992,762 in + 4,010 out  cost: $0.5425
[2026-05-06 23:11:31] START ds_online_v2_notehist cases_008 (100 steps, note-with-history)
[2026-05-06 23:12:04] ds_online_v2_notehist cases_008  steps   1-  9: 32.5s  total: 32.5s  (10/100)
[2026-05-06 23:13:02] ds_online_v2_notehist cases_008  steps  11- 19: 57.6s  total: 90.2s  (20/100)
[2026-05-06 23:14:25] ds_online_v2_notehist cases_008  steps  21- 29: 83.5s  total: 173.7s  (30/100)
[2026-05-06 23:16:14] ds_online_v2_notehist cases_008  steps  31- 39: 109.3s  total: 283.0s  (40/100)
[2026-05-06 23:18:33] ds_online_v2_notehist cases_008  steps  41- 49: 138.7s  total: 421.6s  (50/100)
[2026-05-06 23:21:23] ds_online_v2_notehist cases_008  steps  51- 59: 169.8s  total: 591.5s  (60/100)
[2026-05-06 23:24:35] ds_online_v2_notehist cases_008  steps  61- 69: 192.1s  total: 783.5s  (70/100)
[2026-05-06 23:28:15] ds_online_v2_notehist cases_008  steps  71- 79: 220.0s  total: 1003.5s  (80/100)
[2026-05-06 23:32:20] ds_online_v2_notehist cases_008  steps  81- 89: 245.2s  total: 1248.7s  (90/100)
[2026-05-06 23:36:55] ds_online_v2_notehist cases_008  steps  91- 99: 275.1s  total: 1523.8s  (100/100)
[2026-05-06 23:36:56] DONE ds_online_v2_notehist cases_008  total: 1523.8s  (15.24s/step)
[2026-05-06 23:36:56]   tokens: 19,316,198 in + 93,380 out  cost: $5.3181
[2026-05-06 23:36:56] START ds_online_v2_notehist cases_009 (100 steps, note-with-history)
[2026-05-06 23:37:20] ds_online_v2_notehist cases_009  steps   1-  9: 23.8s  total: 23.8s  (10/100)
[2026-05-06 23:37:43] ds_online_v2_notehist cases_009  steps  11- 19: 23.5s  total: 47.4s  (20/100)
[2026-05-06 23:38:08] ds_online_v2_notehist cases_009  steps  21- 29: 24.6s  total: 72.0s  (30/100)
[2026-05-06 23:38:34] ds_online_v2_notehist cases_009  steps  31- 39: 26.0s  total: 98.0s  (40/100)
[2026-05-06 23:39:00] ds_online_v2_notehist cases_009  steps  41- 49: 26.0s  total: 124.0s  (50/100)
[2026-05-06 23:39:28] ds_online_v2_notehist cases_009  steps  51- 59: 27.8s  total: 151.9s  (60/100)
[2026-05-06 23:39:57] ds_online_v2_notehist cases_009  steps  61- 69: 29.2s  total: 181.0s  (70/100)
[2026-05-06 23:40:26] ds_online_v2_notehist cases_009  steps  71- 79: 29.3s  total: 210.3s  (80/100)
[2026-05-06 23:40:57] ds_online_v2_notehist cases_009  steps  81- 89: 30.6s  total: 241.0s  (90/100)
[2026-05-06 23:41:26] ds_online_v2_notehist cases_009  steps  91- 99: 29.3s  total: 270.2s  (100/100)
[2026-05-06 23:41:26] DONE ds_online_v2_notehist cases_009  total: 270.2s  (2.70s/step)
[2026-05-06 23:41:26]   tokens: 2,327,086 in + 5,012 out  cost: $0.6338
[2026-05-06 23:41:26] START ds_online_v2_notehist cases_010 (100 steps, note-with-history)
[2026-05-06 23:41:59] ds_online_v2_notehist cases_010  steps   1-  9: 33.0s  total: 33.0s  (10/100)
[2026-05-06 23:43:03] ds_online_v2_notehist cases_010  steps  11- 19: 63.2s  total: 96.2s  (20/100)
[2026-05-06 23:44:38] ds_online_v2_notehist cases_010  steps  21- 29: 95.3s  total: 191.5s  (30/100)
[2026-05-06 23:46:43] ds_online_v2_notehist cases_010  steps  31- 39: 125.4s  total: 316.9s  (40/100)
[2026-05-06 23:49:22] ds_online_v2_notehist cases_010  steps  41- 49: 158.4s  total: 475.2s  (50/100)
[2026-05-06 23:52:32] ds_online_v2_notehist cases_010  steps  51- 59: 190.7s  total: 666.0s  (60/100)
[2026-05-06 23:56:05] ds_online_v2_notehist cases_010  steps  61- 69: 212.4s  total: 878.3s  (70/100)
[2026-05-07 00:00:15] ds_online_v2_notehist cases_010  steps  71- 79: 250.1s  total: 1128.4s  (80/100)
[2026-05-07 00:05:05] ds_online_v2_notehist cases_010  steps  81- 89: 290.2s  total: 1418.6s  (90/100)
[2026-05-07 00:10:09] ds_online_v2_notehist cases_010  steps  91- 99: 304.3s  total: 1722.8s  (100/100)
[2026-05-07 00:10:10] DONE ds_online_v2_notehist cases_010  total: 1722.8s  (17.23s/step)
[2026-05-07 00:10:10]   tokens: 22,657,490 in + 110,240 out  cost: $6.2388
[2026-05-07 00:10:10] START ds_online_v2_notehist cases_011 (100 steps, note-with-history)
[2026-05-07 00:10:43] ds_online_v2_notehist cases_011  steps   1-  9: 33.5s  total: 33.5s  (10/100)
[2026-05-07 00:11:44] ds_online_v2_notehist cases_011  steps  11- 19: 61.0s  total: 94.5s  (20/100)
[2026-05-07 00:12:48] START ds_online_v2_notehist cases_025 (100 steps, note-with-history)
[2026-05-07 00:12:48] START ds_online_v2_notehist cases_020 (100 steps, note-with-history)
[2026-05-07 00:13:13] ds_online_v2_notehist cases_025  steps   1-  9: 25.2s  total: 25.2s  (10/100)
[2026-05-07 00:13:15] ds_online_v2_notehist cases_011  steps  21- 29: 90.8s  total: 185.3s  (30/100)
[2026-05-07 00:13:19] ds_online_v2_notehist cases_020  steps   1-  9: 30.7s  total: 30.7s  (10/100)
[2026-05-07 00:13:43] ds_online_v2_notehist cases_025  steps  11- 19: 29.4s  total: 54.6s  (20/100)
[2026-05-07 00:14:09] ds_online_v2_notehist cases_020  steps  11- 19: 50.5s  total: 81.2s  (20/100)
[2026-05-07 00:14:17] ds_online_v2_notehist cases_025  steps  21- 29: 33.8s  total: 88.4s  (30/100)
[2026-05-07 00:14:54] ds_online_v2_notehist cases_025  steps  31- 39: 37.2s  total: 125.7s  (40/100)
[2026-05-07 00:15:13] ds_online_v2_notehist cases_011  steps  31- 39: 118.5s  total: 303.8s  (40/100)
[2026-05-07 00:15:19] ds_online_v2_notehist cases_020  steps  21- 29: 69.6s  total: 150.8s  (30/100)
[2026-05-07 00:15:36] ds_online_v2_notehist cases_025  steps  41- 49: 42.7s  total: 168.4s  (50/100)
[2026-05-07 00:16:21] ds_online_v2_notehist cases_025  steps  51- 59: 44.2s  total: 212.6s  (60/100)
[2026-05-07 00:16:51] ds_online_v2_notehist cases_020  steps  31- 39: 92.0s  total: 242.8s  (40/100)
[2026-05-07 00:17:10] ds_online_v2_notehist cases_025  steps  61- 69: 49.0s  total: 261.5s  (70/100)
[2026-05-07 00:17:41] ds_online_v2_notehist cases_011  steps  41- 49: 147.3s  total: 451.1s  (50/100)
[2026-05-07 00:18:03] ds_online_v2_notehist cases_025  steps  71- 79: 53.7s  total: 315.3s  (80/100)
[2026-05-07 00:18:47] ds_online_v2_notehist cases_020  steps  41- 49: 116.1s  total: 359.0s  (50/100)
[2026-05-07 00:19:03] ds_online_v2_notehist cases_025  steps  81- 89: 60.1s  total: 375.3s  (90/100)
[2026-05-07 00:20:09] ds_online_v2_notehist cases_025  steps  91- 99: 65.8s  total: 441.1s  (100/100)
[2026-05-07 00:20:10] DONE ds_online_v2_notehist cases_025  total: 441.1s  (4.41s/step)
[2026-05-07 00:20:10]   tokens: 5,016,177 in + 19,232 out  cost: $1.3755
[2026-05-07 00:20:10] START ds_online_v2_notehist cases_026 (100 steps, note-with-history)
[2026-05-07 00:20:30] ds_online_v2_notehist cases_026  steps   1-  9: 20.0s  total: 20.0s  (10/100)
[2026-05-07 00:20:38] ds_online_v2_notehist cases_011  steps  51- 59: 176.8s  total: 627.9s  (60/100)
[2026-05-07 00:20:50] ds_online_v2_notehist cases_026  steps  11- 19: 20.4s  total: 40.4s  (20/100)
[2026-05-07 00:21:04] ds_online_v2_notehist cases_020  steps  51- 59: 136.5s  total: 495.4s  (60/100)
[2026-05-07 00:21:13] ds_online_v2_notehist cases_026  steps  21- 29: 22.5s  total: 62.9s  (30/100)
[2026-05-07 00:21:35] ds_online_v2_notehist cases_026  steps  31- 39: 22.0s  total: 84.9s  (40/100)
[2026-05-07 00:21:58] ds_online_v2_notehist cases_026  steps  41- 49: 23.2s  total: 108.0s  (50/100)
[2026-05-07 00:22:21] ds_online_v2_notehist cases_026  steps  51- 59: 23.1s  total: 131.1s  (60/100)
[2026-05-07 00:22:45] ds_online_v2_notehist cases_026  steps  61- 69: 23.4s  total: 154.5s  (70/100)
[2026-05-07 00:23:10] ds_online_v2_notehist cases_026  steps  71- 79: 25.1s  total: 179.6s  (80/100)
[2026-05-07 00:23:35] ds_online_v2_notehist cases_026  steps  81- 89: 25.8s  total: 205.4s  (90/100)
[2026-05-07 00:23:45] ds_online_v2_notehist cases_020  steps  61- 69: 161.5s  total: 656.9s  (70/100)
[2026-05-07 00:24:01] ds_online_v2_notehist cases_026  steps  91- 99: 25.9s  total: 231.3s  (100/100)
[2026-05-07 00:24:02] DONE ds_online_v2_notehist cases_026  total: 231.3s  (2.31s/step)
[2026-05-07 00:24:02]   tokens: 1,811,190 in + 3,328 out  cost: $0.4927
[2026-05-07 00:24:02] START ds_online_v2_notehist cases_027 (100 steps, note-with-history)
[2026-05-07 00:24:03] ds_online_v2_notehist cases_011  steps  61- 69: 205.0s  total: 832.9s  (70/100)
[2026-05-07 00:24:34] ds_online_v2_notehist cases_027  steps   1-  9: 31.2s  total: 31.2s  (10/100)
[2026-05-07 00:25:35] ds_online_v2_notehist cases_027  steps  11- 19: 61.6s  total: 92.8s  (20/100)
[2026-05-07 00:26:46] ds_online_v2_notehist cases_020  steps  71- 79: 180.7s  total: 837.6s  (80/100)
[2026-05-07 00:27:04] ds_online_v2_notehist cases_027  steps  21- 29: 89.3s  total: 182.1s  (30/100)
[2026-05-07 00:27:59] ds_online_v2_notehist cases_011  steps  71- 79: 236.5s  total: 1069.4s  (80/100)
[2026-05-07 00:29:00] ds_online_v2_notehist cases_027  steps  31- 39: 115.9s  total: 297.9s  (40/100)
[2026-05-07 00:30:09] ds_online_v2_notehist cases_020  steps  81- 89: 203.3s  total: 1040.9s  (90/100)
[2026-05-07 00:31:28] ds_online_v2_notehist cases_027  steps  41- 49: 147.8s  total: 445.8s  (50/100)
[2026-05-07 00:32:33] ds_online_v2_notehist cases_011  steps  81- 89: 273.6s  total: 1343.0s  (90/100)
[2026-05-07 00:34:04] ds_online_v2_notehist cases_020  steps  91- 99: 234.9s  total: 1275.9s  (100/100)
[2026-05-07 00:34:05] DONE ds_online_v2_notehist cases_020  total: 1275.9s  (12.76s/step)
[2026-05-07 00:34:05]   tokens: 17,252,815 in + 82,322 out  cost: $4.7488
[2026-05-07 00:34:05] START ds_online_v2_notehist cases_021 (100 steps, note-with-history)
[2026-05-07 00:34:26] ds_online_v2_notehist cases_027  steps  51- 59: 177.7s  total: 623.5s  (60/100)
[2026-05-07 00:34:26] ds_online_v2_notehist cases_021  steps   1-  9: 21.3s  total: 21.3s  (10/100)
[2026-05-07 00:34:49] ds_online_v2_notehist cases_021  steps  11- 19: 22.9s  total: 44.2s  (20/100)
[2026-05-07 00:35:14] ds_online_v2_notehist cases_021  steps  21- 29: 24.5s  total: 68.7s  (30/100)
[2026-05-07 00:35:38] ds_online_v2_notehist cases_021  steps  31- 39: 24.6s  total: 93.3s  (40/100)
[2026-05-07 00:36:02] ds_online_v2_notehist cases_021  steps  41- 49: 24.4s  total: 117.6s  (50/100)
[2026-05-07 00:36:29] ds_online_v2_notehist cases_021  steps  51- 59: 26.1s  total: 143.7s  (60/100)
[2026-05-07 00:36:56] ds_online_v2_notehist cases_021  steps  61- 69: 27.4s  total: 171.1s  (70/100)
[2026-05-07 00:37:23] ds_online_v2_notehist cases_021  steps  71- 79: 27.3s  total: 198.4s  (80/100)
[2026-05-07 00:37:39] ds_online_v2_notehist cases_011  steps  91- 99: 306.7s  total: 1649.7s  (100/100)
[2026-05-07 00:37:40] DONE ds_online_v2_notehist cases_011  total: 1649.7s  (16.50s/step)
[2026-05-07 00:37:40]   tokens: 22,702,299 in + 110,210 out  cost: $6.2509
[2026-05-07 00:37:40] START ds_online_v2_notehist cases_012 (100 steps, note-with-history)
[2026-05-07 00:37:53] ds_online_v2_notehist cases_021  steps  81- 89: 29.5s  total: 227.9s  (90/100)
[2026-05-07 00:37:56] ds_online_v2_notehist cases_027  steps  61- 69: 210.7s  total: 834.2s  (70/100)
[2026-05-07 00:38:09] ds_online_v2_notehist cases_012  steps   1-  9: 29.1s  total: 29.1s  (10/100)
[2026-05-07 00:38:21] ds_online_v2_notehist cases_021  steps  91- 99: 28.4s  total: 256.4s  (100/100)
[2026-05-07 00:38:22] DONE ds_online_v2_notehist cases_021  total: 256.4s  (2.56s/step)
[2026-05-07 00:38:22]   tokens: 2,255,128 in + 4,850 out  cost: $0.6142
[2026-05-07 00:38:22] START ds_online_v2_notehist cases_022 (100 steps, note-with-history)
[2026-05-07 00:38:53] ds_online_v2_notehist cases_022  steps   1-  9: 31.3s  total: 31.3s  (10/100)
[2026-05-07 00:38:56] ds_online_v2_notehist cases_012  steps  11- 19: 47.4s  total: 76.6s  (20/100)
[2026-05-07 00:39:54] ds_online_v2_notehist cases_022  steps  11- 19: 60.9s  total: 92.2s  (20/100)
[2026-05-07 00:40:00] ds_online_v2_notehist cases_012  steps  21- 29: 64.0s  total: 140.6s  (30/100)
[2026-05-07 00:41:23] ds_online_v2_notehist cases_012  steps  31- 39: 83.0s  total: 223.6s  (40/100)
[2026-05-07 00:41:25] ds_online_v2_notehist cases_022  steps  21- 29: 91.1s  total: 183.3s  (30/100)
[2026-05-07 00:41:52] ds_online_v2_notehist cases_027  steps  71- 79: 235.5s  total: 1069.7s  (80/100)
[2026-05-07 00:43:08] ds_online_v2_notehist cases_012  steps  41- 49: 104.9s  total: 328.4s  (50/100)
[2026-05-07 00:43:26] ds_online_v2_notehist cases_022  steps  31- 39: 120.9s  total: 304.2s  (40/100)
[2026-05-07 00:45:09] ds_online_v2_notehist cases_012  steps  51- 59: 120.9s  total: 449.3s  (60/100)
[2026-05-07 00:45:56] ds_online_v2_notehist cases_022  steps  41- 49: 150.4s  total: 454.6s  (50/100)
[2026-05-07 00:46:23] ds_online_v2_notehist cases_027  steps  81- 89: 271.1s  total: 1340.8s  (90/100)
[2026-05-07 00:47:30] ds_online_v2_notehist cases_012  steps  61- 69: 140.3s  total: 589.7s  (70/100)
[2026-05-07 00:48:56] ds_online_v2_notehist cases_022  steps  51- 59: 179.7s  total: 634.2s  (60/100)
[2026-05-07 00:50:11] ds_online_v2_notehist cases_012  steps  71- 79: 161.4s  total: 751.1s  (80/100)
[2026-05-07 00:51:24] ds_online_v2_notehist cases_027  steps  91- 99: 301.3s  total: 1642.1s  (100/100)
[2026-05-07 00:51:25] DONE ds_online_v2_notehist cases_027  total: 1642.1s  (16.42s/step)
[2026-05-07 00:51:25]   tokens: 22,421,015 in + 108,965 out  cost: $6.1735
[2026-05-07 00:51:25] START ds_online_v2_notehist cases_028 (100 steps, note-with-history)
[2026-05-07 00:51:53] ds_online_v2_notehist cases_028  steps   1-  9: 27.9s  total: 27.9s  (10/100)
[2026-05-07 00:52:23] ds_online_v2_notehist cases_028  steps  11- 19: 30.3s  total: 58.2s  (20/100)
[2026-05-07 00:52:29] ds_online_v2_notehist cases_022  steps  61- 69: 213.4s  total: 847.6s  (70/100)
[2026-05-07 00:52:53] ds_online_v2_notehist cases_028  steps  21- 29: 30.0s  total: 88.2s  (30/100)
[2026-05-07 00:53:05] ds_online_v2_notehist cases_012  steps  81- 89: 174.1s  total: 925.2s  (90/100)
[2026-05-07 00:53:25] ds_online_v2_notehist cases_028  steps  31- 39: 31.9s  total: 120.1s  (40/100)
[2026-05-07 00:53:59] ds_online_v2_notehist cases_028  steps  41- 49: 34.4s  total: 154.5s  (50/100)
[2026-05-07 00:54:34] ds_online_v2_notehist cases_028  steps  51- 59: 34.3s  total: 188.9s  (60/100)
[2026-05-07 00:55:09] ds_online_v2_notehist cases_028  steps  61- 69: 35.7s  total: 224.6s  (70/100)
[2026-05-07 00:55:44] ds_online_v2_notehist cases_028  steps  71- 79: 34.9s  total: 259.5s  (80/100)
[2026-05-07 00:56:21] ds_online_v2_notehist cases_028  steps  81- 89: 36.9s  total: 296.3s  (90/100)
[2026-05-07 00:56:27] ds_online_v2_notehist cases_012  steps  91- 99: 201.7s  total: 1126.9s  (100/100)
[2026-05-07 00:56:28] DONE ds_online_v2_notehist cases_012  total: 1126.9s  (11.27s/step)
[2026-05-07 00:56:28]   tokens: 15,174,398 in + 71,042 out  cost: $4.1752
[2026-05-07 00:56:28] START ds_online_v2_notehist cases_013 (100 steps, note-with-history)
[2026-05-07 00:56:33] ds_online_v2_notehist cases_022  steps  71- 79: 243.7s  total: 1091.3s  (80/100)
[2026-05-07 00:56:51] ds_online_v2_notehist cases_013  steps   1-  9: 22.6s  total: 22.6s  (10/100)
[2026-05-07 00:56:58] ds_online_v2_notehist cases_028  steps  91- 99: 37.1s  total: 333.4s  (100/100)
[2026-05-07 00:56:59] DONE ds_online_v2_notehist cases_028  total: 333.4s  (3.33s/step)
[2026-05-07 00:56:59]   tokens: 3,761,406 in + 10,004 out  cost: $1.0266
[2026-05-07 00:56:59] START ds_online_v2_notehist cases_029 (100 steps, note-with-history)
[2026-05-07 00:57:13] ds_online_v2_notehist cases_013  steps  11- 19: 22.8s  total: 45.4s  (20/100)
[2026-05-07 00:57:19] ds_online_v2_notehist cases_029  steps   1-  9: 19.9s  total: 19.9s  (10/100)
[2026-05-07 00:57:38] ds_online_v2_notehist cases_013  steps  21- 29: 24.5s  total: 69.9s  (30/100)
[2026-05-07 00:57:39] ds_online_v2_notehist cases_029  steps  11- 19: 20.2s  total: 40.1s  (20/100)
[2026-05-07 00:58:02] ds_online_v2_notehist cases_029  steps  21- 29: 23.2s  total: 63.2s  (30/100)
[2026-05-07 00:58:04] ds_online_v2_notehist cases_013  steps  31- 39: 25.7s  total: 95.6s  (40/100)
[2026-05-07 00:58:25] ds_online_v2_notehist cases_029  steps  31- 39: 23.0s  total: 86.2s  (40/100)
[2026-05-07 00:58:28] ds_online_v2_notehist cases_013  steps  41- 49: 24.4s  total: 119.9s  (50/100)
[2026-05-07 00:58:48] ds_online_v2_notehist cases_029  steps  41- 49: 23.1s  total: 109.3s  (50/100)
[2026-05-07 00:58:52] ds_online_v2_notehist cases_013  steps  51- 59: 24.2s  total: 144.1s  (60/100)
[2026-05-07 00:59:12] ds_online_v2_notehist cases_029  steps  51- 59: 23.6s  total: 132.9s  (60/100)
[2026-05-07 00:59:20] ds_online_v2_notehist cases_013  steps  61- 69: 27.6s  total: 171.8s  (70/100)
[2026-05-07 00:59:36] ds_online_v2_notehist cases_029  steps  61- 69: 24.0s  total: 156.8s  (70/100)
[2026-05-07 00:59:47] ds_online_v2_notehist cases_013  steps  71- 79: 27.5s  total: 199.2s  (80/100)
[2026-05-07 01:00:01] ds_online_v2_notehist cases_029  steps  71- 79: 25.8s  total: 182.6s  (80/100)
[2026-05-07 01:00:17] ds_online_v2_notehist cases_013  steps  81- 89: 29.4s  total: 228.7s  (90/100)
[2026-05-07 01:00:29] ds_online_v2_notehist cases_029  steps  81- 89: 27.8s  total: 210.4s  (90/100)
[2026-05-07 01:00:46] ds_online_v2_notehist cases_013  steps  91- 99: 29.3s  total: 258.0s  (100/100)
[2026-05-07 01:00:47] DONE ds_online_v2_notehist cases_013  total: 258.0s  (2.58s/step)
[2026-05-07 01:00:47]   tokens: 2,168,874 in + 4,730 out  cost: $0.5908
[2026-05-07 01:00:47] START ds_online_v2_notehist cases_014 (100 steps, note-with-history)
[2026-05-07 01:00:56] ds_online_v2_notehist cases_029  steps  91- 99: 26.9s  total: 237.3s  (100/100)
[2026-05-07 01:00:57] DONE ds_online_v2_notehist cases_029  total: 237.3s  (2.37s/step)
[2026-05-07 01:00:57]   tokens: 1,788,842 in + 3,329 out  cost: $0.4866
[2026-05-07 01:01:17] ds_online_v2_notehist cases_022  steps  81- 89: 284.1s  total: 1375.4s  (90/100)
[2026-05-07 01:01:20] ds_online_v2_notehist cases_014  steps   1-  9: 33.5s  total: 33.5s  (10/100)
[2026-05-07 01:02:26] ds_online_v2_notehist cases_014  steps  11- 19: 65.6s  total: 99.1s  (20/100)
[2026-05-07 01:04:03] ds_online_v2_notehist cases_014  steps  21- 29: 97.1s  total: 196.3s  (30/100)
[2026-05-07 01:06:12] ds_online_v2_notehist cases_014  steps  31- 39: 128.4s  total: 324.6s  (40/100)
[2026-05-07 01:06:51] ds_online_v2_notehist cases_022  steps  91- 99: 333.6s  total: 1709.0s  (100/100)
[2026-05-07 01:06:51] DONE ds_online_v2_notehist cases_022  total: 1709.0s  (17.09s/step)
[2026-05-07 01:06:51]   tokens: 22,850,855 in + 111,105 out  cost: $6.2919
[2026-05-07 01:06:51] START ds_online_v2_notehist cases_023 (100 steps, note-with-history)
[2026-05-07 01:07:12] ds_online_v2_notehist cases_023  steps   1-  9: 21.0s  total: 21.0s  (10/100)
[2026-05-07 01:07:36] ds_online_v2_notehist cases_023  steps  11- 19: 24.1s  total: 45.1s  (20/100)
[2026-05-07 01:08:04] ds_online_v2_notehist cases_023  steps  21- 29: 28.1s  total: 73.2s  (30/100)
[2026-05-07 01:08:36] ds_online_v2_notehist cases_023  steps  31- 39: 31.6s  total: 104.8s  (40/100)
[2026-05-07 01:08:51] ds_online_v2_notehist cases_014  steps  41- 49: 159.9s  total: 484.5s  (50/100)
[2026-05-07 01:09:11] ds_online_v2_notehist cases_023  steps  41- 49: 35.1s  total: 139.9s  (50/100)
[2026-05-07 01:09:51] ds_online_v2_notehist cases_023  steps  51- 59: 39.5s  total: 179.4s  (60/100)
[2026-05-07 01:10:33] ds_online_v2_notehist cases_023  steps  61- 69: 42.5s  total: 221.9s  (70/100)
[2026-05-07 01:11:20] ds_online_v2_notehist cases_023  steps  71- 79: 46.8s  total: 268.7s  (80/100)
[2026-05-07 01:12:01] ds_online_v2_notehist cases_014  steps  51- 59: 189.7s  total: 674.2s  (60/100)
[2026-05-07 01:12:09] ds_online_v2_notehist cases_023  steps  81- 89: 49.2s  total: 317.9s  (90/100)
[2026-05-07 01:13:02] ds_online_v2_notehist cases_023  steps  91- 99: 53.0s  total: 370.8s  (100/100)
[2026-05-07 01:13:03] DONE ds_online_v2_notehist cases_023  total: 370.8s  (3.71s/step)
[2026-05-07 01:13:03]   tokens: 3,538,477 in + 12,586 out  cost: $0.9692
[2026-05-07 01:13:03] START ds_online_v2_notehist cases_024 (100 steps, note-with-history)
[2026-05-07 01:13:25] ds_online_v2_notehist cases_024  steps   1-  9: 21.7s  total: 21.7s  (10/100)
[2026-05-07 01:13:47] ds_online_v2_notehist cases_024  steps  11- 19: 21.9s  total: 43.6s  (20/100)
[2026-05-07 01:14:10] ds_online_v2_notehist cases_024  steps  21- 29: 23.4s  total: 67.0s  (30/100)
[2026-05-07 01:14:35] ds_online_v2_notehist cases_024  steps  31- 39: 25.1s  total: 92.1s  (40/100)
[2026-05-07 01:15:00] ds_online_v2_notehist cases_024  steps  41- 49: 24.6s  total: 116.7s  (50/100)
[2026-05-07 01:15:24] ds_online_v2_notehist cases_024  steps  51- 59: 24.5s  total: 141.2s  (60/100)
[2026-05-07 01:15:50] ds_online_v2_notehist cases_014  steps  61- 69: 229.3s  total: 903.5s  (70/100)
[2026-05-07 01:15:51] ds_online_v2_notehist cases_024  steps  61- 69: 26.6s  total: 167.8s  (70/100)
[2026-05-07 01:16:19] ds_online_v2_notehist cases_024  steps  71- 79: 28.5s  total: 196.4s  (80/100)
[2026-05-07 01:16:51] ds_online_v2_notehist cases_024  steps  81- 89: 31.9s  total: 228.3s  (90/100)
[2026-05-07 01:17:19] ds_online_v2_notehist cases_024  steps  91- 99: 27.9s  total: 256.2s  (100/100)
[2026-05-07 01:17:20] DONE ds_online_v2_notehist cases_024  total: 256.2s  (2.56s/step)
[2026-05-07 01:17:20]   tokens: 2,123,431 in + 4,492 out  cost: $0.5783
[2026-05-07 01:20:10] ds_online_v2_notehist cases_014  steps  71- 79: 259.1s  total: 1162.6s  (80/100)
[2026-05-07 01:25:08] ds_online_v2_notehist cases_014  steps  81- 89: 298.4s  total: 1461.0s  (90/100)
[2026-05-07 01:30:39] ds_online_v2_notehist cases_014  steps  91- 99: 331.5s  total: 1792.5s  (100/100)
[2026-05-07 01:30:40] DONE ds_online_v2_notehist cases_014  total: 1792.5s  (17.93s/step)
[2026-05-07 01:30:40]   tokens: 22,543,270 in + 109,740 out  cost: $6.2074
[2026-05-07 01:30:40] START ds_online_v2_notehist cases_015 (100 steps, note-with-history)
[2026-05-07 01:31:02] ds_online_v2_notehist cases_015  steps   1-  9: 22.4s  total: 22.4s  (10/100)
[2026-05-07 01:31:25] ds_online_v2_notehist cases_015  steps  11- 19: 22.7s  total: 45.1s  (20/100)
[2026-05-07 01:31:50] ds_online_v2_notehist cases_015  steps  21- 29: 24.9s  total: 70.0s  (30/100)
[2026-05-07 01:32:15] ds_online_v2_notehist cases_015  steps  31- 39: 25.4s  total: 95.4s  (40/100)
[2026-05-07 01:32:41] ds_online_v2_notehist cases_015  steps  41- 49: 25.2s  total: 120.6s  (50/100)
[2026-05-07 01:33:08] ds_online_v2_notehist cases_015  steps  51- 59: 27.4s  total: 147.9s  (60/100)
[2026-05-07 01:33:36] ds_online_v2_notehist cases_015  steps  61- 69: 28.3s  total: 176.2s  (70/100)
[2026-05-07 01:34:05] ds_online_v2_notehist cases_015  steps  71- 79: 28.6s  total: 204.8s  (80/100)
[2026-05-07 01:34:33] ds_online_v2_notehist cases_015  steps  81- 89: 28.3s  total: 233.1s  (90/100)
[2026-05-07 01:35:02] ds_online_v2_notehist cases_015  steps  91- 99: 28.9s  total: 262.1s  (100/100)
[2026-05-07 01:35:02] DONE ds_online_v2_notehist cases_015  total: 262.1s  (2.62s/step)
[2026-05-07 01:35:02]   tokens: 2,202,090 in + 4,762 out  cost: $0.5998
[2026-05-07 01:35:03] START ds_online_v2_notehist cases_016 (100 steps, note-with-history)
[2026-05-07 01:35:23] ds_online_v2_notehist cases_016  steps   1-  9: 20.5s  total: 20.5s  (10/100)
[2026-05-07 01:35:44] ds_online_v2_notehist cases_016  steps  11- 19: 20.7s  total: 41.1s  (20/100)
[2026-05-07 01:36:06] ds_online_v2_notehist cases_016  steps  21- 29: 22.1s  total: 63.2s  (30/100)
[2026-05-07 01:36:29] ds_online_v2_notehist cases_016  steps  31- 39: 23.7s  total: 86.8s  (40/100)
[2026-05-07 01:36:53] ds_online_v2_notehist cases_016  steps  41- 49: 23.7s  total: 110.5s  (50/100)
[2026-05-07 01:37:16] ds_online_v2_notehist cases_016  steps  51- 59: 23.4s  total: 133.9s  (60/100)
[2026-05-07 01:37:41] ds_online_v2_notehist cases_016  steps  61- 69: 24.4s  total: 158.3s  (70/100)
[2026-05-07 01:38:05] ds_online_v2_notehist cases_016  steps  71- 79: 24.4s  total: 182.7s  (80/100)
[2026-05-07 01:38:31] ds_online_v2_notehist cases_016  steps  81- 89: 26.0s  total: 208.7s  (90/100)
[2026-05-07 01:38:59] ds_online_v2_notehist cases_016  steps  91- 99: 27.8s  total: 236.4s  (100/100)
[2026-05-07 01:38:59] DONE ds_online_v2_notehist cases_016  total: 236.4s  (2.36s/step)
[2026-05-07 01:38:59]   tokens: 1,766,856 in + 3,195 out  cost: $0.4806
[2026-05-07 01:39:00] START ds_online_v2_notehist cases_017 (100 steps, note-with-history)
[2026-05-07 01:39:30] ds_online_v2_notehist cases_017  steps   1-  9: 30.1s  total: 30.1s  (10/100)
[2026-05-07 01:40:22] ds_online_v2_notehist cases_017  steps  11- 19: 52.3s  total: 82.4s  (20/100)
[2026-05-07 01:41:37] ds_online_v2_notehist cases_017  steps  21- 29: 74.9s  total: 157.3s  (30/100)
[2026-05-07 01:43:15] ds_online_v2_notehist cases_017  steps  31- 39: 98.2s  total: 255.5s  (40/100)
[2026-05-07 01:45:17] ds_online_v2_notehist cases_017  steps  41- 49: 122.0s  total: 377.5s  (50/100)
[2026-05-07 01:47:41] ds_online_v2_notehist cases_017  steps  51- 59: 144.4s  total: 522.0s  (60/100)
[2026-05-07 01:50:26] ds_online_v2_notehist cases_017  steps  61- 69: 164.5s  total: 686.5s  (70/100)
[2026-05-07 01:53:28] ds_online_v2_notehist cases_017  steps  71- 79: 182.0s  total: 868.5s  (80/100)
[2026-05-07 01:56:49] ds_online_v2_notehist cases_017  steps  81- 89: 201.1s  total: 1069.6s  (90/100)
[2026-05-07 02:00:37] ds_online_v2_notehist cases_017  steps  91- 99: 228.4s  total: 1297.9s  (100/100)
[2026-05-07 02:00:38] DONE ds_online_v2_notehist cases_017  total: 1297.9s  (12.98s/step)
[2026-05-07 02:00:38]   tokens: 16,778,134 in + 79,344 out  cost: $4.6174
[2026-05-07 02:00:38] START ds_online_v2_notehist cases_018 (100 steps, note-with-history)
[2026-05-07 02:01:08] ds_online_v2_notehist cases_018  steps   1-  9: 30.4s  total: 30.4s  (10/100)
[2026-05-07 02:02:04] ds_online_v2_notehist cases_018  steps  11- 19: 55.8s  total: 86.2s  (20/100)
[2026-05-07 02:03:27] ds_online_v2_notehist cases_018  steps  21- 29: 82.7s  total: 168.9s  (30/100)
[2026-05-07 02:05:14] ds_online_v2_notehist cases_018  steps  31- 39: 106.8s  total: 275.7s  (40/100)
[2026-05-07 02:07:28] ds_online_v2_notehist cases_018  steps  41- 49: 134.2s  total: 409.9s  (50/100)
[2026-05-07 02:10:26] ds_online_v2_notehist cases_018  steps  51- 59: 178.5s  total: 588.4s  (60/100)
[2026-05-07 02:13:52] ds_online_v2_notehist cases_018  steps  61- 69: 205.6s  total: 794.0s  (70/100)
[2026-05-07 02:17:33] ds_online_v2_notehist cases_018  steps  71- 79: 220.9s  total: 1014.9s  (80/100)
[2026-05-07 02:21:46] ds_online_v2_notehist cases_018  steps  81- 89: 253.3s  total: 1268.2s  (90/100)
[2026-05-07 02:26:25] ds_online_v2_notehist cases_018  steps  91- 99: 279.1s  total: 1547.3s  (100/100)
[2026-05-07 02:26:26] DONE ds_online_v2_notehist cases_018  total: 1547.3s  (15.47s/step)
[2026-05-07 02:26:26]   tokens: 18,858,017 in + 91,022 out  cost: $5.1918
[2026-05-07 02:26:26] START ds_online_v2_notehist cases_019 (100 steps, note-with-history)
[2026-05-07 02:26:54] ds_online_v2_notehist cases_019  steps   1-  9: 28.1s  total: 28.1s  (10/100)
[2026-05-07 02:27:35] ds_online_v2_notehist cases_019  steps  11- 19: 40.8s  total: 68.9s  (20/100)
[2026-05-07 02:28:26] ds_online_v2_notehist cases_019  steps  21- 29: 51.3s  total: 120.2s  (30/100)
[2026-05-07 02:29:32] ds_online_v2_notehist cases_019  steps  31- 39: 66.2s  total: 186.4s  (40/100)
[2026-05-07 02:30:50] ds_online_v2_notehist cases_019  steps  41- 49: 77.4s  total: 263.8s  (50/100)
[2026-05-07 02:32:23] ds_online_v2_notehist cases_019  steps  51- 59: 92.9s  total: 356.8s  (60/100)
[2026-05-07 02:34:13] ds_online_v2_notehist cases_019  steps  61- 69: 110.3s  total: 467.1s  (70/100)
[2026-05-07 02:36:11] ds_online_v2_notehist cases_019  steps  71- 79: 118.5s  total: 585.6s  (80/100)
[2026-05-07 02:38:24] ds_online_v2_notehist cases_019  steps  81- 89: 132.8s  total: 718.4s  (90/100)
[2026-05-07 02:40:49] ds_online_v2_notehist cases_019  steps  91- 99: 145.1s  total: 863.5s  (100/100)
[2026-05-07 02:40:50] DONE ds_online_v2_notehist cases_019  total: 863.5s  (8.64s/step)
[2026-05-07 02:40:50]   tokens: 9,815,592 in + 44,339 out  cost: $2.6990
[2026-05-07 02:59:37] START ds_online_v2_notehist cases_004 (100 steps, note-with-history)
[2026-05-07 02:59:37] START ds_weather_v2_notehist cases_025 (100 steps, note-with-history)
[2026-05-07 02:59:59] ds_weather_v2_notehist cases_025  steps   1-  9: 22.2s  total: 22.2s  (10/100)
[2026-05-07 03:00:12] ds_online_v2_notehist cases_004  steps   1-  9: 34.8s  total: 34.8s  (10/100)
[2026-05-07 03:00:23] ds_weather_v2_notehist cases_025  steps  11- 19: 23.9s  total: 46.0s  (20/100)
[2026-05-07 03:00:50] ds_weather_v2_notehist cases_025  steps  21- 29: 26.5s  total: 72.6s  (30/100)
[2026-05-07 03:01:16] ds_weather_v2_notehist cases_025  steps  31- 39: 25.9s  total: 98.5s  (40/100)
[2026-05-07 03:01:23] ds_online_v2_notehist cases_004  steps  11- 19: 71.1s  total: 105.9s  (20/100)
[2026-05-07 03:01:41] ds_weather_v2_notehist cases_025  steps  41- 49: 25.5s  total: 124.0s  (50/100)
[2026-05-07 03:02:07] ds_weather_v2_notehist cases_025  steps  51- 59: 25.7s  total: 149.8s  (60/100)
[2026-05-07 03:02:34] ds_weather_v2_notehist cases_025  steps  61- 69: 26.6s  total: 176.4s  (70/100)
[2026-05-07 03:03:02] ds_weather_v2_notehist cases_025  steps  71- 79: 28.3s  total: 204.7s  (80/100)
[2026-05-07 03:03:07] ds_online_v2_notehist cases_004  steps  21- 29: 104.2s  total: 210.2s  (30/100)
[2026-05-07 03:03:31] ds_weather_v2_notehist cases_025  steps  81- 89: 29.3s  total: 234.0s  (90/100)
[2026-05-07 03:04:02] ds_weather_v2_notehist cases_025  steps  91- 99: 30.6s  total: 264.6s  (100/100)
[2026-05-07 03:04:03] DONE ds_weather_v2_notehist cases_025  total: 264.6s  (2.65s/step)
[2026-05-07 03:04:03]   tokens: 2,006,425 in + 3,700 out  cost: $0.5458
[2026-05-07 03:05:27] ds_online_v2_notehist cases_004  steps  31- 39: 139.6s  total: 349.8s  (40/100)
[2026-05-07 03:08:26] ds_online_v2_notehist cases_004  steps  41- 49: 179.2s  total: 529.0s  (50/100)
[2026-05-07 03:12:02] ds_online_v2_notehist cases_004  steps  51- 59: 215.9s  total: 744.9s  (60/100)
[2026-05-07 03:16:15] ds_online_v2_notehist cases_004  steps  61- 69: 252.7s  total: 997.6s  (70/100)
[2026-05-07 03:21:11] ds_online_v2_notehist cases_004  steps  71- 79: 296.5s  total: 1294.1s  (80/100)
[2026-05-07 03:26:42] ds_online_v2_notehist cases_004  steps  81- 89: 330.6s  total: 1624.7s  (90/100)
[2026-05-07 03:33:05] START ds_online_v2_notehist cases_004 (100 steps, note-with-history)
[2026-05-07 03:33:06] ds_online_v2_notehist cases_004  steps  91- 99: 384.1s  total: 2008.8s  (100/100)
[2026-05-07 03:33:08] DONE ds_online_v2_notehist cases_004  total: 2008.8s  (20.09s/step)
[2026-05-07 03:33:08]   tokens: 24,340,152 in + 119,940 out  cost: $6.7038
[2026-05-07 03:33:32] ds_online_v2_notehist cases_004  steps   1-  9: 27.2s  total: 27.2s  (10/100)
[2026-05-07 03:34:19] ds_online_v2_notehist cases_004  steps  11- 19: 46.5s  total: 73.7s  (20/100)
