[2026-05-06 20:25:41] START ds_weather_v2_notehist cases_000 (100 steps, note-with-history)
[2026-05-06 20:25:41] START ds_online_v2_notehist cases_000 (100 steps, note-with-history)
[2026-05-06 20:25:58] ds_weather_v2_notehist cases_000  steps   1-  9: 17.1s  total: 17.1s  (10/100)
[2026-05-06 20:26:02] ds_online_v2_notehist cases_000  steps   1-  9: 21.6s  total: 21.6s  (10/100)
[2026-05-06 20:26:15] ds_weather_v2_notehist cases_000  steps  11- 19: 16.9s  total: 34.0s  (20/100)
[2026-05-06 20:26:25] ds_online_v2_notehist cases_000  steps  11- 19: 23.0s  total: 44.6s  (20/100)
[2026-05-06 20:26:34] ds_weather_v2_notehist cases_000  steps  21- 29: 19.1s  total: 53.1s  (30/100)
[2026-05-06 20:26:50] ds_online_v2_notehist cases_000  steps  21- 29: 24.2s  total: 68.8s  (30/100)
[2026-05-06 20:26:55] ds_weather_v2_notehist cases_000  steps  31- 39: 20.7s  total: 73.8s  (40/100)
[2026-05-06 20:27:14] ds_online_v2_notehist cases_000  steps  31- 39: 24.3s  total: 93.1s  (40/100)
[2026-05-06 20:27:14] ds_weather_v2_notehist cases_000  steps  41- 49: 19.6s  total: 93.4s  (50/100)
[2026-05-06 20:27:34] ds_weather_v2_notehist cases_000  steps  51- 59: 19.9s  total: 113.3s  (60/100)
[2026-05-06 20:27:39] ds_online_v2_notehist cases_000  steps  41- 49: 25.4s  total: 118.5s  (50/100)
[2026-05-06 20:27:55] ds_weather_v2_notehist cases_000  steps  61- 69: 20.5s  total: 133.9s  (70/100)
[2026-05-06 20:28:04] ds_online_v2_notehist cases_000  steps  51- 59: 25.0s  total: 143.5s  (60/100)
[2026-05-06 20:28:17] ds_weather_v2_notehist cases_000  steps  71- 79: 22.4s  total: 156.3s  (80/100)
[2026-05-06 20:28:31] ds_online_v2_notehist cases_000  steps  61- 69: 27.1s  total: 170.6s  (70/100)
[2026-05-06 20:28:40] ds_weather_v2_notehist cases_000  steps  81- 89: 22.9s  total: 179.2s  (90/100)
[2026-05-06 20:29:00] ds_online_v2_notehist cases_000  steps  71- 79: 28.5s  total: 199.1s  (80/100)
[2026-05-06 20:29:03] ds_weather_v2_notehist cases_000  steps  91- 99: 22.9s  total: 202.2s  (100/100)
[2026-05-06 20:29:04] DONE ds_weather_v2_notehist cases_000  total: 202.2s  (2.02s/step)
[2026-05-06 20:29:04]   tokens: 1,501,012 in + 1,988 out  cost: $0.4075
[2026-05-06 20:29:04] START ds_weather_v2_notehist cases_001 (100 steps, note-with-history)
[2026-05-06 20:29:22] ds_weather_v2_notehist cases_001  steps   1-  9: 18.5s  total: 18.5s  (10/100)
[2026-05-06 20:29:28] ds_online_v2_notehist cases_000  steps  81- 89: 28.0s  total: 227.2s  (90/100)
[2026-05-06 20:29:42] ds_weather_v2_notehist cases_001  steps  11- 19: 20.2s  total: 38.7s  (20/100)
[2026-05-06 20:29:56] ds_online_v2_notehist cases_000  steps  91- 99: 28.3s  total: 255.5s  (100/100)
[2026-05-06 20:29:58] DONE ds_online_v2_notehist cases_000  total: 255.5s  (2.56s/step)
[2026-05-06 20:29:58]   tokens: 2,611,861 in + 6,126 out  cost: $0.7119
[2026-05-06 20:29:58] START ds_online_v2_notehist cases_001 (100 steps, note-with-history)
[2026-05-06 20:30:04] ds_weather_v2_notehist cases_001  steps  21- 29: 21.6s  total: 60.4s  (30/100)
[2026-05-06 20:30:16] ds_online_v2_notehist cases_001  steps   1-  9: 17.9s  total: 17.9s  (10/100)
[2026-05-06 20:30:27] ds_weather_v2_notehist cases_001  steps  31- 39: 23.1s  total: 83.5s  (40/100)
[2026-05-06 20:30:34] ds_online_v2_notehist cases_001  steps  11- 19: 18.0s  total: 35.9s  (20/100)
[2026-05-06 20:30:50] ds_weather_v2_notehist cases_001  steps  41- 49: 22.9s  total: 106.4s  (50/100)
[2026-05-06 20:30:53] ds_online_v2_notehist cases_001  steps  21- 29: 19.5s  total: 55.4s  (30/100)
[2026-05-06 20:31:12] ds_weather_v2_notehist cases_001  steps  51- 59: 22.3s  total: 128.7s  (60/100)
[2026-05-06 20:31:14] ds_online_v2_notehist cases_001  steps  31- 39: 20.2s  total: 75.6s  (40/100)
[2026-05-06 20:31:35] ds_online_v2_notehist cases_001  steps  41- 49: 20.9s  total: 96.5s  (50/100)
[2026-05-06 20:31:37] ds_weather_v2_notehist cases_001  steps  61- 69: 24.2s  total: 152.8s  (70/100)
[2026-05-06 20:31:55] ds_online_v2_notehist cases_001  steps  51- 59: 20.4s  total: 116.9s  (60/100)
[2026-05-06 20:32:02] ds_weather_v2_notehist cases_001  steps  71- 79: 25.7s  total: 178.5s  (80/100)
[2026-05-06 20:32:15] ds_online_v2_notehist cases_001  steps  61- 69: 19.8s  total: 136.7s  (70/100)
[2026-05-06 20:32:28] ds_weather_v2_notehist cases_001  steps  81- 89: 25.4s  total: 203.9s  (90/100)
[2026-05-06 20:32:36] ds_online_v2_notehist cases_001  steps  71- 79: 21.1s  total: 157.8s  (80/100)
[2026-05-06 20:32:53] ds_weather_v2_notehist cases_001  steps  91- 99: 25.1s  total: 228.9s  (100/100)
[2026-05-06 20:32:53] DONE ds_weather_v2_notehist cases_001  total: 228.9s  (2.29s/step)
[2026-05-06 20:32:53]   tokens: 1,968,522 in + 3,586 out  cost: $0.5354
[2026-05-06 20:32:53] START ds_weather_v2_notehist cases_002 (100 steps, note-with-history)
[2026-05-06 20:32:58] ds_online_v2_notehist cases_001  steps  81- 89: 21.8s  total: 179.6s  (90/100)
[2026-05-06 20:33:12] ds_weather_v2_notehist cases_002  steps   1-  9: 18.5s  total: 18.5s  (10/100)
[2026-05-06 20:33:21] ds_online_v2_notehist cases_001  steps  91- 99: 23.0s  total: 202.5s  (100/100)
[2026-05-06 20:33:21] DONE ds_online_v2_notehist cases_001  total: 202.5s  (2.03s/step)
[2026-05-06 20:33:21]   tokens: 1,384,162 in + 1,894 out  cost: $0.3758
[2026-05-06 20:33:21] START ds_online_v2_notehist cases_002 (100 steps, note-with-history)
[2026-05-06 20:33:32] ds_weather_v2_notehist cases_002  steps  11- 19: 20.2s  total: 38.7s  (20/100)
[2026-05-06 20:33:49] ds_online_v2_notehist cases_002  steps   1-  9: 27.5s  total: 27.5s  (10/100)
[2026-05-06 20:33:53] ds_weather_v2_notehist cases_002  steps  21- 29: 21.3s  total: 60.1s  (30/100)
[2026-05-06 20:34:14] ds_weather_v2_notehist cases_002  steps  31- 39: 21.2s  total: 81.2s  (40/100)
[2026-05-06 20:34:36] ds_weather_v2_notehist cases_002  steps  41- 49: 21.3s  total: 102.6s  (50/100)
[2026-05-06 20:34:38] ds_online_v2_notehist cases_002  steps  11- 19: 49.8s  total: 77.3s  (20/100)
[2026-05-06 20:34:57] ds_weather_v2_notehist cases_002  steps  51- 59: 21.7s  total: 124.3s  (60/100)
[2026-05-06 20:35:20] ds_weather_v2_notehist cases_002  steps  61- 69: 22.1s  total: 146.4s  (70/100)
[2026-05-06 20:35:44] ds_weather_v2_notehist cases_002  steps  71- 79: 24.6s  total: 171.0s  (80/100)
[2026-05-06 20:35:50] ds_online_v2_notehist cases_002  steps  21- 29: 72.0s  total: 149.3s  (30/100)
[2026-05-06 20:36:10] ds_weather_v2_notehist cases_002  steps  81- 89: 25.4s  total: 196.4s  (90/100)
[2026-05-06 20:36:34] ds_weather_v2_notehist cases_002  steps  91- 99: 24.4s  total: 220.8s  (100/100)
[2026-05-06 20:36:34] DONE ds_weather_v2_notehist cases_002  total: 220.8s  (2.21s/step)
[2026-05-06 20:36:34]   tokens: 1,888,021 in + 3,300 out  cost: $0.5134
[2026-05-06 20:36:34] START ds_weather_v2_notehist cases_003 (100 steps, note-with-history)
[2026-05-06 20:36:54] ds_weather_v2_notehist cases_003  steps   1-  9: 19.3s  total: 19.3s  (10/100)
[2026-05-06 20:37:14] ds_weather_v2_notehist cases_003  steps  11- 19: 20.3s  total: 39.5s  (20/100)
[2026-05-06 20:37:25] ds_online_v2_notehist cases_002  steps  31- 39: 94.7s  total: 244.0s  (40/100)
[2026-05-06 20:37:36] ds_weather_v2_notehist cases_003  steps  21- 29: 22.5s  total: 62.0s  (30/100)
[2026-05-06 20:37:58] ds_weather_v2_notehist cases_003  steps  31- 39: 22.0s  total: 84.0s  (40/100)
[2026-05-06 20:38:21] ds_weather_v2_notehist cases_003  steps  41- 49: 22.3s  total: 106.4s  (50/100)
[2026-05-06 20:38:44] ds_weather_v2_notehist cases_003  steps  51- 59: 23.5s  total: 129.9s  (60/100)
[2026-05-06 20:39:07] ds_weather_v2_notehist cases_003  steps  61- 69: 23.0s  total: 152.9s  (70/100)
[2026-05-06 20:39:23] ds_online_v2_notehist cases_002  steps  41- 49: 117.8s  total: 361.7s  (50/100)
[2026-05-06 20:39:33] ds_weather_v2_notehist cases_003  steps  71- 79: 25.5s  total: 178.4s  (80/100)
[2026-05-06 20:39:59] ds_weather_v2_notehist cases_003  steps  81- 89: 26.0s  total: 204.4s  (90/100)
[2026-05-06 20:40:26] ds_weather_v2_notehist cases_003  steps  91- 99: 26.9s  total: 231.3s  (100/100)
[2026-05-06 20:40:26] DONE ds_weather_v2_notehist cases_003  total: 231.3s  (2.31s/step)
[2026-05-06 20:40:26]   tokens: 2,089,310 in + 3,990 out  cost: $0.5685
[2026-05-06 20:40:26] START ds_weather_v2_notehist cases_004 (100 steps, note-with-history)
[2026-05-06 20:40:45] ds_weather_v2_notehist cases_004  steps   1-  9: 18.7s  total: 18.7s  (10/100)
[2026-05-06 20:41:04] ds_weather_v2_notehist cases_004  steps  11- 19: 19.6s  total: 38.3s  (20/100)
[2026-05-06 20:41:26] ds_weather_v2_notehist cases_004  steps  21- 29: 21.1s  total: 59.4s  (30/100)
[2026-05-06 20:41:47] ds_weather_v2_notehist cases_004  steps  31- 39: 21.5s  total: 80.9s  (40/100)
[2026-05-06 20:41:48] ds_online_v2_notehist cases_002  steps  51- 59: 145.1s  total: 506.8s  (60/100)
[2026-05-06 20:42:09] ds_weather_v2_notehist cases_004  steps  41- 49: 22.1s  total: 103.0s  (50/100)
[2026-05-06 20:42:32] ds_weather_v2_notehist cases_004  steps  51- 59: 22.7s  total: 125.7s  (60/100)
[2026-05-06 20:42:55] ds_weather_v2_notehist cases_004  steps  61- 69: 23.6s  total: 149.3s  (70/100)
[2026-05-06 20:43:20] ds_weather_v2_notehist cases_004  steps  71- 79: 24.9s  total: 174.2s  (80/100)
[2026-05-06 20:43:46] ds_weather_v2_notehist cases_004  steps  81- 89: 25.2s  total: 199.4s  (90/100)
[2026-05-06 20:44:11] ds_weather_v2_notehist cases_004  steps  91- 99: 25.8s  total: 225.2s  (100/100)
[2026-05-06 20:44:12] DONE ds_weather_v2_notehist cases_004  total: 225.2s  (2.25s/step)
[2026-05-06 20:44:12]   tokens: 1,976,824 in + 3,600 out  cost: $0.5377
[2026-05-06 20:44:12] START ds_weather_v2_notehist cases_005 (100 steps, note-with-history)
[2026-05-06 20:44:30] ds_weather_v2_notehist cases_005  steps   1-  9: 17.8s  total: 17.8s  (10/100)
[2026-05-06 20:44:36] ds_online_v2_notehist cases_002  steps  61- 69: 168.4s  total: 675.3s  (70/100)
[2026-05-06 20:44:47] ds_weather_v2_notehist cases_005  steps  11- 19: 17.8s  total: 35.6s  (20/100)
[2026-05-06 20:45:07] ds_weather_v2_notehist cases_005  steps  21- 29: 19.4s  total: 55.0s  (30/100)
[2026-05-06 20:45:26] ds_weather_v2_notehist cases_005  steps  31- 39: 19.5s  total: 74.6s  (40/100)
[2026-05-06 20:45:47] ds_weather_v2_notehist cases_005  steps  41- 49: 20.1s  total: 94.7s  (50/100)
[2026-05-06 20:46:08] ds_weather_v2_notehist cases_005  steps  51- 59: 21.4s  total: 116.0s  (60/100)
[2026-05-06 20:46:30] ds_weather_v2_notehist cases_005  steps  61- 69: 21.7s  total: 137.8s  (70/100)
[2026-05-06 20:46:53] ds_weather_v2_notehist cases_005  steps  71- 79: 23.3s  total: 161.0s  (80/100)
[2026-05-06 20:47:17] ds_weather_v2_notehist cases_005  steps  81- 89: 23.9s  total: 184.9s  (90/100)
[2026-05-06 20:47:40] ds_weather_v2_notehist cases_005  steps  91- 99: 23.5s  total: 208.4s  (100/100)
[2026-05-06 20:47:41] DONE ds_weather_v2_notehist cases_005  total: 208.4s  (2.08s/step)
[2026-05-06 20:47:41]   tokens: 1,499,822 in + 1,988 out  cost: $0.4071
[2026-05-06 20:47:41] START ds_weather_v2_notehist cases_006 (100 steps, note-with-history)
[2026-05-06 20:47:52] ds_online_v2_notehist cases_002  steps  71- 79: 195.4s  total: 870.7s  (80/100)
[2026-05-06 20:47:59] ds_weather_v2_notehist cases_006  steps   1-  9: 18.0s  total: 18.0s  (10/100)
[2026-05-06 20:48:18] ds_weather_v2_notehist cases_006  steps  11- 19: 19.1s  total: 37.1s  (20/100)
[2026-05-06 20:48:39] ds_weather_v2_notehist cases_006  steps  21- 29: 21.6s  total: 58.7s  (30/100)
[2026-05-06 20:49:00] ds_weather_v2_notehist cases_006  steps  31- 39: 20.8s  total: 79.5s  (40/100)
[2026-05-06 20:49:23] ds_weather_v2_notehist cases_006  steps  41- 49: 22.8s  total: 102.3s  (50/100)
[2026-05-06 20:49:45] ds_weather_v2_notehist cases_006  steps  51- 59: 21.6s  total: 123.9s  (60/100)
[2026-05-06 20:50:07] ds_weather_v2_notehist cases_006  steps  61- 69: 22.5s  total: 146.4s  (70/100)
[2026-05-06 20:50:32] ds_weather_v2_notehist cases_006  steps  71- 79: 24.4s  total: 170.8s  (80/100)
[2026-05-06 20:50:55] ds_weather_v2_notehist cases_006  steps  81- 89: 23.9s  total: 194.7s  (90/100)
[2026-05-06 20:51:20] ds_weather_v2_notehist cases_006  steps  91- 99: 24.8s  total: 219.5s  (100/100)
[2026-05-06 20:51:21] DONE ds_weather_v2_notehist cases_006  total: 219.5s  (2.20s/step)
[2026-05-06 20:51:21]   tokens: 1,735,272 in + 2,792 out  cost: $0.4716
[2026-05-06 20:51:21] START ds_weather_v2_notehist cases_007 (100 steps, note-with-history)
[2026-05-06 20:51:31] ds_online_v2_notehist cases_002  steps  81- 89: 219.5s  total: 1090.2s  (90/100)
[2026-05-06 20:51:41] ds_weather_v2_notehist cases_007  steps   1-  9: 19.8s  total: 19.8s  (10/100)
[2026-05-06 20:52:02] ds_weather_v2_notehist cases_007  steps  11- 19: 21.0s  total: 40.9s  (20/100)
[2026-05-06 20:52:24] ds_weather_v2_notehist cases_007  steps  21- 29: 21.9s  total: 62.8s  (30/100)
[2026-05-06 20:52:46] ds_weather_v2_notehist cases_007  steps  31- 39: 22.5s  total: 85.3s  (40/100)
[2026-05-06 20:53:09] ds_weather_v2_notehist cases_007  steps  41- 49: 22.7s  total: 108.0s  (50/100)
[2026-05-06 20:53:32] ds_weather_v2_notehist cases_007  steps  51- 59: 23.0s  total: 131.0s  (60/100)
[2026-05-06 20:53:57] ds_weather_v2_notehist cases_007  steps  61- 69: 25.3s  total: 156.2s  (70/100)
[2026-05-06 20:54:23] ds_weather_v2_notehist cases_007  steps  71- 79: 25.8s  total: 182.1s  (80/100)
[2026-05-06 20:54:49] ds_weather_v2_notehist cases_007  steps  81- 89: 26.1s  total: 208.1s  (90/100)
[2026-05-06 20:55:15] ds_weather_v2_notehist cases_007  steps  91- 99: 25.7s  total: 233.9s  (100/100)
[2026-05-06 20:55:15] DONE ds_weather_v2_notehist cases_007  total: 233.9s  (2.34s/step)
[2026-05-06 20:55:15]   tokens: 2,092,856 in + 3,996 out  cost: $0.5695
[2026-05-06 20:55:15] START ds_weather_v2_notehist cases_008 (100 steps, note-with-history)
[2026-05-06 20:55:35] ds_weather_v2_notehist cases_008  steps   1-  9: 19.6s  total: 19.6s  (10/100)
[2026-05-06 20:55:39] ds_online_v2_notehist cases_002  steps  91- 99: 247.6s  total: 1337.8s  (100/100)
[2026-05-06 20:55:39] DONE ds_online_v2_notehist cases_002  total: 1337.8s  (13.38s/step)
[2026-05-06 20:55:39]   tokens: 19,295,560 in + 93,756 out  cost: $5.3129
[2026-05-06 20:55:39] START ds_online_v2_notehist cases_003 (100 steps, note-with-history)
[2026-05-06 20:55:57] ds_weather_v2_notehist cases_008  steps  11- 19: 22.7s  total: 42.3s  (20/100)
[2026-05-06 20:56:10] ds_online_v2_notehist cases_003  steps   1-  9: 30.5s  total: 30.5s  (10/100)
[2026-05-06 20:56:22] ds_weather_v2_notehist cases_008  steps  21- 29: 24.3s  total: 66.6s  (30/100)
[2026-05-06 20:56:47] ds_weather_v2_notehist cases_008  steps  31- 39: 25.2s  total: 91.8s  (40/100)
[2026-05-06 20:57:06] ds_online_v2_notehist cases_003  steps  11- 19: 56.3s  total: 86.8s  (20/100)
[2026-05-06 20:57:13] ds_weather_v2_notehist cases_008  steps  41- 49: 26.5s  total: 118.3s  (50/100)
[2026-05-06 20:57:42] ds_weather_v2_notehist cases_008  steps  51- 59: 29.0s  total: 147.3s  (60/100)
[2026-05-06 20:58:12] ds_weather_v2_notehist cases_008  steps  61- 69: 29.8s  total: 177.1s  (70/100)
[2026-05-06 20:58:29] ds_online_v2_notehist cases_003  steps  21- 29: 83.1s  total: 169.8s  (30/100)
[2026-05-06 20:58:43] ds_weather_v2_notehist cases_008  steps  71- 79: 30.7s  total: 207.9s  (80/100)
[2026-05-06 20:59:14] ds_weather_v2_notehist cases_008  steps  81- 89: 31.3s  total: 239.1s  (90/100)
[2026-05-06 20:59:48] ds_weather_v2_notehist cases_008  steps  91- 99: 33.6s  total: 272.7s  (100/100)
[2026-05-06 20:59:48] DONE ds_weather_v2_notehist cases_008  total: 272.7s  (2.73s/step)
[2026-05-06 20:59:48]   tokens: 2,663,020 in + 6,693 out  cost: $0.7264
[2026-05-06 20:59:48] START ds_weather_v2_notehist cases_009 (100 steps, note-with-history)
[2026-05-06 21:00:20] ds_weather_v2_notehist cases_009  steps   1-  9: 31.2s  total: 31.2s  (10/100)
[2026-05-06 21:00:23] ds_online_v2_notehist cases_003  steps  31- 39: 113.7s  total: 283.6s  (40/100)
[2026-05-06 21:00:43] ds_weather_v2_notehist cases_009  steps  11- 19: 23.2s  total: 54.4s  (20/100)
[2026-05-06 21:01:07] ds_weather_v2_notehist cases_009  steps  21- 29: 24.3s  total: 78.7s  (30/100)
[2026-05-06 21:01:31] ds_weather_v2_notehist cases_009  steps  31- 39: 23.9s  total: 102.6s  (40/100)
[2026-05-06 21:01:55] ds_weather_v2_notehist cases_009  steps  41- 49: 23.6s  total: 126.2s  (50/100)
[2026-05-06 21:02:19] ds_weather_v2_notehist cases_009  steps  51- 59: 24.6s  total: 150.7s  (60/100)
[2026-05-06 21:02:44] ds_weather_v2_notehist cases_009  steps  61- 69: 25.2s  total: 176.0s  (70/100)
[2026-05-06 21:02:56] ds_online_v2_notehist cases_003  steps  41- 49: 153.5s  total: 437.0s  (50/100)
[2026-05-06 21:03:11] ds_weather_v2_notehist cases_009  steps  71- 79: 27.0s  total: 203.0s  (80/100)
[2026-05-06 21:03:38] ds_weather_v2_notehist cases_009  steps  81- 89: 26.6s  total: 229.5s  (90/100)
[2026-05-06 21:04:05] ds_weather_v2_notehist cases_009  steps  91- 99: 26.8s  total: 256.3s  (100/100)
[2026-05-06 21:04:05] DONE ds_weather_v2_notehist cases_009  total: 256.3s  (2.56s/step)
[2026-05-06 21:04:05]   tokens: 1,976,824 in + 3,600 out  cost: $0.5377
[2026-05-06 21:04:05] START ds_weather_v2_notehist cases_010 (100 steps, note-with-history)
[2026-05-06 21:04:25] ds_weather_v2_notehist cases_010  steps   1-  9: 19.8s  total: 19.8s  (10/100)
[2026-05-06 21:04:47] ds_weather_v2_notehist cases_010  steps  11- 19: 22.1s  total: 41.9s  (20/100)
[2026-05-06 21:05:10] ds_weather_v2_notehist cases_010  steps  21- 29: 23.0s  total: 64.8s  (30/100)
[2026-05-06 21:05:33] ds_weather_v2_notehist cases_010  steps  31- 39: 23.3s  total: 88.1s  (40/100)
[2026-05-06 21:05:58] ds_weather_v2_notehist cases_010  steps  41- 49: 24.2s  total: 112.3s  (50/100)
[2026-05-06 21:05:59] ds_online_v2_notehist cases_003  steps  51- 59: 183.0s  total: 620.0s  (60/100)
[2026-05-06 21:06:23] ds_weather_v2_notehist cases_010  steps  51- 59: 25.0s  total: 137.3s  (60/100)
[2026-05-06 21:06:48] ds_weather_v2_notehist cases_010  steps  61- 69: 25.2s  total: 162.6s  (70/100)
[2026-05-06 21:07:14] ds_weather_v2_notehist cases_010  steps  71- 79: 26.4s  total: 188.9s  (80/100)
[2026-05-06 21:07:42] ds_weather_v2_notehist cases_010  steps  81- 89: 27.8s  total: 216.7s  (90/100)
[2026-05-06 21:08:09] ds_weather_v2_notehist cases_010  steps  91- 99: 26.9s  total: 243.6s  (100/100)
[2026-05-06 21:08:09] DONE ds_weather_v2_notehist cases_010  total: 243.6s  (2.44s/step)
[2026-05-06 21:08:09]   tokens: 1,976,824 in + 3,600 out  cost: $0.5377
[2026-05-06 21:08:09] START ds_weather_v2_notehist cases_011 (100 steps, note-with-history)
[2026-05-06 21:08:30] ds_weather_v2_notehist cases_011  steps   1-  9: 20.3s  total: 20.3s  (10/100)
[2026-05-06 21:08:52] ds_weather_v2_notehist cases_011  steps  11- 19: 22.2s  total: 42.5s  (20/100)
[2026-05-06 21:09:16] ds_weather_v2_notehist cases_011  steps  21- 29: 24.5s  total: 67.0s  (30/100)
[2026-05-06 21:09:38] ds_online_v2_notehist cases_003  steps  61- 69: 218.9s  total: 839.0s  (70/100)
[2026-05-06 21:09:42] ds_weather_v2_notehist cases_011  steps  31- 39: 25.2s  total: 92.2s  (40/100)
[2026-05-06 21:10:05] ds_weather_v2_notehist cases_011  steps  41- 49: 23.5s  total: 115.7s  (50/100)
[2026-05-06 21:10:30] ds_weather_v2_notehist cases_011  steps  51- 59: 25.1s  total: 140.8s  (60/100)
[2026-05-06 21:10:56] ds_weather_v2_notehist cases_011  steps  61- 69: 26.0s  total: 166.8s  (70/100)
[2026-05-06 21:11:22] ds_weather_v2_notehist cases_011  steps  71- 79: 26.3s  total: 193.1s  (80/100)
[2026-05-06 21:11:50] ds_weather_v2_notehist cases_011  steps  81- 89: 27.6s  total: 220.7s  (90/100)
[2026-05-06 21:12:17] ds_weather_v2_notehist cases_011  steps  91- 99: 26.7s  total: 247.5s  (100/100)
[2026-05-06 21:12:17] DONE ds_weather_v2_notehist cases_011  total: 247.5s  (2.47s/step)
[2026-05-06 21:12:17]   tokens: 1,976,824 in + 3,600 out  cost: $0.5377
[2026-05-06 21:12:17] START ds_weather_v2_notehist cases_012 (100 steps, note-with-history)
[2026-05-06 21:12:40] ds_weather_v2_notehist cases_012  steps   1-  9: 22.4s  total: 22.4s  (10/100)
[2026-05-06 21:13:04] ds_weather_v2_notehist cases_012  steps  11- 19: 24.0s  total: 46.4s  (20/100)
[2026-05-06 21:13:30] ds_weather_v2_notehist cases_012  steps  21- 29: 26.5s  total: 72.9s  (30/100)
[2026-05-06 21:13:55] ds_online_v2_notehist cases_003  steps  71- 79: 256.4s  total: 1095.3s  (80/100)
[2026-05-06 21:13:58] ds_weather_v2_notehist cases_012  steps  31- 39: 27.6s  total: 100.5s  (40/100)
[2026-05-06 21:14:27] ds_weather_v2_notehist cases_012  steps  41- 49: 28.8s  total: 129.3s  (50/100)
[2026-05-06 21:14:57] ds_weather_v2_notehist cases_012  steps  51- 59: 30.5s  total: 159.8s  (60/100)
[2026-05-06 21:15:30] ds_weather_v2_notehist cases_012  steps  61- 69: 33.2s  total: 193.1s  (70/100)
[2026-05-06 21:16:04] ds_weather_v2_notehist cases_012  steps  71- 79: 33.2s  total: 226.2s  (80/100)
[2026-05-06 21:16:38] ds_weather_v2_notehist cases_012  steps  81- 89: 34.3s  total: 260.5s  (90/100)
[2026-05-06 21:17:12] ds_weather_v2_notehist cases_012  steps  91- 99: 34.2s  total: 294.7s  (100/100)
[2026-05-06 21:17:12] DONE ds_weather_v2_notehist cases_012  total: 294.7s  (2.95s/step)
[2026-05-06 21:17:12]   tokens: 2,762,252 in + 6,979 out  cost: $0.7535
[2026-05-06 21:17:13] START ds_weather_v2_notehist cases_013 (100 steps, note-with-history)
[2026-05-06 21:17:33] ds_weather_v2_notehist cases_013  steps   1-  9: 20.5s  total: 20.5s  (10/100)
[2026-05-06 21:17:54] ds_weather_v2_notehist cases_013  steps  11- 19: 20.8s  total: 41.3s  (20/100)
[2026-05-06 21:18:17] ds_weather_v2_notehist cases_013  steps  21- 29: 23.6s  total: 64.9s  (30/100)
[2026-05-06 21:18:42] ds_weather_v2_notehist cases_013  steps  31- 39: 24.2s  total: 89.1s  (40/100)
[2026-05-06 21:18:50] ds_online_v2_notehist cases_003  steps  81- 89: 295.9s  total: 1391.2s  (90/100)
[2026-05-06 21:19:06] ds_weather_v2_notehist cases_013  steps  41- 49: 24.2s  total: 113.3s  (50/100)
[2026-05-06 21:19:31] ds_weather_v2_notehist cases_013  steps  51- 59: 24.9s  total: 138.2s  (60/100)
[2026-05-06 21:19:56] ds_weather_v2_notehist cases_013  steps  61- 69: 24.8s  total: 163.0s  (70/100)
[2026-05-06 21:20:21] ds_weather_v2_notehist cases_013  steps  71- 79: 25.9s  total: 189.0s  (80/100)
[2026-05-06 21:20:49] ds_weather_v2_notehist cases_013  steps  81- 89: 27.0s  total: 216.0s  (90/100)
[2026-05-06 21:21:16] ds_weather_v2_notehist cases_013  steps  91- 99: 27.3s  total: 243.4s  (100/100)
[2026-05-06 21:21:16] DONE ds_weather_v2_notehist cases_013  total: 243.4s  (2.43s/step)
[2026-05-06 21:21:16]   tokens: 1,976,824 in + 3,600 out  cost: $0.5377
[2026-05-06 21:21:16] START ds_weather_v2_notehist cases_014 (100 steps, note-with-history)
[2026-05-06 21:21:36] ds_weather_v2_notehist cases_014  steps   1-  9: 20.1s  total: 20.1s  (10/100)
[2026-05-06 21:21:58] ds_weather_v2_notehist cases_014  steps  11- 19: 21.2s  total: 41.3s  (20/100)
[2026-05-06 21:22:21] ds_weather_v2_notehist cases_014  steps  21- 29: 23.1s  total: 64.4s  (30/100)
[2026-05-06 21:22:45] ds_weather_v2_notehist cases_014  steps  31- 39: 23.8s  total: 88.1s  (40/100)
[2026-05-06 21:23:08] ds_weather_v2_notehist cases_014  steps  41- 49: 23.6s  total: 111.7s  (50/100)
[2026-05-06 21:23:33] ds_weather_v2_notehist cases_014  steps  51- 59: 25.0s  total: 136.7s  (60/100)
[2026-05-06 21:23:59] ds_weather_v2_notehist cases_014  steps  61- 69: 25.6s  total: 162.3s  (70/100)
[2026-05-06 21:24:16] ds_online_v2_notehist cases_003  steps  91- 99: 325.7s  total: 1716.9s  (100/100)
[2026-05-06 21:24:17] DONE ds_online_v2_notehist cases_003  total: 1716.9s  (17.17s/step)
[2026-05-06 21:24:17]   tokens: 22,076,945 in + 107,825 out  cost: $6.0794
[2026-05-06 21:24:17] START ds_online_v2_notehist cases_004 (100 steps, note-with-history)
[2026-05-06 21:24:25] ds_weather_v2_notehist cases_014  steps  71- 79: 26.4s  total: 188.7s  (80/100)
[2026-05-06 21:24:38] ds_online_v2_notehist cases_004  steps   1-  9: 20.5s  total: 20.5s  (10/100)
[2026-05-06 21:24:51] ds_weather_v2_notehist cases_014  steps  81- 89: 26.2s  total: 214.9s  (90/100)
[2026-05-06 21:24:58] ds_online_v2_notehist cases_004  steps  11- 19: 20.5s  total: 41.0s  (20/100)
[2026-05-06 21:25:18] ds_weather_v2_notehist cases_014  steps  91- 99: 26.8s  total: 241.7s  (100/100)
[2026-05-06 21:25:19] DONE ds_weather_v2_notehist cases_014  total: 241.7s  (2.42s/step)
[2026-05-06 21:25:19]   tokens: 1,976,824 in + 3,600 out  cost: $0.5377
[2026-05-06 21:25:19] START ds_weather_v2_notehist cases_015 (100 steps, note-with-history)
[2026-05-06 21:25:20] ds_online_v2_notehist cases_004  steps  21- 29: 22.0s  total: 63.0s  (30/100)
[2026-05-06 21:25:42] ds_weather_v2_notehist cases_015  steps   1-  9: 23.5s  total: 23.5s  (10/100)
[2026-05-06 21:25:44] ds_online_v2_notehist cases_004  steps  31- 39: 24.0s  total: 86.9s  (40/100)
[2026-05-06 21:26:04] ds_weather_v2_notehist cases_015  steps  11- 19: 22.0s  total: 45.5s  (20/100)
[2026-05-06 21:26:07] ds_online_v2_notehist cases_004  steps  41- 49: 23.0s  total: 109.9s  (50/100)
[2026-05-06 21:26:28] ds_weather_v2_notehist cases_015  steps  21- 29: 24.1s  total: 69.6s  (30/100)
[2026-05-06 21:26:32] ds_online_v2_notehist cases_004  steps  51- 59: 25.1s  total: 135.0s  (60/100)
[2026-05-06 21:26:51] ds_weather_v2_notehist cases_015  steps  31- 39: 23.0s  total: 92.5s  (40/100)
[2026-05-06 21:26:56] ds_online_v2_notehist cases_004  steps  61- 69: 23.7s  total: 158.6s  (70/100)
[2026-05-06 21:27:16] ds_weather_v2_notehist cases_015  steps  41- 49: 24.5s  total: 117.0s  (50/100)
[2026-05-06 21:27:20] ds_online_v2_notehist cases_004  steps  71- 79: 24.3s  total: 183.0s  (80/100)
[2026-05-06 21:27:40] ds_weather_v2_notehist cases_015  steps  51- 59: 24.2s  total: 141.2s  (60/100)
[2026-05-06 21:27:46] ds_online_v2_notehist cases_004  steps  81- 89: 26.0s  total: 208.9s  (90/100)
[2026-05-06 21:28:06] ds_weather_v2_notehist cases_015  steps  61- 69: 26.0s  total: 167.3s  (70/100)
[2026-05-06 21:28:12] ds_online_v2_notehist cases_004  steps  91- 99: 26.2s  total: 235.2s  (100/100)
[2026-05-06 21:28:13] DONE ds_online_v2_notehist cases_004  total: 235.2s  (2.35s/step)
[2026-05-06 21:28:13]   tokens: 1,765,670 in + 3,193 out  cost: $0.4802
[2026-05-06 21:28:13] START ds_online_v2_notehist cases_005 (100 steps, note-with-history)
[2026-05-06 21:28:33] ds_weather_v2_notehist cases_015  steps  71- 79: 27.5s  total: 194.8s  (80/100)
[2026-05-06 21:28:45] ds_online_v2_notehist cases_005  steps   1-  9: 32.6s  total: 32.6s  (10/100)
[2026-05-06 21:29:00] ds_weather_v2_notehist cases_015  steps  81- 89: 26.3s  total: 221.0s  (90/100)
[2026-05-06 21:29:26] ds_weather_v2_notehist cases_015  steps  91- 99: 26.7s  total: 247.7s  (100/100)
[2026-05-06 21:29:27] DONE ds_weather_v2_notehist cases_015  total: 247.7s  (2.48s/step)
[2026-05-06 21:29:27]   tokens: 1,976,824 in + 3,600 out  cost: $0.5377
[2026-05-06 21:29:27] START ds_weather_v2_notehist cases_016 (100 steps, note-with-history)
[2026-05-06 21:29:40] ds_online_v2_notehist cases_005  steps  11- 19: 54.2s  total: 86.8s  (20/100)
[2026-05-06 21:29:47] ds_weather_v2_notehist cases_016  steps   1-  9: 20.4s  total: 20.4s  (10/100)
[2026-05-06 21:30:09] ds_weather_v2_notehist cases_016  steps  11- 19: 22.2s  total: 42.6s  (20/100)
[2026-05-06 21:30:34] ds_weather_v2_notehist cases_016  steps  21- 29: 24.7s  total: 67.3s  (30/100)
[2026-05-06 21:30:54] ds_online_v2_notehist cases_005  steps  21- 29: 74.3s  total: 161.1s  (30/100)
[2026-05-06 21:31:00] ds_weather_v2_notehist cases_016  steps  31- 39: 25.6s  total: 92.9s  (40/100)
[2026-05-06 21:31:24] ds_weather_v2_notehist cases_016  steps  41- 49: 24.2s  total: 117.1s  (50/100)
[2026-05-06 21:31:48] ds_weather_v2_notehist cases_016  steps  51- 59: 24.5s  total: 141.6s  (60/100)
[2026-05-06 21:32:13] ds_weather_v2_notehist cases_016  steps  61- 69: 24.9s  total: 166.5s  (70/100)
[2026-05-06 21:32:29] ds_online_v2_notehist cases_005  steps  31- 39: 94.9s  total: 256.0s  (40/100)
[2026-05-06 21:32:39] ds_weather_v2_notehist cases_016  steps  71- 79: 26.1s  total: 192.7s  (80/100)
[2026-05-06 21:33:07] ds_weather_v2_notehist cases_016  steps  81- 89: 27.2s  total: 219.9s  (90/100)
[2026-05-06 21:33:34] ds_weather_v2_notehist cases_016  steps  91- 99: 27.7s  total: 247.6s  (100/100)
[2026-05-06 21:33:35] DONE ds_weather_v2_notehist cases_016  total: 247.6s  (2.48s/step)
[2026-05-06 21:33:35]   tokens: 1,976,824 in + 3,600 out  cost: $0.5377
[2026-05-06 21:33:35] START ds_weather_v2_notehist cases_017 (100 steps, note-with-history)
[2026-05-06 21:33:58] ds_weather_v2_notehist cases_017  steps   1-  9: 22.6s  total: 22.6s  (10/100)
[2026-05-06 21:34:20] ds_weather_v2_notehist cases_017  steps  11- 19: 22.3s  total: 44.9s  (20/100)
[2026-05-06 21:34:24] ds_online_v2_notehist cases_005  steps  41- 49: 115.7s  total: 371.7s  (50/100)
[2026-05-06 21:34:46] ds_weather_v2_notehist cases_017  steps  21- 29: 25.7s  total: 70.6s  (30/100)
[2026-05-06 21:35:11] ds_weather_v2_notehist cases_017  steps  31- 39: 25.7s  total: 96.4s  (40/100)
[2026-05-06 21:35:37] ds_weather_v2_notehist cases_017  steps  41- 49: 25.7s  total: 122.1s  (50/100)
[2026-05-06 21:36:04] ds_weather_v2_notehist cases_017  steps  51- 59: 27.5s  total: 149.6s  (60/100)
[2026-05-06 21:36:31] ds_weather_v2_notehist cases_017  steps  61- 69: 26.7s  total: 176.3s  (70/100)
[2026-05-06 21:36:46] ds_online_v2_notehist cases_005  steps  51- 59: 141.3s  total: 512.9s  (60/100)
[2026-05-06 21:36:59] ds_weather_v2_notehist cases_017  steps  71- 79: 28.2s  total: 204.5s  (80/100)
[2026-05-06 21:37:28] ds_weather_v2_notehist cases_017  steps  81- 89: 28.8s  total: 233.4s  (90/100)
[2026-05-06 21:37:56] ds_weather_v2_notehist cases_017  steps  91- 99: 28.1s  total: 261.5s  (100/100)
[2026-05-06 21:37:57] DONE ds_weather_v2_notehist cases_017  total: 261.5s  (2.61s/step)
[2026-05-06 21:37:57]   tokens: 2,222,248 in + 4,498 out  cost: $0.6050
[2026-05-06 21:37:57] START ds_weather_v2_notehist cases_018 (100 steps, note-with-history)
[2026-05-06 21:38:16] ds_weather_v2_notehist cases_018  steps   1-  9: 18.8s  total: 18.8s  (10/100)
[2026-05-06 21:38:36] ds_weather_v2_notehist cases_018  steps  11- 19: 19.6s  total: 38.4s  (20/100)
[2026-05-06 21:38:58] ds_weather_v2_notehist cases_018  steps  21- 29: 21.8s  total: 60.2s  (30/100)
[2026-05-06 21:39:19] ds_weather_v2_notehist cases_018  steps  31- 39: 21.5s  total: 81.7s  (40/100)
[2026-05-06 21:39:23] ds_online_v2_notehist cases_005  steps  61- 69: 157.3s  total: 670.3s  (70/100)
[2026-05-06 21:39:41] ds_weather_v2_notehist cases_018  steps  41- 49: 21.5s  total: 103.2s  (50/100)
[2026-05-06 21:40:03] ds_weather_v2_notehist cases_018  steps  51- 59: 22.7s  total: 125.9s  (60/100)
[2026-05-06 21:40:26] ds_weather_v2_notehist cases_018  steps  61- 69: 22.4s  total: 148.3s  (70/100)
[2026-05-06 21:40:50] ds_weather_v2_notehist cases_018  steps  71- 79: 24.3s  total: 172.6s  (80/100)
[2026-05-06 21:41:15] ds_weather_v2_notehist cases_018  steps  81- 89: 24.7s  total: 197.3s  (90/100)
[2026-05-06 21:41:40] ds_weather_v2_notehist cases_018  steps  91- 99: 25.2s  total: 222.6s  (100/100)
[2026-05-06 21:41:40] DONE ds_weather_v2_notehist cases_018  total: 222.6s  (2.23s/step)
[2026-05-06 21:41:40]   tokens: 1,619,240 in + 2,396 out  cost: $0.4398
[2026-05-06 21:41:41] START ds_weather_v2_notehist cases_019 (100 steps, note-with-history)
[2026-05-06 21:42:01] ds_weather_v2_notehist cases_019  steps   1-  9: 20.7s  total: 20.7s  (10/100)
[2026-05-06 21:42:18] ds_online_v2_notehist cases_005  steps  71- 79: 175.0s  total: 845.2s  (80/100)
[2026-05-06 21:42:23] ds_weather_v2_notehist cases_019  steps  11- 19: 21.9s  total: 42.6s  (20/100)
[2026-05-06 21:42:47] ds_weather_v2_notehist cases_019  steps  21- 29: 23.7s  total: 66.2s  (30/100)
[2026-05-06 21:43:10] ds_weather_v2_notehist cases_019  steps  31- 39: 23.6s  total: 89.8s  (40/100)
[2026-05-06 21:43:35] ds_weather_v2_notehist cases_019  steps  41- 49: 24.9s  total: 114.7s  (50/100)
[2026-05-06 21:43:58] ds_weather_v2_notehist cases_019  steps  51- 59: 23.1s  total: 137.8s  (60/100)
[2026-05-06 21:44:25] ds_weather_v2_notehist cases_019  steps  61- 69: 26.2s  total: 164.1s  (70/100)
[2026-05-06 21:44:51] ds_weather_v2_notehist cases_019  steps  71- 79: 26.5s  total: 190.5s  (80/100)
[2026-05-06 21:45:18] ds_weather_v2_notehist cases_019  steps  81- 89: 26.8s  total: 217.3s  (90/100)
[2026-05-06 21:45:32] ds_online_v2_notehist cases_005  steps  81- 89: 193.5s  total: 1038.8s  (90/100)
[2026-05-06 21:45:45] ds_weather_v2_notehist cases_019  steps  91- 99: 27.6s  total: 244.9s  (100/100)
[2026-05-06 21:45:46] DONE ds_weather_v2_notehist cases_019  total: 244.9s  (2.45s/step)
[2026-05-06 21:45:46]   tokens: 2,069,388 in + 3,956 out  cost: $0.5631
[2026-05-06 21:45:46] START ds_weather_v2_notehist cases_020 (100 steps, note-with-history)
[2026-05-06 21:46:06] ds_weather_v2_notehist cases_020  steps   1-  9: 20.0s  total: 20.0s  (10/100)
[2026-05-06 21:46:27] ds_weather_v2_notehist cases_020  steps  11- 19: 21.1s  total: 41.1s  (20/100)
[2026-05-06 21:46:51] ds_weather_v2_notehist cases_020  steps  21- 29: 23.8s  total: 64.8s  (30/100)
[2026-05-06 21:47:14] ds_weather_v2_notehist cases_020  steps  31- 39: 23.5s  total: 88.4s  (40/100)
[2026-05-06 21:47:39] ds_weather_v2_notehist cases_020  steps  41- 49: 24.8s  total: 113.2s  (50/100)
[2026-05-06 21:48:04] ds_weather_v2_notehist cases_020  steps  51- 59: 25.0s  total: 138.2s  (60/100)
[2026-05-06 21:48:32] ds_weather_v2_notehist cases_020  steps  61- 69: 27.8s  total: 166.0s  (70/100)
[2026-05-06 21:49:00] ds_weather_v2_notehist cases_020  steps  71- 79: 27.6s  total: 193.6s  (80/100)
[2026-05-06 21:49:08] ds_online_v2_notehist cases_005  steps  91- 99: 216.5s  total: 1255.3s  (100/100)
[2026-05-06 21:49:09] DONE ds_online_v2_notehist cases_005  total: 1255.3s  (12.55s/step)
[2026-05-06 21:49:09]   tokens: 15,815,924 in + 74,580 out  cost: $4.3523
[2026-05-06 21:49:09] START ds_online_v2_notehist cases_006 (100 steps, note-with-history)
[2026-05-06 21:49:28] ds_weather_v2_notehist cases_020  steps  81- 89: 28.1s  total: 221.7s  (90/100)
[2026-05-06 21:49:44] ds_online_v2_notehist cases_006  steps   1-  9: 35.4s  total: 35.4s  (10/100)
[2026-05-06 21:49:56] ds_weather_v2_notehist cases_020  steps  91- 99: 28.0s  total: 249.7s  (100/100)
[2026-05-06 21:49:56] DONE ds_weather_v2_notehist cases_020  total: 249.7s  (2.50s/step)
[2026-05-06 21:49:56]   tokens: 2,095,228 in + 4,000 out  cost: $0.5701
[2026-05-06 21:49:56] START ds_weather_v2_notehist cases_021 (100 steps, note-with-history)
[2026-05-06 21:50:17] ds_weather_v2_notehist cases_021  steps   1-  9: 21.2s  total: 21.2s  (10/100)
[2026-05-06 21:50:40] ds_weather_v2_notehist cases_021  steps  11- 19: 22.9s  total: 44.2s  (20/100)
[2026-05-06 21:50:46] ds_online_v2_notehist cases_006  steps  11- 19: 62.2s  total: 97.7s  (20/100)
[2026-05-06 21:51:04] ds_weather_v2_notehist cases_021  steps  21- 29: 23.9s  total: 68.0s  (30/100)
[2026-05-06 21:51:29] ds_weather_v2_notehist cases_021  steps  31- 39: 25.1s  total: 93.1s  (40/100)
[2026-05-06 21:51:54] ds_weather_v2_notehist cases_021  steps  41- 49: 24.6s  total: 117.7s  (50/100)
[2026-05-06 21:52:15] ds_online_v2_notehist cases_006  steps  21- 29: 89.0s  total: 186.6s  (30/100)
[2026-05-06 21:52:19] ds_weather_v2_notehist cases_021  steps  51- 59: 25.2s  total: 142.8s  (60/100)
[2026-05-06 21:52:47] ds_weather_v2_notehist cases_021  steps  61- 69: 28.1s  total: 170.9s  (70/100)
[2026-05-06 21:53:15] ds_weather_v2_notehist cases_021  steps  71- 79: 27.9s  total: 198.9s  (80/100)
[2026-05-06 21:53:42] ds_weather_v2_notehist cases_021  steps  81- 89: 27.2s  total: 226.0s  (90/100)
[2026-05-06 21:54:10] ds_weather_v2_notehist cases_021  steps  91- 99: 27.7s  total: 253.7s  (100/100)
[2026-05-06 21:54:11] DONE ds_weather_v2_notehist cases_021  total: 253.7s  (2.54s/step)
[2026-05-06 21:54:11]   tokens: 2,092,856 in + 3,996 out  cost: $0.5695
[2026-05-06 21:54:11] ds_online_v2_notehist cases_006  steps  31- 39: 115.4s  total: 302.1s  (40/100)
[2026-05-06 21:54:11] START ds_weather_v2_notehist cases_022 (100 steps, note-with-history)
[2026-05-06 21:54:31] ds_weather_v2_notehist cases_022  steps   1-  9: 20.3s  total: 20.3s  (10/100)
[2026-05-06 21:54:52] ds_weather_v2_notehist cases_022  steps  11- 19: 21.3s  total: 41.6s  (20/100)
[2026-05-06 21:55:17] ds_weather_v2_notehist cases_022  steps  21- 29: 24.3s  total: 65.8s  (30/100)
[2026-05-06 21:55:40] ds_weather_v2_notehist cases_022  steps  31- 39: 23.4s  total: 89.2s  (40/100)
[2026-05-06 21:56:04] ds_weather_v2_notehist cases_022  steps  41- 49: 24.5s  total: 113.7s  (50/100)
[2026-05-06 21:56:29] ds_weather_v2_notehist cases_022  steps  51- 59: 24.4s  total: 138.1s  (60/100)
[2026-05-06 21:56:33] ds_online_v2_notehist cases_006  steps  41- 49: 142.1s  total: 444.2s  (50/100)
[2026-05-06 21:56:57] ds_weather_v2_notehist cases_022  steps  61- 69: 28.0s  total: 166.1s  (70/100)
[2026-05-06 21:57:23] ds_weather_v2_notehist cases_022  steps  71- 79: 26.2s  total: 192.3s  (80/100)
[2026-05-06 21:57:50] ds_weather_v2_notehist cases_022  steps  81- 89: 26.9s  total: 219.2s  (90/100)
[2026-05-06 21:58:17] ds_weather_v2_notehist cases_022  steps  91- 99: 26.7s  total: 245.9s  (100/100)
[2026-05-06 21:58:17] DONE ds_weather_v2_notehist cases_022  total: 245.9s  (2.46s/step)
[2026-05-06 21:58:17]   tokens: 1,976,824 in + 3,600 out  cost: $0.5377
[2026-05-06 21:58:17] START ds_weather_v2_notehist cases_023 (100 steps, note-with-history)
[2026-05-06 21:58:38] ds_weather_v2_notehist cases_023  steps   1-  9: 20.9s  total: 20.9s  (10/100)
[2026-05-06 21:59:02] ds_weather_v2_notehist cases_023  steps  11- 19: 23.7s  total: 44.6s  (20/100)
[2026-05-06 21:59:23] ds_online_v2_notehist cases_006  steps  51- 59: 170.4s  total: 614.6s  (60/100)
[2026-05-06 21:59:25] ds_weather_v2_notehist cases_023  steps  21- 29: 23.4s  total: 68.0s  (30/100)
[2026-05-06 21:59:49] ds_weather_v2_notehist cases_023  steps  31- 39: 24.3s  total: 92.2s  (40/100)
[2026-05-06 22:00:16] ds_weather_v2_notehist cases_023  steps  41- 49: 26.2s  total: 118.4s  (50/100)
[2026-05-06 22:00:44] ds_weather_v2_notehist cases_023  steps  51- 59: 28.7s  total: 147.1s  (60/100)
[2026-05-06 22:01:13] ds_weather_v2_notehist cases_023  steps  61- 69: 29.0s  total: 176.1s  (70/100)
[2026-05-06 22:01:41] ds_weather_v2_notehist cases_023  steps  71- 79: 27.9s  total: 204.0s  (80/100)
[2026-05-06 22:02:10] ds_weather_v2_notehist cases_023  steps  81- 89: 28.6s  total: 232.7s  (90/100)
[2026-05-06 22:02:38] ds_weather_v2_notehist cases_023  steps  91- 99: 28.1s  total: 260.7s  (100/100)
[2026-05-06 22:02:38] DONE ds_weather_v2_notehist cases_023  total: 260.7s  (2.61s/step)
[2026-05-06 22:02:38]   tokens: 2,079,846 in + 3,974 out  cost: $0.5659
[2026-05-06 22:02:38] START ds_weather_v2_notehist cases_024 (100 steps, note-with-history)
[2026-05-06 22:02:50] ds_online_v2_notehist cases_006  steps  61- 69: 206.8s  total: 821.4s  (70/100)
[2026-05-06 22:02:59] ds_weather_v2_notehist cases_024  steps   1-  9: 20.1s  total: 20.1s  (10/100)
[2026-05-06 22:03:18] ds_weather_v2_notehist cases_024  steps  11- 19: 19.7s  total: 39.8s  (20/100)
[2026-05-06 22:03:41] ds_weather_v2_notehist cases_024  steps  21- 29: 22.7s  total: 62.5s  (30/100)
[2026-05-06 22:04:04] ds_weather_v2_notehist cases_024  steps  31- 39: 23.5s  total: 86.0s  (40/100)
[2026-05-06 22:04:26] ds_weather_v2_notehist cases_024  steps  41- 49: 21.8s  total: 107.8s  (50/100)
[2026-05-06 22:04:49] ds_weather_v2_notehist cases_024  steps  51- 59: 23.0s  total: 130.9s  (60/100)
[2026-05-06 22:05:13] ds_weather_v2_notehist cases_024  steps  61- 69: 23.9s  total: 154.7s  (70/100)
[2026-05-06 22:05:39] ds_weather_v2_notehist cases_024  steps  71- 79: 26.1s  total: 180.8s  (80/100)
[2026-05-06 22:06:05] ds_weather_v2_notehist cases_024  steps  81- 89: 25.5s  total: 206.3s  (90/100)
[2026-05-06 22:06:31] ds_weather_v2_notehist cases_024  steps  91- 99: 26.5s  total: 232.8s  (100/100)
[2026-05-06 22:06:32] DONE ds_weather_v2_notehist cases_024  total: 232.8s  (2.33s/step)
[2026-05-06 22:06:32]   tokens: 1,702,155 in + 2,686 out  cost: $0.4625
[2026-05-06 22:06:32] START ds_weather_v2_notehist cases_025 (100 steps, note-with-history)
[2026-05-06 22:06:35] ds_online_v2_notehist cases_006  steps  71- 79: 225.3s  total: 1046.8s  (80/100)
[2026-05-06 22:06:54] ds_weather_v2_notehist cases_025  steps   1-  9: 21.9s  total: 21.9s  (10/100)
[2026-05-06 22:07:17] ds_weather_v2_notehist cases_025  steps  11- 19: 22.6s  total: 44.5s  (20/100)
[2026-05-06 22:07:43] ds_weather_v2_notehist cases_025  steps  21- 29: 26.4s  total: 70.8s  (30/100)
[2026-05-06 22:08:08] ds_weather_v2_notehist cases_025  steps  31- 39: 24.9s  total: 95.7s  (40/100)
[2026-05-06 22:08:32] ds_weather_v2_notehist cases_025  steps  41- 49: 23.8s  total: 119.6s  (50/100)
[2026-05-06 22:08:56] ds_weather_v2_notehist cases_025  steps  51- 59: 24.2s  total: 143.8s  (60/100)
[2026-05-06 22:09:21] ds_weather_v2_notehist cases_025  steps  61- 69: 24.7s  total: 168.4s  (70/100)
[2026-05-06 22:09:48] ds_weather_v2_notehist cases_025  steps  71- 79: 27.1s  total: 195.5s  (80/100)
[2026-05-06 22:10:16] ds_weather_v2_notehist cases_025  steps  81- 89: 27.8s  total: 223.3s  (90/100)
[2026-05-06 22:10:44] ds_weather_v2_notehist cases_025  steps  91- 99: 28.8s  total: 252.1s  (100/100)
[2026-05-06 22:10:45] DONE ds_weather_v2_notehist cases_025  total: 252.1s  (2.52s/step)
[2026-05-06 22:10:45]   tokens: 1,976,824 in + 3,600 out  cost: $0.5377
[2026-05-06 22:10:45] START ds_weather_v2_notehist cases_026 (100 steps, note-with-history)
[2026-05-06 22:10:51] ds_online_v2_notehist cases_006  steps  81- 89: 256.0s  total: 1302.8s  (90/100)
[2026-05-06 22:11:05] ds_weather_v2_notehist cases_026  steps   1-  9: 20.5s  total: 20.5s  (10/100)
[2026-05-06 22:11:27] ds_weather_v2_notehist cases_026  steps  11- 19: 21.4s  total: 41.9s  (20/100)
[2026-05-06 22:11:51] ds_weather_v2_notehist cases_026  steps  21- 29: 24.1s  total: 66.0s  (30/100)
[2026-05-06 22:12:15] ds_weather_v2_notehist cases_026  steps  31- 39: 23.6s  total: 89.6s  (40/100)
[2026-05-06 22:12:41] ds_weather_v2_notehist cases_026  steps  41- 49: 26.4s  total: 116.1s  (50/100)
[2026-05-06 22:13:06] ds_weather_v2_notehist cases_026  steps  51- 59: 24.6s  total: 140.6s  (60/100)
[2026-05-06 22:13:32] ds_weather_v2_notehist cases_026  steps  61- 69: 26.4s  total: 167.0s  (70/100)
[2026-05-06 22:13:59] ds_weather_v2_notehist cases_026  steps  71- 79: 26.9s  total: 193.9s  (80/100)
[2026-05-06 22:14:26] ds_weather_v2_notehist cases_026  steps  81- 89: 26.8s  total: 220.7s  (90/100)
[2026-05-06 22:17:35] START ds_online_v2_notehist cases_006 (100 steps, note-with-history)
[2026-05-06 22:17:35] START ds_weather_v2_notehist cases_026 (100 steps, note-with-history)
[2026-05-06 22:17:57] ds_weather_v2_notehist cases_026  steps   1-  9: 22.2s  total: 22.2s  (10/100)
[2026-05-06 22:17:57] ds_online_v2_notehist cases_006  steps   1-  9: 22.4s  total: 22.4s  (10/100)
[2026-05-06 22:18:19] ds_weather_v2_notehist cases_026  steps  11- 19: 22.3s  total: 44.5s  (20/100)
[2026-05-06 22:18:21] ds_online_v2_notehist cases_006  steps  11- 19: 23.4s  total: 45.8s  (20/100)
[2026-05-06 22:18:43] ds_weather_v2_notehist cases_026  steps  21- 29: 23.7s  total: 68.3s  (30/100)
[2026-05-06 22:18:45] ds_online_v2_notehist cases_006  steps  21- 29: 23.9s  total: 69.7s  (30/100)
[2026-05-06 22:19:08] ds_weather_v2_notehist cases_026  steps  31- 39: 24.8s  total: 93.1s  (40/100)
[2026-05-06 22:19:09] ds_online_v2_notehist cases_006  steps  31- 39: 24.2s  total: 93.9s  (40/100)
[2026-05-06 22:19:33] ds_weather_v2_notehist cases_026  steps  41- 49: 25.3s  total: 118.4s  (50/100)
[2026-05-06 22:19:33] ds_online_v2_notehist cases_006  steps  41- 49: 24.5s  total: 118.4s  (50/100)
[2026-05-06 22:20:00] ds_weather_v2_notehist cases_026  steps  51- 59: 26.4s  total: 144.8s  (60/100)
[2026-05-06 22:20:00] ds_online_v2_notehist cases_006  steps  51- 59: 27.1s  total: 145.5s  (60/100)
[2026-05-06 22:20:27] ds_weather_v2_notehist cases_026  steps  61- 69: 27.3s  total: 172.1s  (70/100)
[2026-05-06 22:20:29] ds_online_v2_notehist cases_006  steps  61- 69: 28.7s  total: 174.1s  (70/100)
[2026-05-06 22:20:55] ds_weather_v2_notehist cases_026  steps  71- 79: 28.2s  total: 200.3s  (80/100)
[2026-05-06 22:20:58] ds_online_v2_notehist cases_006  steps  71- 79: 29.4s  total: 203.5s  (80/100)
[2026-05-06 22:21:25] ds_weather_v2_notehist cases_026  steps  81- 89: 29.4s  total: 229.7s  (90/100)
[2026-05-06 22:21:27] ds_online_v2_notehist cases_006  steps  81- 89: 28.7s  total: 232.2s  (90/100)
[2026-05-06 22:21:54] ds_weather_v2_notehist cases_026  steps  91- 99: 29.0s  total: 258.7s  (100/100)
[2026-05-06 22:21:55] DONE ds_weather_v2_notehist cases_026  total: 258.7s  (2.59s/step)
[2026-05-06 22:21:55]   tokens: 2,093,054 in + 3,997 out  cost: $0.5695
[2026-05-06 22:21:55] START ds_weather_v2_notehist cases_027 (100 steps, note-with-history)
[2026-05-06 22:21:56] ds_online_v2_notehist cases_006  steps  91- 99: 29.1s  total: 261.3s  (100/100)
[2026-05-06 22:21:57] DONE ds_online_v2_notehist cases_006  total: 261.3s  (2.61s/step)
[2026-05-06 22:21:57]   tokens: 2,070,958 in + 4,258 out  cost: $0.5638
[2026-05-06 22:21:57] START ds_online_v2_notehist cases_007 (100 steps, note-with-history)
[2026-05-06 22:22:16] ds_weather_v2_notehist cases_027  steps   1-  9: 20.7s  total: 20.7s  (10/100)
[2026-05-06 22:22:21] ds_online_v2_notehist cases_007  steps   1-  9: 23.6s  total: 23.6s  (10/100)
[2026-05-06 22:22:38] ds_weather_v2_notehist cases_027  steps  11- 19: 21.7s  total: 42.4s  (20/100)
[2026-05-06 22:22:50] ds_online_v2_notehist cases_007  steps  11- 19: 29.0s  total: 52.7s  (20/100)
[2026-05-06 22:23:02] ds_weather_v2_notehist cases_027  steps  21- 29: 24.2s  total: 66.6s  (30/100)
[2026-05-06 22:23:26] ds_online_v2_notehist cases_007  steps  21- 29: 36.7s  total: 89.4s  (30/100)
[2026-05-06 22:23:27] ds_weather_v2_notehist cases_027  steps  31- 39: 24.9s  total: 91.5s  (40/100)
[2026-05-06 22:23:50] ds_weather_v2_notehist cases_027  steps  41- 49: 23.8s  total: 115.2s  (50/100)
[2026-05-06 22:24:09] ds_online_v2_notehist cases_007  steps  31- 39: 42.6s  total: 132.0s  (40/100)
[2026-05-06 22:24:16] ds_weather_v2_notehist cases_027  steps  51- 59: 25.5s  total: 140.8s  (60/100)
[2026-05-06 22:24:42] ds_weather_v2_notehist cases_027  steps  61- 69: 26.5s  total: 167.2s  (70/100)
[2026-05-06 22:24:58] ds_online_v2_notehist cases_007  steps  41- 49: 49.2s  total: 181.2s  (50/100)
[2026-05-06 22:25:10] ds_weather_v2_notehist cases_027  steps  71- 79: 28.0s  total: 195.2s  (80/100)
[2026-05-06 22:25:38] ds_weather_v2_notehist cases_027  steps  81- 89: 27.5s  total: 222.7s  (90/100)
[2026-05-06 22:25:54] ds_online_v2_notehist cases_007  steps  51- 59: 55.3s  total: 236.5s  (60/100)
[2026-05-06 22:26:07] ds_weather_v2_notehist cases_027  steps  91- 99: 29.4s  total: 252.1s  (100/100)
[2026-05-06 22:26:08] DONE ds_weather_v2_notehist cases_027  total: 252.1s  (2.52s/step)
[2026-05-06 22:26:08]   tokens: 1,976,824 in + 3,600 out  cost: $0.5377
[2026-05-06 22:26:08] START ds_weather_v2_notehist cases_028 (100 steps, note-with-history)
[2026-05-06 22:26:30] ds_weather_v2_notehist cases_028  steps   1-  9: 22.3s  total: 22.3s  (10/100)
[2026-05-06 22:26:53] ds_weather_v2_notehist cases_028  steps  11- 19: 23.1s  total: 45.4s  (20/100)
[2026-05-06 22:26:56] ds_online_v2_notehist cases_007  steps  61- 69: 62.8s  total: 299.3s  (70/100)
[2026-05-06 22:27:18] ds_weather_v2_notehist cases_028  steps  21- 29: 25.3s  total: 70.7s  (30/100)
[2026-05-06 22:27:44] ds_weather_v2_notehist cases_028  steps  31- 39: 25.2s  total: 95.9s  (40/100)
[2026-05-06 22:28:04] ds_online_v2_notehist cases_007  steps  71- 79: 67.5s  total: 366.8s  (80/100)
[2026-05-06 22:28:09] ds_weather_v2_notehist cases_028  steps  41- 49: 25.0s  total: 120.9s  (50/100)
[2026-05-06 22:28:36] ds_weather_v2_notehist cases_028  steps  51- 59: 27.3s  total: 148.2s  (60/100)
[2026-05-06 22:29:04] ds_weather_v2_notehist cases_028  steps  61- 69: 28.3s  total: 176.5s  (70/100)
[2026-05-06 22:29:20] ds_online_v2_notehist cases_007  steps  81- 89: 75.9s  total: 442.7s  (90/100)
[2026-05-06 22:29:33] ds_weather_v2_notehist cases_028  steps  71- 79: 28.6s  total: 205.1s  (80/100)
[2026-05-06 22:30:02] ds_weather_v2_notehist cases_028  steps  81- 89: 29.2s  total: 234.3s  (90/100)
[2026-05-06 22:30:33] ds_weather_v2_notehist cases_028  steps  91- 99: 30.6s  total: 264.9s  (100/100)
[2026-05-06 22:30:33] DONE ds_weather_v2_notehist cases_028  total: 264.9s  (2.65s/step)
[2026-05-06 22:30:33]   tokens: 2,077,510 in + 3,970 out  cost: $0.5653
[2026-05-06 22:30:34] START ds_weather_v2_notehist cases_029 (100 steps, note-with-history)
[2026-05-06 22:30:44] ds_online_v2_notehist cases_007  steps  91- 99: 84.3s  total: 527.0s  (100/100)
[2026-05-06 22:30:44] DONE ds_online_v2_notehist cases_007  total: 527.0s  (5.27s/step)
[2026-05-06 22:30:44]   tokens: 5,497,195 in + 22,455 out  cost: $1.5089
[2026-05-06 22:30:44] START ds_online_v2_notehist cases_008 (100 steps, note-with-history)
[2026-05-06 22:30:55] ds_weather_v2_notehist cases_029  steps   1-  9: 21.8s  total: 21.8s  (10/100)
[2026-05-06 22:31:17] ds_online_v2_notehist cases_008  steps   1-  9: 32.2s  total: 32.2s  (10/100)
[2026-05-06 22:31:19] ds_weather_v2_notehist cases_029  steps  11- 19: 23.7s  total: 45.5s  (20/100)
[2026-05-06 22:31:43] ds_weather_v2_notehist cases_029  steps  21- 29: 24.5s  total: 70.0s  (30/100)
[2026-05-06 22:32:09] ds_weather_v2_notehist cases_029  steps  31- 39: 25.9s  total: 95.8s  (40/100)
[2026-05-06 22:32:16] ds_online_v2_notehist cases_008  steps  11- 19: 58.9s  total: 91.1s  (20/100)
[2026-05-06 22:32:36] ds_weather_v2_notehist cases_029  steps  41- 49: 26.6s  total: 122.4s  (50/100)
[2026-05-06 22:33:03] ds_weather_v2_notehist cases_029  steps  51- 59: 26.8s  total: 149.1s  (60/100)
[2026-05-06 22:33:31] ds_weather_v2_notehist cases_029  steps  61- 69: 28.8s  total: 177.9s  (70/100)
[2026-05-06 22:33:44] ds_online_v2_notehist cases_008  steps  21- 29: 88.7s  total: 179.8s  (30/100)
[2026-05-06 22:34:01] ds_weather_v2_notehist cases_029  steps  71- 79: 29.5s  total: 207.4s  (80/100)
[2026-05-06 22:34:30] ds_weather_v2_notehist cases_029  steps  81- 89: 29.2s  total: 236.6s  (90/100)
[2026-05-06 22:35:03] ds_weather_v2_notehist cases_029  steps  91- 99: 32.8s  total: 269.4s  (100/100)
[2026-05-06 22:35:03] DONE ds_weather_v2_notehist cases_029  total: 269.4s  (2.69s/step)
[2026-05-06 22:35:03]   tokens: 2,080,342 in + 4,058 out  cost: $0.5662
[2026-05-06 22:35:42] ds_online_v2_notehist cases_008  steps  31- 39: 117.8s  total: 297.6s  (40/100)
[2026-05-06 22:38:07] ds_online_v2_notehist cases_008  steps  41- 49: 144.6s  total: 442.2s  (50/100)
[2026-05-06 22:41:01] ds_online_v2_notehist cases_008  steps  51- 59: 174.3s  total: 616.6s  (60/100)
[2026-05-06 22:44:31] ds_online_v2_notehist cases_008  steps  61- 69: 209.6s  total: 826.2s  (70/100)
[2026-05-06 22:48:34] ds_online_v2_notehist cases_008  steps  71- 79: 242.9s  total: 1069.1s  (80/100)
[2026-05-06 22:53:02] ds_online_v2_notehist cases_008  steps  81- 89: 268.6s  total: 1337.7s  (90/100)
[2026-05-06 22:57:40] ds_online_v2_notehist cases_008  steps  91- 99: 278.3s  total: 1616.0s  (100/100)
[2026-05-06 22:57:41] DONE ds_online_v2_notehist cases_008  total: 1616.0s  (16.16s/step)
[2026-05-06 22:57:41]   tokens: 18,533,492 in + 89,307 out  cost: $5.1023
[2026-05-06 22:57:41] START ds_online_v2_notehist cases_009 (100 steps, note-with-history)
[2026-05-06 22:58:16] ds_online_v2_notehist cases_009  steps   1-  9: 34.8s  total: 34.8s  (10/100)
[2026-05-06 22:59:30] ds_online_v2_notehist cases_009  steps  11- 19: 73.7s  total: 108.4s  (20/100)
[2026-05-06 23:01:24] ds_online_v2_notehist cases_009  steps  21- 29: 113.7s  total: 222.2s  (30/100)
[2026-05-06 23:03:54] ds_online_v2_notehist cases_009  steps  31- 39: 150.8s  total: 373.0s  (40/100)
[2026-05-06 23:06:59] ds_online_v2_notehist cases_009  steps  41- 49: 184.5s  total: 557.5s  (50/100)
[2026-05-06 23:10:45] ds_online_v2_notehist cases_009  steps  51- 59: 226.2s  total: 783.7s  (60/100)
[2026-05-06 23:15:06] ds_online_v2_notehist cases_009  steps  61- 69: 260.8s  total: 1044.5s  (70/100)
[2026-05-06 23:20:02] ds_online_v2_notehist cases_009  steps  71- 79: 296.3s  total: 1340.8s  (80/100)
[2026-05-06 23:25:42] ds_online_v2_notehist cases_009  steps  81- 89: 339.4s  total: 1680.2s  (90/100)
[2026-05-06 23:31:55] ds_online_v2_notehist cases_009  steps  91- 99: 373.3s  total: 2053.6s  (100/100)
[2026-05-06 23:31:55] DONE ds_online_v2_notehist cases_009  total: 2053.6s  (20.54s/step)
[2026-05-06 23:31:55]   tokens: 25,902,920 in + 126,960 out  cost: $7.1334
[2026-05-06 23:31:55] START ds_online_v2_notehist cases_010 (100 steps, note-with-history)
[2026-05-06 23:32:27] ds_online_v2_notehist cases_010  steps   1-  9: 31.9s  total: 31.9s  (10/100)
[2026-05-06 23:33:29] ds_online_v2_notehist cases_010  steps  11- 19: 61.8s  total: 93.6s  (20/100)
[2026-05-06 23:35:01] ds_online_v2_notehist cases_010  steps  21- 29: 92.3s  total: 185.9s  (30/100)
[2026-05-06 23:37:01] ds_online_v2_notehist cases_010  steps  31- 39: 119.7s  total: 305.6s  (40/100)
[2026-05-06 23:39:30] ds_online_v2_notehist cases_010  steps  41- 49: 148.8s  total: 454.5s  (50/100)
[2026-05-06 23:42:28] ds_online_v2_notehist cases_010  steps  51- 59: 178.1s  total: 632.5s  (60/100)
[2026-05-06 23:46:01] ds_online_v2_notehist cases_010  steps  61- 69: 213.1s  total: 845.6s  (70/100)
[2026-05-06 23:50:07] ds_online_v2_notehist cases_010  steps  71- 79: 245.8s  total: 1091.4s  (80/100)
[2026-05-06 23:54:39] ds_online_v2_notehist cases_010  steps  81- 89: 272.4s  total: 1363.9s  (90/100)
[2026-05-06 23:59:40] ds_online_v2_notehist cases_010  steps  91- 99: 300.4s  total: 1664.2s  (100/100)
[2026-05-06 23:59:40] DONE ds_online_v2_notehist cases_010  total: 1664.2s  (16.64s/step)
[2026-05-06 23:59:40]   tokens: 21,780,238 in + 105,855 out  cost: $5.9971
[2026-05-06 23:59:40] START ds_online_v2_notehist cases_011 (100 steps, note-with-history)
[2026-05-07 00:00:12] ds_online_v2_notehist cases_011  steps   1-  9: 32.3s  total: 32.3s  (10/100)
[2026-05-07 00:01:15] ds_online_v2_notehist cases_011  steps  11- 19: 62.7s  total: 95.0s  (20/100)
[2026-05-07 00:02:46] ds_online_v2_notehist cases_011  steps  21- 29: 91.1s  total: 186.1s  (30/100)
[2026-05-07 00:04:41] ds_online_v2_notehist cases_011  steps  31- 39: 114.7s  total: 300.8s  (40/100)
[2026-05-07 00:07:01] ds_online_v2_notehist cases_011  steps  41- 49: 140.4s  total: 441.2s  (50/100)
[2026-05-07 00:09:51] ds_online_v2_notehist cases_011  steps  51- 59: 169.2s  total: 610.5s  (60/100)
[2026-05-07 00:12:48] START ds_online_v2_notehist cases_020 (100 steps, note-with-history)
[2026-05-07 00:12:48] START ds_online_v2_notehist cases_025 (100 steps, note-with-history)
[2026-05-07 00:13:05] ds_online_v2_notehist cases_011  steps  61- 69: 194.4s  total: 804.9s  (70/100)
[2026-05-07 00:13:12] ds_online_v2_notehist cases_025  steps   1-  9: 24.4s  total: 24.4s  (10/100)
[2026-05-07 00:13:13] ds_online_v2_notehist cases_020  steps   1-  9: 25.1s  total: 25.1s  (10/100)
[2026-05-07 00:13:41] ds_online_v2_notehist cases_025  steps  11- 19: 28.5s  total: 52.9s  (20/100)
[2026-05-07 00:13:45] ds_online_v2_notehist cases_020  steps  11- 19: 31.3s  total: 56.4s  (20/100)
[2026-05-07 00:14:14] ds_online_v2_notehist cases_025  steps  21- 29: 33.3s  total: 86.1s  (30/100)
[2026-05-07 00:14:22] ds_online_v2_notehist cases_020  steps  21- 29: 37.3s  total: 93.7s  (30/100)
[2026-05-07 00:14:49] ds_online_v2_notehist cases_025  steps  31- 39: 35.1s  total: 121.3s  (40/100)
[2026-05-07 00:15:07] ds_online_v2_notehist cases_020  steps  31- 39: 45.6s  total: 139.3s  (40/100)
[2026-05-07 00:15:30] ds_online_v2_notehist cases_025  steps  41- 49: 40.1s  total: 161.4s  (50/100)
[2026-05-07 00:15:59] ds_online_v2_notehist cases_020  steps  41- 49: 51.5s  total: 190.8s  (50/100)
[2026-05-07 00:16:13] ds_online_v2_notehist cases_025  steps  51- 59: 43.4s  total: 204.8s  (60/100)
[2026-05-07 00:16:45] ds_online_v2_notehist cases_011  steps  71- 79: 220.1s  total: 1025.0s  (80/100)
[2026-05-07 00:16:59] ds_online_v2_notehist cases_020  steps  51- 59: 60.2s  total: 251.0s  (60/100)
[2026-05-07 00:17:00] ds_online_v2_notehist cases_025  steps  61- 69: 47.3s  total: 252.1s  (70/100)
[2026-05-07 00:17:51] ds_online_v2_notehist cases_025  steps  71- 79: 50.5s  total: 302.6s  (80/100)
[2026-05-07 00:18:11] ds_online_v2_notehist cases_020  steps  61- 69: 71.5s  total: 322.6s  (70/100)
[2026-05-07 00:18:43] ds_online_v2_notehist cases_025  steps  81- 89: 52.6s  total: 355.2s  (90/100)
[2026-05-07 00:19:28] ds_online_v2_notehist cases_020  steps  71- 79: 77.3s  total: 399.9s  (80/100)
[2026-05-07 00:19:39] ds_online_v2_notehist cases_025  steps  91- 99: 55.6s  total: 410.9s  (100/100)
[2026-05-07 00:19:40] DONE ds_online_v2_notehist cases_025  total: 410.9s  (4.11s/step)
[2026-05-07 00:19:40]   tokens: 4,714,478 in + 16,735 out  cost: $1.2913
[2026-05-07 00:19:40] START ds_online_v2_notehist cases_026 (100 steps, note-with-history)
[2026-05-07 00:20:15] ds_online_v2_notehist cases_026  steps   1-  9: 35.5s  total: 35.5s  (10/100)
[2026-05-07 00:20:51] ds_online_v2_notehist cases_011  steps  81- 89: 246.1s  total: 1271.1s  (90/100)
[2026-05-07 00:20:55] ds_online_v2_notehist cases_020  steps  81- 89: 86.6s  total: 486.5s  (90/100)
[2026-05-07 00:21:24] ds_online_v2_notehist cases_026  steps  11- 19: 68.6s  total: 104.2s  (20/100)
[2026-05-07 00:22:34] ds_online_v2_notehist cases_020  steps  91- 99: 99.8s  total: 586.2s  (100/100)
[2026-05-07 00:22:35] DONE ds_online_v2_notehist cases_020  total: 586.2s  (5.86s/step)
[2026-05-07 00:22:35]   tokens: 6,858,735 in + 30,060 out  cost: $1.8849
[2026-05-07 00:22:35] START ds_online_v2_notehist cases_021 (100 steps, note-with-history)
[2026-05-07 00:22:55] ds_online_v2_notehist cases_021  steps   1-  9: 19.4s  total: 19.4s  (10/100)
[2026-05-07 00:23:05] ds_online_v2_notehist cases_026  steps  21- 29: 101.2s  total: 205.3s  (30/100)
[2026-05-07 00:23:15] ds_online_v2_notehist cases_021  steps  11- 19: 20.5s  total: 39.9s  (20/100)
[2026-05-07 00:23:38] ds_online_v2_notehist cases_021  steps  21- 29: 22.6s  total: 62.5s  (30/100)
[2026-05-07 00:24:00] ds_online_v2_notehist cases_021  steps  31- 39: 22.6s  total: 85.1s  (40/100)
[2026-05-07 00:24:23] ds_online_v2_notehist cases_021  steps  41- 49: 22.6s  total: 107.8s  (50/100)
[2026-05-07 00:24:46] ds_online_v2_notehist cases_021  steps  51- 59: 23.1s  total: 130.8s  (60/100)
[2026-05-07 00:25:11] ds_online_v2_notehist cases_021  steps  61- 69: 24.6s  total: 155.4s  (70/100)
[2026-05-07 00:25:23] ds_online_v2_notehist cases_026  steps  31- 39: 137.7s  total: 343.0s  (40/100)
[2026-05-07 00:25:30] ds_online_v2_notehist cases_011  steps  91- 99: 278.9s  total: 1550.0s  (100/100)
[2026-05-07 00:25:31] DONE ds_online_v2_notehist cases_011  total: 1550.0s  (15.50s/step)
[2026-05-07 00:25:31]   tokens: 21,009,789 in + 101,718 out  cost: $5.7845
[2026-05-07 00:25:31] START ds_online_v2_notehist cases_012 (100 steps, note-with-history)
[2026-05-07 00:25:38] ds_online_v2_notehist cases_021  steps  71- 79: 27.0s  total: 182.4s  (80/100)
[2026-05-07 00:26:00] ds_online_v2_notehist cases_012  steps   1-  9: 29.4s  total: 29.4s  (10/100)
[2026-05-07 00:26:04] ds_online_v2_notehist cases_021  steps  81- 89: 26.6s  total: 209.0s  (90/100)
[2026-05-07 00:26:30] ds_online_v2_notehist cases_021  steps  91- 99: 26.2s  total: 235.2s  (100/100)
[2026-05-07 00:26:31] DONE ds_online_v2_notehist cases_021  total: 235.2s  (2.35s/step)
[2026-05-07 00:26:31]   tokens: 1,843,822 in + 3,460 out  cost: $0.5016
[2026-05-07 00:26:31] START ds_online_v2_notehist cases_022 (100 steps, note-with-history)
[2026-05-07 00:26:53] ds_online_v2_notehist cases_012  steps  11- 19: 52.6s  total: 82.0s  (20/100)
[2026-05-07 00:27:01] ds_online_v2_notehist cases_022  steps   1-  9: 29.8s  total: 29.8s  (10/100)
[2026-05-07 00:27:50] ds_online_v2_notehist cases_022  steps  11- 19: 49.2s  total: 79.1s  (20/100)
[2026-05-07 00:28:07] ds_online_v2_notehist cases_012  steps  21- 29: 74.6s  total: 156.6s  (30/100)
[2026-05-07 00:28:16] ds_online_v2_notehist cases_026  steps  41- 49: 173.5s  total: 516.5s  (50/100)
[2026-05-07 00:29:03] ds_online_v2_notehist cases_022  steps  21- 29: 72.5s  total: 151.5s  (30/100)
[2026-05-07 00:29:43] ds_online_v2_notehist cases_012  steps  31- 39: 96.1s  total: 252.6s  (40/100)
[2026-05-07 00:30:40] ds_online_v2_notehist cases_022  steps  31- 39: 97.5s  total: 249.0s  (40/100)
[2026-05-07 00:31:42] ds_online_v2_notehist cases_012  steps  41- 49: 119.0s  total: 371.6s  (50/100)
[2026-05-07 00:31:48] ds_online_v2_notehist cases_026  steps  51- 59: 211.9s  total: 728.3s  (60/100)
[2026-05-07 00:32:42] ds_online_v2_notehist cases_022  steps  41- 49: 121.7s  total: 370.8s  (50/100)
[2026-05-07 00:34:06] ds_online_v2_notehist cases_012  steps  51- 59: 143.5s  total: 515.1s  (60/100)
[2026-05-07 00:35:06] ds_online_v2_notehist cases_022  steps  51- 59: 144.2s  total: 515.0s  (60/100)
[2026-05-07 00:35:52] ds_online_v2_notehist cases_026  steps  61- 69: 243.3s  total: 971.7s  (70/100)
[2026-05-07 00:36:51] ds_online_v2_notehist cases_012  steps  61- 69: 165.5s  total: 680.6s  (70/100)
[2026-05-07 00:37:55] ds_online_v2_notehist cases_022  steps  61- 69: 168.7s  total: 683.7s  (70/100)
[2026-05-07 00:39:53] ds_online_v2_notehist cases_012  steps  71- 79: 182.0s  total: 862.6s  (80/100)
[2026-05-07 00:40:42] ds_online_v2_notehist cases_026  steps  71- 79: 290.0s  total: 1261.6s  (80/100)
[2026-05-07 00:41:05] ds_online_v2_notehist cases_022  steps  71- 79: 189.9s  total: 873.7s  (80/100)
[2026-05-07 00:43:21] ds_online_v2_notehist cases_012  steps  81- 89: 207.6s  total: 1070.2s  (90/100)
[2026-05-07 00:44:41] ds_online_v2_notehist cases_022  steps  81- 89: 216.4s  total: 1090.0s  (90/100)
[2026-05-07 00:46:03] ds_online_v2_notehist cases_026  steps  81- 89: 321.9s  total: 1583.5s  (90/100)
[2026-05-07 00:47:10] ds_online_v2_notehist cases_012  steps  91- 99: 228.7s  total: 1298.9s  (100/100)
[2026-05-07 00:47:10] DONE ds_online_v2_notehist cases_012  total: 1298.9s  (12.99s/step)
[2026-05-07 00:47:10]   tokens: 17,794,806 in + 84,249 out  cost: $4.8973
[2026-05-07 00:47:10] START ds_online_v2_notehist cases_013 (100 steps, note-with-history)
[2026-05-07 00:47:38] ds_online_v2_notehist cases_013  steps   1-  9: 28.0s  total: 28.0s  (10/100)
[2026-05-07 00:48:24] ds_online_v2_notehist cases_013  steps  11- 19: 45.5s  total: 73.5s  (20/100)
[2026-05-07 00:48:42] ds_online_v2_notehist cases_022  steps  91- 99: 240.9s  total: 1331.0s  (100/100)
[2026-05-07 00:48:43] DONE ds_online_v2_notehist cases_022  total: 1331.0s  (13.31s/step)
[2026-05-07 00:48:43]   tokens: 17,859,471 in + 86,386 out  cost: $4.9171
[2026-05-07 00:48:43] START ds_online_v2_notehist cases_023 (100 steps, note-with-history)
[2026-05-07 00:49:12] ds_online_v2_notehist cases_023  steps   1-  9: 29.0s  total: 29.0s  (10/100)
[2026-05-07 00:49:22] ds_online_v2_notehist cases_013  steps  21- 29: 58.2s  total: 131.8s  (30/100)
[2026-05-07 00:50:06] ds_online_v2_notehist cases_023  steps  11- 19: 54.0s  total: 83.0s  (20/100)
[2026-05-07 00:50:34] ds_online_v2_notehist cases_013  steps  31- 39: 72.6s  total: 204.3s  (40/100)
[2026-05-07 00:51:27] ds_online_v2_notehist cases_023  steps  21- 29: 80.8s  total: 163.8s  (30/100)
[2026-05-07 00:52:01] ds_online_v2_notehist cases_013  steps  41- 49: 86.4s  total: 290.7s  (50/100)
[2026-05-07 00:52:03] ds_online_v2_notehist cases_026  steps  91- 99: 359.7s  total: 1943.2s  (100/100)
[2026-05-07 00:52:04] DONE ds_online_v2_notehist cases_026  total: 1943.2s  (19.43s/step)
[2026-05-07 00:52:04]   tokens: 27,302,428 in + 134,242 out  cost: $7.5193
[2026-05-07 00:52:04] START ds_online_v2_notehist cases_027 (100 steps, note-with-history)
[2026-05-07 00:52:30] ds_online_v2_notehist cases_027  steps   1-  9: 26.6s  total: 26.6s  (10/100)
[2026-05-07 00:53:04] ds_online_v2_notehist cases_027  steps  11- 19: 33.8s  total: 60.4s  (20/100)
[2026-05-07 00:53:12] ds_online_v2_notehist cases_023  steps  31- 39: 105.7s  total: 269.6s  (40/100)
[2026-05-07 00:53:39] ds_online_v2_notehist cases_027  steps  21- 29: 34.8s  total: 95.3s  (30/100)
[2026-05-07 00:53:42] ds_online_v2_notehist cases_013  steps  51- 59: 101.0s  total: 391.7s  (60/100)
[2026-05-07 00:54:16] ds_online_v2_notehist cases_027  steps  31- 39: 36.4s  total: 131.7s  (40/100)
[2026-05-07 00:54:54] ds_online_v2_notehist cases_027  steps  41- 49: 38.9s  total: 170.7s  (50/100)
[2026-05-07 00:55:25] ds_online_v2_notehist cases_023  steps  41- 49: 132.1s  total: 401.7s  (50/100)
[2026-05-07 00:55:34] ds_online_v2_notehist cases_027  steps  51- 59: 39.6s  total: 210.2s  (60/100)
[2026-05-07 00:55:38] ds_online_v2_notehist cases_013  steps  61- 69: 116.6s  total: 508.3s  (70/100)
[2026-05-07 00:56:13] ds_online_v2_notehist cases_027  steps  61- 69: 39.3s  total: 249.5s  (70/100)
[2026-05-07 00:56:55] ds_online_v2_notehist cases_027  steps  71- 79: 41.5s  total: 291.0s  (80/100)
[2026-05-07 00:57:36] ds_online_v2_notehist cases_027  steps  81- 89: 41.2s  total: 332.3s  (90/100)
[2026-05-07 00:57:54] ds_online_v2_notehist cases_013  steps  71- 79: 135.7s  total: 644.0s  (80/100)
[2026-05-07 00:58:10] ds_online_v2_notehist cases_023  steps  51- 59: 165.4s  total: 567.0s  (60/100)
[2026-05-07 00:58:19] ds_online_v2_notehist cases_027  steps  91- 99: 42.7s  total: 375.0s  (100/100)
[2026-05-07 00:58:20] DONE ds_online_v2_notehist cases_027  total: 375.0s  (3.75s/step)
[2026-05-07 00:58:20]   tokens: 4,628,652 in + 13,353 out  cost: $1.2644
[2026-05-07 00:58:20] START ds_online_v2_notehist cases_028 (100 steps, note-with-history)
[2026-05-07 00:58:53] ds_online_v2_notehist cases_028  steps   1-  9: 33.0s  total: 33.0s  (10/100)
[2026-05-07 01:00:00] ds_online_v2_notehist cases_028  steps  11- 19: 67.2s  total: 100.3s  (20/100)
[2026-05-07 01:00:29] ds_online_v2_notehist cases_013  steps  81- 89: 155.0s  total: 799.1s  (90/100)
[2026-05-07 01:01:33] ds_online_v2_notehist cases_023  steps  61- 69: 203.6s  total: 770.6s  (70/100)
[2026-05-07 01:01:44] ds_online_v2_notehist cases_028  steps  21- 29: 104.0s  total: 204.3s  (30/100)
[2026-05-07 01:03:27] ds_online_v2_notehist cases_013  steps  91- 99: 177.5s  total: 976.6s  (100/100)
[2026-05-07 01:03:27] DONE ds_online_v2_notehist cases_013  total: 976.6s  (9.77s/step)
[2026-05-07 01:03:27]   tokens: 12,607,232 in + 57,025 out  cost: $3.4667
[2026-05-07 01:03:27] START ds_online_v2_notehist cases_014 (100 steps, note-with-history)
[2026-05-07 01:04:00] ds_online_v2_notehist cases_014  steps   1-  9: 32.6s  total: 32.6s  (10/100)
[2026-05-07 01:04:05] ds_online_v2_notehist cases_028  steps  31- 39: 141.0s  total: 345.3s  (40/100)
[2026-05-07 01:05:03] ds_online_v2_notehist cases_014  steps  11- 19: 63.0s  total: 95.6s  (20/100)
[2026-05-07 01:05:33] ds_online_v2_notehist cases_023  steps  71- 79: 239.4s  total: 1010.0s  (80/100)
[2026-05-07 01:06:37] ds_online_v2_notehist cases_014  steps  21- 29: 94.3s  total: 189.9s  (30/100)
[2026-05-07 01:07:00] ds_online_v2_notehist cases_028  steps  41- 49: 174.6s  total: 519.9s  (50/100)
[2026-05-07 01:08:44] ds_online_v2_notehist cases_014  steps  31- 39: 127.1s  total: 317.0s  (40/100)
[2026-05-07 01:10:07] ds_online_v2_notehist cases_023  steps  81- 89: 274.0s  total: 1284.0s  (90/100)
[2026-05-07 01:10:30] ds_online_v2_notehist cases_028  steps  51- 59: 210.6s  total: 730.5s  (60/100)
[2026-05-07 01:11:25] ds_online_v2_notehist cases_014  steps  41- 49: 160.9s  total: 477.9s  (50/100)
[2026-05-07 01:14:37] ds_online_v2_notehist cases_014  steps  51- 59: 192.2s  total: 670.0s  (60/100)
[2026-05-07 01:14:42] ds_online_v2_notehist cases_028  steps  61- 69: 251.6s  total: 982.1s  (70/100)
[2026-05-07 01:15:00] ds_online_v2_notehist cases_023  steps  91- 99: 293.2s  total: 1577.2s  (100/100)
[2026-05-07 01:15:01] DONE ds_online_v2_notehist cases_023  total: 1577.2s  (15.77s/step)
[2026-05-07 01:15:01]   tokens: 20,051,305 in + 97,621 out  cost: $5.5212
[2026-05-07 01:15:01] START ds_online_v2_notehist cases_024 (100 steps, note-with-history)
[2026-05-07 01:15:38] ds_online_v2_notehist cases_024  steps   1-  9: 37.2s  total: 37.2s  (10/100)
[2026-05-07 01:16:54] ds_online_v2_notehist cases_024  steps  11- 19: 76.1s  total: 113.3s  (20/100)
[2026-05-07 01:18:22] ds_online_v2_notehist cases_014  steps  61- 69: 224.9s  total: 894.9s  (70/100)
[2026-05-07 01:18:50] ds_online_v2_notehist cases_024  steps  21- 29: 116.5s  total: 229.8s  (30/100)
[2026-05-07 01:19:37] ds_online_v2_notehist cases_028  steps  71- 79: 294.9s  total: 1277.0s  (80/100)
[2026-05-07 01:21:23] ds_online_v2_notehist cases_024  steps  31- 39: 152.3s  total: 382.1s  (40/100)
[2026-05-07 01:22:44] ds_online_v2_notehist cases_014  steps  71- 79: 262.1s  total: 1157.0s  (80/100)
[2026-05-07 01:24:42] ds_online_v2_notehist cases_024  steps  41- 49: 199.3s  total: 581.4s  (50/100)
[2026-05-07 01:25:16] ds_online_v2_notehist cases_028  steps  81- 89: 339.2s  total: 1616.2s  (90/100)
[2026-05-07 01:27:44] ds_online_v2_notehist cases_014  steps  81- 89: 299.9s  total: 1456.9s  (90/100)
[2026-05-07 01:28:39] ds_online_v2_notehist cases_024  steps  51- 59: 237.4s  total: 818.8s  (60/100)
[2026-05-07 01:31:34] ds_online_v2_notehist cases_028  steps  91- 99: 377.8s  total: 1994.0s  (100/100)
[2026-05-07 01:31:35] DONE ds_online_v2_notehist cases_028  total: 1994.0s  (19.94s/step)
[2026-05-07 01:31:35]   tokens: 25,305,934 in + 125,358 out  cost: $6.9705
[2026-05-07 01:31:35] START ds_online_v2_notehist cases_029 (100 steps, note-with-history)
[2026-05-07 01:31:57] ds_online_v2_notehist cases_029  steps   1-  9: 21.8s  total: 21.8s  (10/100)
[2026-05-07 01:32:19] ds_online_v2_notehist cases_029  steps  11- 19: 22.8s  total: 44.5s  (20/100)
[2026-05-07 01:32:45] ds_online_v2_notehist cases_029  steps  21- 29: 25.5s  total: 70.1s  (30/100)
[2026-05-07 01:33:04] ds_online_v2_notehist cases_014  steps  91- 99: 320.1s  total: 1777.0s  (100/100)
[2026-05-07 01:33:05] DONE ds_online_v2_notehist cases_014  total: 1777.0s  (17.77s/step)
[2026-05-07 01:33:05]   tokens: 22,260,760 in + 108,660 out  cost: $6.1299
[2026-05-07 01:33:05] START ds_online_v2_notehist cases_015 (100 steps, note-with-history)
[2026-05-07 01:33:11] ds_online_v2_notehist cases_029  steps  31- 39: 26.4s  total: 96.5s  (40/100)
[2026-05-07 01:33:13] ds_online_v2_notehist cases_024  steps  61- 69: 273.6s  total: 1092.4s  (70/100)
[2026-05-07 01:33:30] ds_online_v2_notehist cases_015  steps   1-  9: 25.1s  total: 25.1s  (10/100)
[2026-05-07 01:33:39] ds_online_v2_notehist cases_029  steps  41- 49: 27.6s  total: 124.1s  (50/100)
[2026-05-07 01:33:58] ds_online_v2_notehist cases_015  steps  11- 19: 28.3s  total: 53.4s  (20/100)
[2026-05-07 01:34:04] ds_online_v2_notehist cases_029  steps  51- 59: 24.5s  total: 148.6s  (60/100)
[2026-05-07 01:34:28] ds_online_v2_notehist cases_015  steps  21- 29: 30.0s  total: 83.4s  (30/100)
[2026-05-07 01:34:30] ds_online_v2_notehist cases_029  steps  61- 69: 26.9s  total: 175.5s  (70/100)
[2026-05-07 01:34:58] ds_online_v2_notehist cases_015  steps  31- 39: 30.3s  total: 113.7s  (40/100)
[2026-05-07 01:34:58] ds_online_v2_notehist cases_029  steps  71- 79: 28.0s  total: 203.5s  (80/100)
[2026-05-07 01:35:26] ds_online_v2_notehist cases_029  steps  81- 89: 27.9s  total: 231.4s  (90/100)
[2026-05-07 01:35:29] ds_online_v2_notehist cases_015  steps  41- 49: 31.1s  total: 144.8s  (50/100)
[2026-05-07 01:35:55] ds_online_v2_notehist cases_029  steps  91- 99: 28.8s  total: 260.2s  (100/100)
[2026-05-07 01:35:56] DONE ds_online_v2_notehist cases_029  total: 260.2s  (2.60s/step)
[2026-05-07 01:35:56]   tokens: 2,157,734 in + 4,509 out  cost: $0.5875
[2026-05-07 01:36:03] ds_online_v2_notehist cases_015  steps  51- 59: 33.8s  total: 178.6s  (60/100)
[2026-05-07 01:36:37] ds_online_v2_notehist cases_015  steps  61- 69: 33.8s  total: 212.4s  (70/100)
[2026-05-07 01:37:12] ds_online_v2_notehist cases_015  steps  71- 79: 34.7s  total: 247.0s  (80/100)
[2026-05-07 01:37:46] ds_online_v2_notehist cases_015  steps  81- 89: 34.7s  total: 281.8s  (90/100)
[2026-05-07 01:38:22] ds_online_v2_notehist cases_015  steps  91- 99: 35.5s  total: 317.3s  (100/100)
[2026-05-07 01:38:22] DONE ds_online_v2_notehist cases_015  total: 317.3s  (3.17s/step)
[2026-05-07 01:38:22]   tokens: 3,177,349 in + 8,205 out  cost: $0.8669
[2026-05-07 01:38:22] START ds_online_v2_notehist cases_016 (100 steps, note-with-history)
[2026-05-07 01:38:31] ds_online_v2_notehist cases_024  steps  71- 79: 317.8s  total: 1410.2s  (80/100)
[2026-05-07 01:38:43] ds_online_v2_notehist cases_016  steps   1-  9: 20.5s  total: 20.5s  (10/100)
[2026-05-07 01:39:03] ds_online_v2_notehist cases_016  steps  11- 19: 20.4s  total: 40.9s  (20/100)
[2026-05-07 01:39:26] ds_online_v2_notehist cases_016  steps  21- 29: 22.7s  total: 63.5s  (30/100)
[2026-05-07 01:39:48] ds_online_v2_notehist cases_016  steps  31- 39: 22.3s  total: 85.9s  (40/100)
[2026-05-07 01:40:12] ds_online_v2_notehist cases_016  steps  41- 49: 24.2s  total: 110.0s  (50/100)
[2026-05-07 01:40:37] ds_online_v2_notehist cases_016  steps  51- 59: 24.6s  total: 134.7s  (60/100)
[2026-05-07 01:41:02] ds_online_v2_notehist cases_016  steps  61- 69: 25.4s  total: 160.1s  (70/100)
[2026-05-07 01:41:27] ds_online_v2_notehist cases_016  steps  71- 79: 25.0s  total: 185.1s  (80/100)
[2026-05-07 01:41:54] ds_online_v2_notehist cases_016  steps  81- 89: 26.2s  total: 211.3s  (90/100)
[2026-05-07 01:42:22] ds_online_v2_notehist cases_016  steps  91- 99: 28.3s  total: 239.6s  (100/100)
[2026-05-07 01:42:22] DONE ds_online_v2_notehist cases_016  total: 239.6s  (2.40s/step)
[2026-05-07 01:42:22]   tokens: 1,766,856 in + 3,195 out  cost: $0.4806
[2026-05-07 01:42:22] START ds_online_v2_notehist cases_017 (100 steps, note-with-history)
[2026-05-07 01:42:49] ds_online_v2_notehist cases_017  steps   1-  9: 26.9s  total: 26.9s  (10/100)
[2026-05-07 01:43:31] ds_online_v2_notehist cases_017  steps  11- 19: 42.0s  total: 68.9s  (20/100)
[2026-05-07 01:44:27] ds_online_v2_notehist cases_017  steps  21- 29: 56.1s  total: 124.9s  (30/100)
[2026-05-07 01:44:28] ds_online_v2_notehist cases_024  steps  81- 89: 357.4s  total: 1767.6s  (90/100)
[2026-05-07 01:45:43] ds_online_v2_notehist cases_017  steps  31- 39: 75.2s  total: 200.1s  (40/100)
[2026-05-07 01:47:12] ds_online_v2_notehist cases_017  steps  41- 49: 89.1s  total: 289.2s  (50/100)
[2026-05-07 01:48:57] ds_online_v2_notehist cases_017  steps  51- 59: 105.4s  total: 394.7s  (60/100)
[2026-05-07 01:50:58] ds_online_v2_notehist cases_017  steps  61- 69: 120.5s  total: 515.2s  (70/100)
[2026-05-07 01:51:11] ds_online_v2_notehist cases_024  steps  91- 99: 402.4s  total: 2169.9s  (100/100)
[2026-05-07 01:51:12] DONE ds_online_v2_notehist cases_024  total: 2169.9s  (21.70s/step)
[2026-05-07 01:51:12]   tokens: 28,378,830 in + 139,456 out  cost: $7.8157
[2026-05-07 01:53:08] ds_online_v2_notehist cases_017  steps  71- 79: 130.5s  total: 645.6s  (80/100)
[2026-05-07 01:55:35] ds_online_v2_notehist cases_017  steps  81- 89: 146.8s  total: 792.4s  (90/100)
[2026-05-07 01:58:15] ds_online_v2_notehist cases_017  steps  91- 99: 160.3s  total: 952.7s  (100/100)
[2026-05-07 01:58:16] DONE ds_online_v2_notehist cases_017  total: 952.7s  (9.53s/step)
[2026-05-07 01:58:16]   tokens: 11,811,435 in + 54,413 out  cost: $3.2489
[2026-05-07 01:58:16] START ds_online_v2_notehist cases_018 (100 steps, note-with-history)
[2026-05-07 01:58:47] ds_online_v2_notehist cases_018  steps   1-  9: 31.2s  total: 31.2s  (10/100)
[2026-05-07 01:59:43] ds_online_v2_notehist cases_018  steps  11- 19: 56.0s  total: 87.2s  (20/100)
[2026-05-07 02:01:08] ds_online_v2_notehist cases_018  steps  21- 29: 85.0s  total: 172.3s  (30/100)
[2026-05-07 02:02:57] ds_online_v2_notehist cases_018  steps  31- 39: 109.1s  total: 281.3s  (40/100)
[2026-05-07 02:05:15] ds_online_v2_notehist cases_018  steps  41- 49: 138.2s  total: 419.6s  (50/100)
[2026-05-07 02:07:59] ds_online_v2_notehist cases_018  steps  51- 59: 163.6s  total: 583.2s  (60/100)
[2026-05-07 02:11:14] ds_online_v2_notehist cases_018  steps  61- 69: 195.5s  total: 778.6s  (70/100)
[2026-05-07 02:15:03] ds_online_v2_notehist cases_018  steps  71- 79: 228.3s  total: 1007.0s  (80/100)
[2026-05-07 02:19:20] ds_online_v2_notehist cases_018  steps  81- 89: 257.2s  total: 1264.2s  (90/100)
[2026-05-07 02:24:04] ds_online_v2_notehist cases_018  steps  91- 99: 284.2s  total: 1548.4s  (100/100)
[2026-05-07 02:24:04] DONE ds_online_v2_notehist cases_018  total: 1548.4s  (15.48s/step)
[2026-05-07 02:24:04]   tokens: 19,136,837 in + 92,569 out  cost: $5.2688
[2026-05-07 02:24:05] START ds_online_v2_notehist cases_019 (100 steps, note-with-history)
[2026-05-07 02:24:36] ds_online_v2_notehist cases_019  steps   1-  9: 31.2s  total: 31.2s  (10/100)
[2026-05-07 02:25:34] ds_online_v2_notehist cases_019  steps  11- 19: 58.6s  total: 89.9s  (20/100)
[2026-05-07 02:26:59] ds_online_v2_notehist cases_019  steps  21- 29: 84.4s  total: 174.3s  (30/100)
[2026-05-07 02:28:51] ds_online_v2_notehist cases_019  steps  31- 39: 112.1s  total: 286.3s  (40/100)
[2026-05-07 02:31:10] ds_online_v2_notehist cases_019  steps  41- 49: 139.4s  total: 425.8s  (50/100)
[2026-05-07 02:33:58] ds_online_v2_notehist cases_019  steps  51- 59: 167.5s  total: 593.2s  (60/100)
[2026-05-07 02:37:12] ds_online_v2_notehist cases_019  steps  61- 69: 194.0s  total: 787.2s  (70/100)
[2026-05-07 02:40:54] ds_online_v2_notehist cases_019  steps  71- 79: 222.6s  total: 1009.8s  (80/100)
[2026-05-07 02:45:02] ds_online_v2_notehist cases_019  steps  81- 89: 247.6s  total: 1257.4s  (90/100)
[2026-05-07 02:49:49] ds_online_v2_notehist cases_019  steps  91- 99: 286.7s  total: 1544.1s  (100/100)
[2026-05-07 02:49:49] DONE ds_online_v2_notehist cases_019  total: 1544.1s  (15.44s/step)
[2026-05-07 02:49:49]   tokens: 18,931,466 in + 91,360 out  cost: $5.2120
[2026-05-07 02:59:37] START ds_weather_v2_notehist cases_026 (100 steps, note-with-history)
[2026-05-07 02:59:37] START ds_online_v2_notehist cases_006 (100 steps, note-with-history)
[2026-05-07 02:59:59] ds_weather_v2_notehist cases_026  steps   1-  9: 21.9s  total: 21.9s  (10/100)
[2026-05-07 03:00:04] ds_online_v2_notehist cases_006  steps   1-  9: 26.5s  total: 26.5s  (10/100)
[2026-05-07 03:00:23] ds_weather_v2_notehist cases_026  steps  11- 19: 24.2s  total: 46.2s  (20/100)
[2026-05-07 03:00:33] ds_online_v2_notehist cases_006  steps  11- 19: 29.0s  total: 55.6s  (20/100)
[2026-05-07 03:00:49] ds_weather_v2_notehist cases_026  steps  21- 29: 26.1s  total: 72.3s  (30/100)
[2026-05-07 03:01:02] ds_online_v2_notehist cases_006  steps  21- 29: 29.3s  total: 84.8s  (30/100)
[2026-05-07 03:01:16] ds_weather_v2_notehist cases_026  steps  31- 39: 26.3s  total: 98.5s  (40/100)
[2026-05-07 03:01:31] ds_online_v2_notehist cases_006  steps  31- 39: 28.7s  total: 113.5s  (40/100)
[2026-05-07 03:01:42] ds_weather_v2_notehist cases_026  steps  41- 49: 25.9s  total: 124.4s  (50/100)
[2026-05-07 03:02:00] ds_online_v2_notehist cases_006  steps  41- 49: 29.7s  total: 143.2s  (50/100)
[2026-05-07 03:02:08] ds_weather_v2_notehist cases_026  steps  51- 59: 26.5s  total: 150.9s  (60/100)
[2026-05-07 03:02:29] ds_online_v2_notehist cases_006  steps  51- 59: 28.5s  total: 171.7s  (60/100)
[2026-05-07 03:02:35] ds_weather_v2_notehist cases_026  steps  61- 69: 26.7s  total: 177.7s  (70/100)
[2026-05-07 03:03:00] ds_online_v2_notehist cases_006  steps  61- 69: 31.2s  total: 202.9s  (70/100)
[2026-05-07 03:03:03] ds_weather_v2_notehist cases_026  steps  71- 79: 27.7s  total: 205.4s  (80/100)
[2026-05-07 03:03:30] ds_weather_v2_notehist cases_026  steps  81- 89: 27.7s  total: 233.1s  (90/100)
[2026-05-07 03:03:32] ds_online_v2_notehist cases_006  steps  71- 79: 31.8s  total: 234.7s  (80/100)
[2026-05-07 03:04:04] ds_weather_v2_notehist cases_026  steps  91- 99: 33.5s  total: 266.5s  (100/100)
[2026-05-07 03:04:05] DONE ds_weather_v2_notehist cases_026  total: 266.5s  (2.67s/step)
[2026-05-07 03:04:05]   tokens: 1,976,824 in + 3,600 out  cost: $0.5377
[2026-05-07 03:04:08] ds_online_v2_notehist cases_006  steps  81- 89: 35.8s  total: 270.5s  (90/100)
[2026-05-07 03:04:41] ds_online_v2_notehist cases_006  steps  91- 99: 33.3s  total: 303.8s  (100/100)
[2026-05-07 03:04:42] DONE ds_online_v2_notehist cases_006  total: 303.8s  (3.04s/step)
[2026-05-07 03:04:42]   tokens: 2,467,120 in + 5,661 out  cost: $0.6723
