[2026-05-06 20:25:40] START ds_weather_v2_notehist cases_000 (100 steps, note-with-history)
[2026-05-06 20:25:41] START ds_online_v2_notehist cases_000 (100 steps, note-with-history)
[2026-05-06 20:25:59] ds_weather_v2_notehist cases_000  steps   1-  9: 18.7s  total: 18.7s  (10/100)
[2026-05-06 20:26:04] ds_online_v2_notehist cases_000  steps   1-  9: 23.4s  total: 23.4s  (10/100)
[2026-05-06 20:26:19] ds_weather_v2_notehist cases_000  steps  11- 19: 19.8s  total: 38.4s  (20/100)
[2026-05-06 20:26:36] ds_online_v2_notehist cases_000  steps  11- 19: 31.8s  total: 55.2s  (20/100)
[2026-05-06 20:26:41] ds_weather_v2_notehist cases_000  steps  21- 29: 22.1s  total: 60.5s  (30/100)
[2026-05-06 20:27:02] ds_weather_v2_notehist cases_000  steps  31- 39: 21.5s  total: 82.0s  (40/100)
[2026-05-06 20:27:16] ds_online_v2_notehist cases_000  steps  21- 29: 39.8s  total: 95.0s  (30/100)
[2026-05-06 20:27:24] ds_weather_v2_notehist cases_000  steps  41- 49: 21.9s  total: 103.9s  (50/100)
[2026-05-06 20:27:47] ds_weather_v2_notehist cases_000  steps  51- 59: 22.5s  total: 126.4s  (60/100)
[2026-05-06 20:28:05] ds_online_v2_notehist cases_000  steps  31- 39: 48.9s  total: 143.9s  (40/100)
[2026-05-06 20:28:10] ds_weather_v2_notehist cases_000  steps  61- 69: 23.6s  total: 150.1s  (70/100)
[2026-05-06 20:28:34] ds_weather_v2_notehist cases_000  steps  71- 79: 24.0s  total: 174.1s  (80/100)
[2026-05-06 20:29:00] ds_weather_v2_notehist cases_000  steps  81- 89: 25.2s  total: 199.2s  (90/100)
[2026-05-06 20:29:00] ds_online_v2_notehist cases_000  steps  41- 49: 55.2s  total: 199.1s  (50/100)
[2026-05-06 20:29:26] ds_weather_v2_notehist cases_000  steps  91- 99: 26.1s  total: 225.4s  (100/100)
[2026-05-06 20:29:27] DONE ds_weather_v2_notehist cases_000  total: 225.4s  (2.25s/step)
[2026-05-06 20:29:27]   tokens: 1,964,964 in + 3,580 out  cost: $0.5345
[2026-05-06 20:29:27] START ds_weather_v2_notehist cases_001 (100 steps, note-with-history)
[2026-05-06 20:29:46] ds_weather_v2_notehist cases_001  steps   1-  9: 19.1s  total: 19.1s  (10/100)
[2026-05-06 20:30:04] ds_online_v2_notehist cases_000  steps  51- 59: 63.9s  total: 263.1s  (60/100)
[2026-05-06 20:30:09] ds_weather_v2_notehist cases_001  steps  11- 19: 22.5s  total: 41.6s  (20/100)
[2026-05-06 20:30:33] ds_weather_v2_notehist cases_001  steps  21- 29: 24.1s  total: 65.7s  (30/100)
[2026-05-06 20:30:57] ds_weather_v2_notehist cases_001  steps  31- 39: 23.9s  total: 89.6s  (40/100)
[2026-05-06 20:31:16] ds_online_v2_notehist cases_000  steps  61- 69: 72.1s  total: 335.2s  (70/100)
[2026-05-06 20:31:22] ds_weather_v2_notehist cases_001  steps  41- 49: 25.2s  total: 114.8s  (50/100)
[2026-05-06 20:31:49] ds_weather_v2_notehist cases_001  steps  51- 59: 26.9s  total: 141.7s  (60/100)
[2026-05-06 20:32:15] ds_weather_v2_notehist cases_001  steps  61- 69: 26.3s  total: 168.1s  (70/100)
[2026-05-06 20:32:35] ds_online_v2_notehist cases_000  steps  71- 79: 79.1s  total: 414.3s  (80/100)
[2026-05-06 20:32:42] ds_weather_v2_notehist cases_001  steps  71- 79: 26.9s  total: 194.9s  (80/100)
[2026-05-06 20:33:09] ds_weather_v2_notehist cases_001  steps  81- 89: 26.9s  total: 221.9s  (90/100)
[2026-05-06 20:33:37] ds_weather_v2_notehist cases_001  steps  91- 99: 27.8s  total: 249.7s  (100/100)
[2026-05-06 20:33:38] DONE ds_weather_v2_notehist cases_001  total: 249.7s  (2.50s/step)
[2026-05-06 20:33:38]   tokens: 2,382,781 in + 5,165 out  cost: $0.6490
[2026-05-06 20:33:38] START ds_weather_v2_notehist cases_002 (100 steps, note-with-history)
[2026-05-06 20:33:56] ds_weather_v2_notehist cases_002  steps   1-  9: 17.8s  total: 17.8s  (10/100)
[2026-05-06 20:34:02] ds_online_v2_notehist cases_000  steps  81- 89: 87.0s  total: 501.3s  (90/100)
[2026-05-06 20:34:15] ds_weather_v2_notehist cases_002  steps  11- 19: 19.1s  total: 37.0s  (20/100)
[2026-05-06 20:34:36] ds_weather_v2_notehist cases_002  steps  21- 29: 21.0s  total: 58.0s  (30/100)
[2026-05-06 20:34:57] ds_weather_v2_notehist cases_002  steps  31- 39: 21.1s  total: 79.1s  (40/100)
[2026-05-06 20:35:19] ds_weather_v2_notehist cases_002  steps  41- 49: 21.9s  total: 101.1s  (50/100)
[2026-05-06 20:35:36] ds_online_v2_notehist cases_000  steps  91- 99: 93.9s  total: 595.2s  (100/100)
[2026-05-06 20:35:37] DONE ds_online_v2_notehist cases_000  total: 595.2s  (5.95s/step)
[2026-05-06 20:35:37]   tokens: 8,016,499 in + 34,118 out  cost: $2.2020
[2026-05-06 20:35:37] START ds_online_v2_notehist cases_001 (100 steps, note-with-history)
[2026-05-06 20:35:41] ds_weather_v2_notehist cases_002  steps  51- 59: 22.6s  total: 123.7s  (60/100)
[2026-05-06 20:35:55] ds_online_v2_notehist cases_001  steps   1-  9: 18.7s  total: 18.7s  (10/100)
[2026-05-06 20:36:04] ds_weather_v2_notehist cases_002  steps  61- 69: 22.7s  total: 146.3s  (70/100)
[2026-05-06 20:36:16] ds_online_v2_notehist cases_001  steps  11- 19: 20.1s  total: 38.8s  (20/100)
[2026-05-06 20:36:28] ds_weather_v2_notehist cases_002  steps  71- 79: 24.0s  total: 170.3s  (80/100)
[2026-05-06 20:36:37] ds_online_v2_notehist cases_001  steps  21- 29: 21.7s  total: 60.5s  (30/100)
[2026-05-06 20:36:53] ds_weather_v2_notehist cases_002  steps  81- 89: 25.1s  total: 195.4s  (90/100)
[2026-05-06 20:36:58] ds_online_v2_notehist cases_001  steps  31- 39: 21.1s  total: 81.7s  (40/100)
[2026-05-06 20:37:19] ds_weather_v2_notehist cases_002  steps  91- 99: 25.4s  total: 220.8s  (100/100)
[2026-05-06 20:37:19] DONE ds_weather_v2_notehist cases_002  total: 220.8s  (2.21s/step)
[2026-05-06 20:37:19]   tokens: 1,888,021 in + 3,300 out  cost: $0.5134
[2026-05-06 20:37:20] START ds_weather_v2_notehist cases_003 (100 steps, note-with-history)
[2026-05-06 20:37:21] ds_online_v2_notehist cases_001  steps  41- 49: 22.5s  total: 104.2s  (50/100)
[2026-05-06 20:37:40] ds_weather_v2_notehist cases_003  steps   1-  9: 20.5s  total: 20.5s  (10/100)
[2026-05-06 20:37:42] ds_online_v2_notehist cases_001  steps  51- 59: 21.5s  total: 125.7s  (60/100)
[2026-05-06 20:38:02] ds_weather_v2_notehist cases_003  steps  11- 19: 21.7s  total: 42.2s  (20/100)
[2026-05-06 20:38:06] ds_online_v2_notehist cases_001  steps  61- 69: 23.2s  total: 148.9s  (70/100)
[2026-05-06 20:38:24] ds_weather_v2_notehist cases_003  steps  21- 29: 22.6s  total: 64.8s  (30/100)
[2026-05-06 20:38:30] ds_online_v2_notehist cases_001  steps  71- 79: 24.3s  total: 173.2s  (80/100)
[2026-05-06 20:38:47] ds_weather_v2_notehist cases_003  steps  31- 39: 22.6s  total: 87.4s  (40/100)
[2026-05-06 20:38:55] ds_online_v2_notehist cases_001  steps  81- 89: 25.0s  total: 198.2s  (90/100)
[2026-05-06 20:39:10] ds_weather_v2_notehist cases_003  steps  41- 49: 22.9s  total: 110.2s  (50/100)
[2026-05-06 20:39:20] ds_online_v2_notehist cases_001  steps  91- 99: 25.4s  total: 223.5s  (100/100)
[2026-05-06 20:39:21] DONE ds_online_v2_notehist cases_001  total: 223.5s  (2.24s/step)
[2026-05-06 20:39:21]   tokens: 1,940,143 in + 3,837 out  cost: $0.5281
[2026-05-06 20:39:21] START ds_online_v2_notehist cases_002 (100 steps, note-with-history)
[2026-05-06 20:39:34] ds_weather_v2_notehist cases_003  steps  51- 59: 24.3s  total: 134.5s  (60/100)
[2026-05-06 20:39:48] ds_online_v2_notehist cases_002  steps   1-  9: 27.3s  total: 27.3s  (10/100)
[2026-05-06 20:40:00] ds_weather_v2_notehist cases_003  steps  61- 69: 25.8s  total: 160.3s  (70/100)
[2026-05-06 20:40:27] ds_weather_v2_notehist cases_003  steps  71- 79: 26.8s  total: 187.2s  (80/100)
[2026-05-06 20:40:41] ds_online_v2_notehist cases_002  steps  11- 19: 52.9s  total: 80.2s  (20/100)
[2026-05-06 20:40:53] ds_weather_v2_notehist cases_003  steps  81- 89: 26.5s  total: 213.7s  (90/100)
[2026-05-06 20:41:20] ds_weather_v2_notehist cases_003  steps  91- 99: 27.1s  total: 240.7s  (100/100)
[2026-05-06 20:41:21] DONE ds_weather_v2_notehist cases_003  total: 240.7s  (2.41s/step)
[2026-05-06 20:41:21]   tokens: 2,213,365 in + 4,436 out  cost: $0.6025
[2026-05-06 20:41:21] START ds_weather_v2_notehist cases_004 (100 steps, note-with-history)
[2026-05-06 20:41:42] ds_weather_v2_notehist cases_004  steps   1-  9: 21.2s  total: 21.2s  (10/100)
[2026-05-06 20:41:59] ds_online_v2_notehist cases_002  steps  21- 29: 78.3s  total: 158.5s  (30/100)
[2026-05-06 20:42:14] ds_weather_v2_notehist cases_004  steps  11- 19: 31.6s  total: 52.8s  (20/100)
[2026-05-06 20:42:56] ds_weather_v2_notehist cases_004  steps  21- 29: 42.2s  total: 95.0s  (30/100)
[2026-05-06 20:43:44] ds_online_v2_notehist cases_002  steps  31- 39: 105.0s  total: 263.5s  (40/100)
[2026-05-06 20:43:48] ds_weather_v2_notehist cases_004  steps  31- 39: 51.7s  total: 146.7s  (40/100)
[2026-05-06 20:44:51] ds_weather_v2_notehist cases_004  steps  41- 49: 63.0s  total: 209.7s  (50/100)
[2026-05-06 20:45:56] ds_online_v2_notehist cases_002  steps  41- 49: 132.1s  total: 395.6s  (50/100)
[2026-05-06 20:46:06] ds_weather_v2_notehist cases_004  steps  51- 59: 75.4s  total: 285.1s  (60/100)
[2026-05-06 20:47:33] ds_weather_v2_notehist cases_004  steps  61- 69: 86.9s  total: 371.9s  (70/100)
[2026-05-06 20:48:32] ds_online_v2_notehist cases_002  steps  51- 59: 155.8s  total: 551.4s  (60/100)
[2026-05-06 20:49:11] ds_weather_v2_notehist cases_004  steps  71- 79: 98.8s  total: 470.7s  (80/100)
[2026-05-06 20:51:03] ds_weather_v2_notehist cases_004  steps  81- 89: 111.2s  total: 581.9s  (90/100)
[2026-05-06 20:51:39] ds_online_v2_notehist cases_002  steps  61- 69: 187.0s  total: 738.4s  (70/100)
[2026-05-06 20:53:07] ds_weather_v2_notehist cases_004  steps  91- 99: 124.3s  total: 706.2s  (100/100)
[2026-05-06 20:53:08] DONE ds_weather_v2_notehist cases_004  total: 706.2s  (7.06s/step)
[2026-05-06 20:53:08]   tokens: 8,887,674 in + 40,884 out  cost: $2.4446
[2026-05-06 20:53:08] START ds_weather_v2_notehist cases_005 (100 steps, note-with-history)
[2026-05-06 20:53:26] ds_weather_v2_notehist cases_005  steps   1-  9: 18.5s  total: 18.5s  (10/100)
[2026-05-06 20:53:47] ds_weather_v2_notehist cases_005  steps  11- 19: 20.9s  total: 39.4s  (20/100)
[2026-05-06 20:54:09] ds_weather_v2_notehist cases_005  steps  21- 29: 21.8s  total: 61.2s  (30/100)
[2026-05-06 20:54:31] ds_weather_v2_notehist cases_005  steps  31- 39: 22.4s  total: 83.6s  (40/100)
[2026-05-06 20:54:54] ds_weather_v2_notehist cases_005  steps  41- 49: 22.8s  total: 106.4s  (50/100)
[2026-05-06 20:55:11] ds_online_v2_notehist cases_002  steps  71- 79: 212.2s  total: 950.6s  (80/100)
[2026-05-06 20:55:19] ds_weather_v2_notehist cases_005  steps  51- 59: 25.2s  total: 131.6s  (60/100)
[2026-05-06 20:55:45] ds_weather_v2_notehist cases_005  steps  61- 69: 25.3s  total: 156.9s  (70/100)
[2026-05-06 20:56:11] ds_weather_v2_notehist cases_005  steps  71- 79: 26.8s  total: 183.7s  (80/100)
[2026-05-06 20:56:38] ds_weather_v2_notehist cases_005  steps  81- 89: 26.7s  total: 210.4s  (90/100)
[2026-05-06 20:57:05] ds_weather_v2_notehist cases_005  steps  91- 99: 27.4s  total: 237.8s  (100/100)
[2026-05-06 20:57:06] DONE ds_weather_v2_notehist cases_005  total: 237.8s  (2.38s/step)
[2026-05-06 20:57:06]   tokens: 2,047,958 in + 4,000 out  cost: $0.5573
[2026-05-06 20:57:06] START ds_weather_v2_notehist cases_006 (100 steps, note-with-history)
[2026-05-06 20:57:25] ds_weather_v2_notehist cases_006  steps   1-  9: 19.1s  total: 19.1s  (10/100)
[2026-05-06 20:57:45] ds_weather_v2_notehist cases_006  steps  11- 19: 20.0s  total: 39.1s  (20/100)
[2026-05-06 20:58:07] ds_weather_v2_notehist cases_006  steps  21- 29: 22.3s  total: 61.3s  (30/100)
[2026-05-06 20:58:28] ds_weather_v2_notehist cases_006  steps  31- 39: 20.9s  total: 82.2s  (40/100)
[2026-05-06 20:58:51] ds_weather_v2_notehist cases_006  steps  41- 49: 22.8s  total: 105.0s  (50/100)
[2026-05-06 20:59:15] ds_weather_v2_notehist cases_006  steps  51- 59: 24.1s  total: 129.2s  (60/100)
[2026-05-06 20:59:22] ds_online_v2_notehist cases_002  steps  81- 89: 250.2s  total: 1200.9s  (90/100)
[2026-05-06 20:59:40] ds_weather_v2_notehist cases_006  steps  61- 69: 24.9s  total: 154.1s  (70/100)
[2026-05-06 21:00:19] ds_weather_v2_notehist cases_006  steps  71- 79: 39.0s  total: 193.1s  (80/100)
[2026-05-06 21:00:47] ds_weather_v2_notehist cases_006  steps  81- 89: 28.4s  total: 221.5s  (90/100)
[2026-05-06 21:01:15] ds_weather_v2_notehist cases_006  steps  91- 99: 27.5s  total: 249.0s  (100/100)
[2026-05-06 21:01:15] DONE ds_weather_v2_notehist cases_006  total: 249.0s  (2.49s/step)
[2026-05-06 21:01:15]   tokens: 1,953,781 in + 3,643 out  cost: $0.5315
[2026-05-06 21:01:15] START ds_weather_v2_notehist cases_007 (100 steps, note-with-history)
[2026-05-06 21:01:36] ds_weather_v2_notehist cases_007  steps   1-  9: 20.6s  total: 20.6s  (10/100)
[2026-05-06 21:01:58] ds_weather_v2_notehist cases_007  steps  11- 19: 22.2s  total: 42.8s  (20/100)
[2026-05-06 21:02:22] ds_weather_v2_notehist cases_007  steps  21- 29: 23.4s  total: 66.3s  (30/100)
[2026-05-06 21:02:46] ds_weather_v2_notehist cases_007  steps  31- 39: 24.5s  total: 90.8s  (40/100)
[2026-05-06 21:03:11] ds_weather_v2_notehist cases_007  steps  41- 49: 24.5s  total: 115.3s  (50/100)
[2026-05-06 21:03:36] ds_weather_v2_notehist cases_007  steps  51- 59: 25.1s  total: 140.4s  (60/100)
[2026-05-06 21:04:03] ds_weather_v2_notehist cases_007  steps  61- 69: 26.9s  total: 167.4s  (70/100)
[2026-05-06 21:04:24] ds_online_v2_notehist cases_002  steps  91- 99: 302.4s  total: 1503.3s  (100/100)
[2026-05-06 21:04:25] DONE ds_online_v2_notehist cases_002  total: 1503.3s  (15.03s/step)
[2026-05-06 21:04:25]   tokens: 21,325,790 in + 104,330 out  cost: $5.8727
[2026-05-06 21:04:25] START ds_online_v2_notehist cases_003 (100 steps, note-with-history)
[2026-05-06 21:04:30] ds_weather_v2_notehist cases_007  steps  71- 79: 26.8s  total: 194.2s  (80/100)
[2026-05-06 21:04:59] ds_online_v2_notehist cases_003  steps   1-  9: 34.2s  total: 34.2s  (10/100)
[2026-05-06 21:04:59] ds_weather_v2_notehist cases_007  steps  81- 89: 29.6s  total: 223.8s  (90/100)
[2026-05-06 21:05:29] ds_weather_v2_notehist cases_007  steps  91- 99: 29.8s  total: 253.6s  (100/100)
[2026-05-06 21:05:29] DONE ds_weather_v2_notehist cases_007  total: 253.6s  (2.54s/step)
[2026-05-06 21:05:29]   tokens: 2,092,856 in + 3,996 out  cost: $0.5695
[2026-05-06 21:05:30] START ds_weather_v2_notehist cases_008 (100 steps, note-with-history)
[2026-05-06 21:05:50] ds_weather_v2_notehist cases_008  steps   1-  9: 20.2s  total: 20.2s  (10/100)
[2026-05-06 21:06:02] ds_online_v2_notehist cases_003  steps  11- 19: 63.0s  total: 97.2s  (20/100)
[2026-05-06 21:06:11] ds_weather_v2_notehist cases_008  steps  11- 19: 21.1s  total: 41.3s  (20/100)
[2026-05-06 21:06:35] ds_weather_v2_notehist cases_008  steps  21- 29: 24.4s  total: 65.8s  (30/100)
[2026-05-06 21:06:59] ds_weather_v2_notehist cases_008  steps  31- 39: 23.3s  total: 89.1s  (40/100)
[2026-05-06 21:07:22] ds_weather_v2_notehist cases_008  steps  41- 49: 23.4s  total: 112.5s  (50/100)
[2026-05-06 21:07:34] ds_online_v2_notehist cases_003  steps  21- 29: 92.5s  total: 189.8s  (30/100)
[2026-05-06 21:07:47] ds_weather_v2_notehist cases_008  steps  51- 59: 25.1s  total: 137.6s  (60/100)
[2026-05-06 21:08:13] ds_weather_v2_notehist cases_008  steps  61- 69: 26.0s  total: 163.7s  (70/100)
[2026-05-06 21:08:40] ds_weather_v2_notehist cases_008  steps  71- 79: 26.3s  total: 190.0s  (80/100)
[2026-05-06 21:09:06] ds_weather_v2_notehist cases_008  steps  81- 89: 27.0s  total: 216.9s  (90/100)
[2026-05-06 21:09:33] ds_weather_v2_notehist cases_008  steps  91- 99: 26.6s  total: 243.5s  (100/100)
[2026-05-06 21:09:34] DONE ds_weather_v2_notehist cases_008  total: 243.5s  (2.44s/step)
[2026-05-06 21:09:34]   tokens: 1,905,798 in + 3,380 out  cost: $0.5183
[2026-05-06 21:09:34] START ds_weather_v2_notehist cases_009 (100 steps, note-with-history)
[2026-05-06 21:09:34] ds_online_v2_notehist cases_003  steps  31- 39: 120.0s  total: 309.8s  (40/100)
[2026-05-06 21:09:53] ds_weather_v2_notehist cases_009  steps   1-  9: 18.5s  total: 18.5s  (10/100)
[2026-05-06 21:10:12] ds_weather_v2_notehist cases_009  steps  11- 19: 19.5s  total: 38.0s  (20/100)
[2026-05-06 21:10:33] ds_weather_v2_notehist cases_009  steps  21- 29: 21.0s  total: 59.1s  (30/100)
[2026-05-06 21:10:55] ds_weather_v2_notehist cases_009  steps  31- 39: 21.6s  total: 80.7s  (40/100)
[2026-05-06 21:11:16] ds_weather_v2_notehist cases_009  steps  41- 49: 21.3s  total: 102.0s  (50/100)
[2026-05-06 21:11:38] ds_weather_v2_notehist cases_009  steps  51- 59: 21.9s  total: 123.9s  (60/100)
[2026-05-06 21:12:01] ds_weather_v2_notehist cases_009  steps  61- 69: 23.1s  total: 147.0s  (70/100)
[2026-05-06 21:12:07] ds_online_v2_notehist cases_003  steps  41- 49: 152.7s  total: 462.5s  (50/100)
[2026-05-06 21:12:27] ds_weather_v2_notehist cases_009  steps  71- 79: 25.4s  total: 172.4s  (80/100)
[2026-05-06 21:12:52] ds_weather_v2_notehist cases_009  steps  81- 89: 25.7s  total: 198.0s  (90/100)
[2026-05-06 21:13:18] ds_weather_v2_notehist cases_009  steps  91- 99: 25.6s  total: 223.6s  (100/100)
[2026-05-06 21:13:18] DONE ds_weather_v2_notehist cases_009  total: 223.6s  (2.24s/step)
[2026-05-06 21:13:18]   tokens: 1,508,980 in + 2,012 out  cost: $0.4096
[2026-05-06 21:13:18] START ds_weather_v2_notehist cases_010 (100 steps, note-with-history)
[2026-05-06 21:13:36] ds_weather_v2_notehist cases_010  steps   1-  9: 17.9s  total: 17.9s  (10/100)
[2026-05-06 21:13:54] ds_weather_v2_notehist cases_010  steps  11- 19: 18.2s  total: 36.0s  (20/100)
[2026-05-06 21:14:15] ds_weather_v2_notehist cases_010  steps  21- 29: 20.9s  total: 57.0s  (30/100)
[2026-05-06 21:14:36] ds_weather_v2_notehist cases_010  steps  31- 39: 21.1s  total: 78.0s  (40/100)
[2026-05-06 21:14:58] ds_weather_v2_notehist cases_010  steps  41- 49: 22.0s  total: 100.0s  (50/100)
[2026-05-06 21:15:11] ds_online_v2_notehist cases_003  steps  51- 59: 183.8s  total: 646.3s  (60/100)
[2026-05-06 21:15:20] ds_weather_v2_notehist cases_010  steps  51- 59: 21.2s  total: 121.2s  (60/100)
[2026-05-06 21:15:42] ds_weather_v2_notehist cases_010  steps  61- 69: 22.4s  total: 143.6s  (70/100)
[2026-05-06 21:16:07] ds_weather_v2_notehist cases_010  steps  71- 79: 24.5s  total: 168.2s  (80/100)
[2026-05-06 21:16:30] ds_weather_v2_notehist cases_010  steps  81- 89: 23.5s  total: 191.7s  (90/100)
[2026-05-06 21:16:56] ds_weather_v2_notehist cases_010  steps  91- 99: 25.5s  total: 217.2s  (100/100)
[2026-05-06 21:16:56] DONE ds_weather_v2_notehist cases_010  total: 217.2s  (2.17s/step)
[2026-05-06 21:16:56]   tokens: 1,463,623 in + 1,865 out  cost: $0.3972
[2026-05-06 21:16:57] START ds_weather_v2_notehist cases_011 (100 steps, note-with-history)
[2026-05-06 21:17:18] ds_weather_v2_notehist cases_011  steps   1-  9: 21.2s  total: 21.2s  (10/100)
[2026-05-06 21:17:39] ds_weather_v2_notehist cases_011  steps  11- 19: 20.8s  total: 42.0s  (20/100)
[2026-05-06 21:18:02] ds_weather_v2_notehist cases_011  steps  21- 29: 23.3s  total: 65.2s  (30/100)
[2026-05-06 21:18:26] ds_weather_v2_notehist cases_011  steps  31- 39: 24.1s  total: 89.3s  (40/100)
[2026-05-06 21:18:50] ds_online_v2_notehist cases_003  steps  61- 69: 218.9s  total: 865.2s  (70/100)
[2026-05-06 21:18:50] ds_weather_v2_notehist cases_011  steps  41- 49: 24.2s  total: 113.5s  (50/100)
[2026-05-06 21:19:15] ds_weather_v2_notehist cases_011  steps  51- 59: 24.7s  total: 138.2s  (60/100)
[2026-05-06 21:19:40] ds_weather_v2_notehist cases_011  steps  61- 69: 25.6s  total: 163.8s  (70/100)
[2026-05-06 21:20:06] ds_weather_v2_notehist cases_011  steps  71- 79: 25.7s  total: 189.5s  (80/100)
[2026-05-06 21:20:34] ds_weather_v2_notehist cases_011  steps  81- 89: 27.5s  total: 217.0s  (90/100)
[2026-05-06 21:21:03] ds_weather_v2_notehist cases_011  steps  91- 99: 29.0s  total: 246.1s  (100/100)
[2026-05-06 21:21:03] DONE ds_weather_v2_notehist cases_011  total: 246.1s  (2.46s/step)
[2026-05-06 21:21:03]   tokens: 1,976,824 in + 3,600 out  cost: $0.5377
[2026-05-06 21:21:03] START ds_weather_v2_notehist cases_012 (100 steps, note-with-history)
[2026-05-06 21:21:23] ds_weather_v2_notehist cases_012  steps   1-  9: 20.2s  total: 20.2s  (10/100)
[2026-05-06 21:21:44] ds_weather_v2_notehist cases_012  steps  11- 19: 21.0s  total: 41.2s  (20/100)
[2026-05-06 21:22:08] ds_weather_v2_notehist cases_012  steps  21- 29: 23.2s  total: 64.5s  (30/100)
[2026-05-06 21:22:31] ds_weather_v2_notehist cases_012  steps  31- 39: 23.5s  total: 88.0s  (40/100)
[2026-05-06 21:22:55] ds_online_v2_notehist cases_003  steps  71- 79: 245.1s  total: 1110.3s  (80/100)
[2026-05-06 21:22:55] ds_weather_v2_notehist cases_012  steps  41- 49: 24.1s  total: 112.0s  (50/100)
[2026-05-06 21:23:21] ds_weather_v2_notehist cases_012  steps  51- 59: 25.8s  total: 137.9s  (60/100)
[2026-05-06 21:23:46] ds_weather_v2_notehist cases_012  steps  61- 69: 25.4s  total: 163.2s  (70/100)
[2026-05-06 21:24:13] ds_weather_v2_notehist cases_012  steps  71- 79: 27.1s  total: 190.4s  (80/100)
[2026-05-06 21:24:40] ds_weather_v2_notehist cases_012  steps  81- 89: 26.9s  total: 217.2s  (90/100)
[2026-05-06 21:25:08] ds_weather_v2_notehist cases_012  steps  91- 99: 28.2s  total: 245.4s  (100/100)
[2026-05-06 21:25:09] DONE ds_weather_v2_notehist cases_012  total: 245.4s  (2.45s/step)
[2026-05-06 21:25:09]   tokens: 1,976,824 in + 3,600 out  cost: $0.5377
[2026-05-06 21:25:09] START ds_weather_v2_notehist cases_013 (100 steps, note-with-history)
[2026-05-06 21:25:31] ds_weather_v2_notehist cases_013  steps   1-  9: 22.3s  total: 22.3s  (10/100)
[2026-05-06 21:25:53] ds_weather_v2_notehist cases_013  steps  11- 19: 21.9s  total: 44.2s  (20/100)
[2026-05-06 21:26:17] ds_weather_v2_notehist cases_013  steps  21- 29: 24.2s  total: 68.4s  (30/100)
[2026-05-06 21:26:41] ds_weather_v2_notehist cases_013  steps  31- 39: 23.7s  total: 92.0s  (40/100)
[2026-05-06 21:27:05] ds_weather_v2_notehist cases_013  steps  41- 49: 23.9s  total: 115.9s  (50/100)
[2026-05-06 21:27:29] ds_weather_v2_notehist cases_013  steps  51- 59: 24.4s  total: 140.3s  (60/100)
[2026-05-06 21:27:48] ds_online_v2_notehist cases_003  steps  81- 89: 292.7s  total: 1403.0s  (90/100)
[2026-05-06 21:27:55] ds_weather_v2_notehist cases_013  steps  61- 69: 26.0s  total: 166.3s  (70/100)
[2026-05-06 21:28:22] ds_weather_v2_notehist cases_013  steps  71- 79: 27.2s  total: 193.5s  (80/100)
[2026-05-06 21:28:49] ds_weather_v2_notehist cases_013  steps  81- 89: 26.8s  total: 220.3s  (90/100)
[2026-05-06 21:29:17] ds_weather_v2_notehist cases_013  steps  91- 99: 27.7s  total: 247.9s  (100/100)
[2026-05-06 21:29:17] DONE ds_weather_v2_notehist cases_013  total: 247.9s  (2.48s/step)
[2026-05-06 21:29:17]   tokens: 1,976,824 in + 3,600 out  cost: $0.5377
[2026-05-06 21:29:17] START ds_weather_v2_notehist cases_014 (100 steps, note-with-history)
[2026-05-06 21:29:52] ds_weather_v2_notehist cases_014  steps   1-  9: 34.1s  total: 34.1s  (10/100)
[2026-05-06 21:31:01] ds_weather_v2_notehist cases_014  steps  11- 19: 69.9s  total: 104.0s  (20/100)
[2026-05-06 21:32:46] ds_weather_v2_notehist cases_014  steps  21- 29: 104.3s  total: 208.3s  (30/100)
[2026-05-06 21:33:15] ds_online_v2_notehist cases_003  steps  91- 99: 327.1s  total: 1730.2s  (100/100)
[2026-05-06 21:33:15] DONE ds_online_v2_notehist cases_003  total: 1730.2s  (17.30s/step)
[2026-05-06 21:33:15]   tokens: 21,685,005 in + 105,670 out  cost: $5.9712
[2026-05-06 21:33:15] START ds_online_v2_notehist cases_004 (100 steps, note-with-history)
[2026-05-06 21:33:34] ds_online_v2_notehist cases_004  steps   1-  9: 19.2s  total: 19.2s  (10/100)
[2026-05-06 21:33:53] ds_online_v2_notehist cases_004  steps  11- 19: 19.0s  total: 38.2s  (20/100)
[2026-05-06 21:34:16] ds_online_v2_notehist cases_004  steps  21- 29: 22.4s  total: 60.6s  (30/100)
[2026-05-06 21:34:39] ds_online_v2_notehist cases_004  steps  31- 39: 22.9s  total: 83.5s  (40/100)
[2026-05-06 21:35:00] ds_online_v2_notehist cases_004  steps  41- 49: 21.7s  total: 105.3s  (50/100)
[2026-05-06 21:35:06] ds_weather_v2_notehist cases_014  steps  31- 39: 140.7s  total: 349.0s  (40/100)
[2026-05-06 21:35:25] ds_online_v2_notehist cases_004  steps  51- 59: 24.1s  total: 129.3s  (60/100)
[2026-05-06 21:35:49] ds_online_v2_notehist cases_004  steps  61- 69: 24.3s  total: 153.6s  (70/100)
[2026-05-06 21:36:16] ds_online_v2_notehist cases_004  steps  71- 79: 27.3s  total: 180.9s  (80/100)
[2026-05-06 21:36:44] ds_online_v2_notehist cases_004  steps  81- 89: 27.8s  total: 208.7s  (90/100)
[2026-05-06 21:37:11] ds_online_v2_notehist cases_004  steps  91- 99: 27.3s  total: 236.0s  (100/100)
[2026-05-06 21:37:12] DONE ds_online_v2_notehist cases_004  total: 236.0s  (2.36s/step)
[2026-05-06 21:37:12]   tokens: 1,600,009 in + 2,935 out  cost: $0.4352
[2026-05-06 21:37:12] START ds_online_v2_notehist cases_005 (100 steps, note-with-history)
[2026-05-06 21:37:33] ds_online_v2_notehist cases_005  steps   1-  9: 20.9s  total: 20.9s  (10/100)
[2026-05-06 21:37:54] ds_online_v2_notehist cases_005  steps  11- 19: 20.8s  total: 41.7s  (20/100)
[2026-05-06 21:37:58] ds_weather_v2_notehist cases_014  steps  41- 49: 171.9s  total: 520.9s  (50/100)
[2026-05-06 21:38:16] ds_online_v2_notehist cases_005  steps  21- 29: 22.6s  total: 64.3s  (30/100)
[2026-05-06 21:38:39] ds_online_v2_notehist cases_005  steps  31- 39: 22.5s  total: 86.8s  (40/100)
[2026-05-06 21:39:02] ds_online_v2_notehist cases_005  steps  41- 49: 23.1s  total: 110.0s  (50/100)
[2026-05-06 21:39:25] ds_online_v2_notehist cases_005  steps  51- 59: 22.8s  total: 132.8s  (60/100)
[2026-05-06 21:39:49] ds_online_v2_notehist cases_005  steps  61- 69: 23.9s  total: 156.6s  (70/100)
[2026-05-06 21:40:14] ds_online_v2_notehist cases_005  steps  71- 79: 25.2s  total: 181.9s  (80/100)
[2026-05-06 21:40:41] ds_online_v2_notehist cases_005  steps  81- 89: 26.6s  total: 208.5s  (90/100)
[2026-05-06 21:41:07] ds_online_v2_notehist cases_005  steps  91- 99: 26.1s  total: 234.6s  (100/100)
[2026-05-06 21:41:07] DONE ds_online_v2_notehist cases_005  total: 234.6s  (2.35s/step)
[2026-05-06 21:41:07]   tokens: 1,724,776 in + 3,106 out  cost: $0.4691
[2026-05-06 21:41:07] START ds_online_v2_notehist cases_006 (100 steps, note-with-history)
[2026-05-06 21:41:17] ds_weather_v2_notehist cases_014  steps  51- 59: 198.7s  total: 719.7s  (60/100)
[2026-05-06 21:41:30] ds_online_v2_notehist cases_006  steps   1-  9: 23.0s  total: 23.0s  (10/100)
[2026-05-06 21:42:01] ds_online_v2_notehist cases_006  steps  11- 19: 30.9s  total: 53.9s  (20/100)
[2026-05-06 21:42:38] ds_online_v2_notehist cases_006  steps  21- 29: 37.2s  total: 91.1s  (30/100)
[2026-05-06 21:43:19] ds_online_v2_notehist cases_006  steps  31- 39: 41.1s  total: 132.1s  (40/100)
[2026-05-06 21:44:04] ds_online_v2_notehist cases_006  steps  41- 49: 45.1s  total: 177.2s  (50/100)
[2026-05-06 21:44:56] ds_online_v2_notehist cases_006  steps  51- 59: 52.1s  total: 229.3s  (60/100)
[2026-05-06 21:45:08] ds_weather_v2_notehist cases_014  steps  61- 69: 230.5s  total: 950.2s  (70/100)
[2026-05-06 21:45:51] ds_online_v2_notehist cases_006  steps  61- 69: 54.6s  total: 283.9s  (70/100)
[2026-05-06 21:46:50] ds_online_v2_notehist cases_006  steps  71- 79: 58.5s  total: 342.4s  (80/100)
[2026-05-06 21:47:51] ds_online_v2_notehist cases_006  steps  81- 89: 61.6s  total: 404.0s  (90/100)
[2026-05-06 21:48:57] ds_online_v2_notehist cases_006  steps  91- 99: 65.3s  total: 469.4s  (100/100)
[2026-05-06 21:48:57] DONE ds_online_v2_notehist cases_006  total: 469.4s  (4.69s/step)
[2026-05-06 21:48:57]   tokens: 5,511,962 in + 20,492 out  cost: $1.5108
[2026-05-06 21:48:57] START ds_online_v2_notehist cases_007 (100 steps, note-with-history)
[2026-05-06 21:49:20] ds_online_v2_notehist cases_007  steps   1-  9: 22.7s  total: 22.7s  (10/100)
[2026-05-06 21:49:31] ds_weather_v2_notehist cases_014  steps  71- 79: 263.4s  total: 1213.6s  (80/100)
[2026-05-06 21:49:48] ds_online_v2_notehist cases_007  steps  11- 19: 27.7s  total: 50.3s  (20/100)
[2026-05-06 21:50:19] ds_online_v2_notehist cases_007  steps  21- 29: 31.7s  total: 82.0s  (30/100)
[2026-05-06 21:50:53] ds_online_v2_notehist cases_007  steps  31- 39: 33.6s  total: 115.7s  (40/100)
[2026-05-06 21:51:31] ds_online_v2_notehist cases_007  steps  41- 49: 38.1s  total: 153.8s  (50/100)
[2026-05-06 21:52:13] ds_online_v2_notehist cases_007  steps  51- 59: 41.8s  total: 195.6s  (60/100)
[2026-05-06 21:52:59] ds_online_v2_notehist cases_007  steps  61- 69: 45.5s  total: 241.1s  (70/100)
[2026-05-06 21:53:45] ds_online_v2_notehist cases_007  steps  71- 79: 46.6s  total: 287.7s  (80/100)
[2026-05-06 21:54:24] ds_weather_v2_notehist cases_014  steps  81- 89: 293.5s  total: 1507.1s  (90/100)
[2026-05-06 21:54:37] ds_online_v2_notehist cases_007  steps  81- 89: 51.5s  total: 339.2s  (90/100)
[2026-05-06 21:55:32] ds_online_v2_notehist cases_007  steps  91- 99: 55.4s  total: 394.6s  (100/100)
[2026-05-06 21:55:33] DONE ds_online_v2_notehist cases_007  total: 394.6s  (3.95s/step)
[2026-05-06 21:55:33]   tokens: 4,062,067 in + 14,394 out  cost: $1.1126
[2026-05-06 21:55:33] START ds_online_v2_notehist cases_008 (100 steps, note-with-history)
[2026-05-06 21:56:05] ds_online_v2_notehist cases_008  steps   1-  9: 31.4s  total: 31.4s  (10/100)
[2026-05-06 21:57:06] ds_online_v2_notehist cases_008  steps  11- 19: 61.1s  total: 92.5s  (20/100)
[2026-05-06 21:58:38] ds_online_v2_notehist cases_008  steps  21- 29: 92.7s  total: 185.2s  (30/100)
[2026-05-06 21:59:49] ds_weather_v2_notehist cases_014  steps  91- 99: 324.4s  total: 1831.4s  (100/100)
[2026-05-06 21:59:49] DONE ds_weather_v2_notehist cases_014  total: 1831.4s  (18.31s/step)
[2026-05-06 21:59:49]   tokens: 23,803,742 in + 115,006 out  cost: $6.5535
[2026-05-06 21:59:49] START ds_weather_v2_notehist cases_015 (100 steps, note-with-history)
[2026-05-06 22:00:13] ds_weather_v2_notehist cases_015  steps   1-  9: 24.1s  total: 24.1s  (10/100)
[2026-05-06 22:00:42] ds_weather_v2_notehist cases_015  steps  11- 19: 28.6s  total: 52.7s  (20/100)
[2026-05-06 22:00:44] ds_online_v2_notehist cases_008  steps  31- 39: 126.0s  total: 311.1s  (40/100)
[2026-05-06 22:01:13] ds_weather_v2_notehist cases_015  steps  21- 29: 31.4s  total: 84.1s  (30/100)
[2026-05-06 22:01:45] ds_weather_v2_notehist cases_015  steps  31- 39: 31.4s  total: 115.5s  (40/100)
[2026-05-06 22:02:18] ds_weather_v2_notehist cases_015  steps  41- 49: 32.6s  total: 148.2s  (50/100)
[2026-05-06 22:02:49] ds_weather_v2_notehist cases_015  steps  51- 59: 31.7s  total: 179.9s  (60/100)
[2026-05-06 22:03:22] ds_weather_v2_notehist cases_015  steps  61- 69: 32.4s  total: 212.3s  (70/100)
[2026-05-06 22:03:27] ds_online_v2_notehist cases_008  steps  41- 49: 162.7s  total: 473.8s  (50/100)
[2026-05-06 22:03:55] ds_weather_v2_notehist cases_015  steps  71- 79: 33.4s  total: 245.8s  (80/100)
[2026-05-06 22:04:29] ds_weather_v2_notehist cases_015  steps  81- 89: 34.0s  total: 279.8s  (90/100)
[2026-05-06 22:05:03] ds_weather_v2_notehist cases_015  steps  91- 99: 33.5s  total: 313.3s  (100/100)
[2026-05-06 22:05:03] DONE ds_weather_v2_notehist cases_015  total: 313.3s  (3.13s/step)
[2026-05-06 22:05:03]   tokens: 2,899,318 in + 7,061 out  cost: $0.7906
[2026-05-06 22:05:03] START ds_weather_v2_notehist cases_016 (100 steps, note-with-history)
[2026-05-06 22:05:24] ds_weather_v2_notehist cases_016  steps   1-  9: 21.0s  total: 21.0s  (10/100)
[2026-05-06 22:05:46] ds_weather_v2_notehist cases_016  steps  11- 19: 21.3s  total: 42.3s  (20/100)
[2026-05-06 22:06:08] ds_weather_v2_notehist cases_016  steps  21- 29: 22.7s  total: 65.0s  (30/100)
[2026-05-06 22:06:31] ds_weather_v2_notehist cases_016  steps  31- 39: 22.4s  total: 87.4s  (40/100)
[2026-05-06 22:06:37] ds_online_v2_notehist cases_008  steps  51- 59: 189.6s  total: 663.4s  (60/100)
[2026-05-06 22:06:53] ds_weather_v2_notehist cases_016  steps  41- 49: 22.1s  total: 109.5s  (50/100)
[2026-05-06 22:07:17] ds_weather_v2_notehist cases_016  steps  51- 59: 24.2s  total: 133.7s  (60/100)
[2026-05-06 22:07:45] ds_weather_v2_notehist cases_016  steps  61- 69: 27.3s  total: 161.1s  (70/100)
[2026-05-06 22:08:10] ds_weather_v2_notehist cases_016  steps  71- 79: 25.7s  total: 186.7s  (80/100)
[2026-05-06 22:08:38] ds_weather_v2_notehist cases_016  steps  81- 89: 27.3s  total: 214.1s  (90/100)
[2026-05-06 22:09:04] ds_weather_v2_notehist cases_016  steps  91- 99: 26.3s  total: 240.3s  (100/100)
[2026-05-06 22:09:04] DONE ds_weather_v2_notehist cases_016  total: 240.3s  (2.40s/step)
[2026-05-06 22:09:04]   tokens: 1,638,649 in + 2,522 out  cost: $0.4452
[2026-05-06 22:09:05] START ds_weather_v2_notehist cases_017 (100 steps, note-with-history)
[2026-05-06 22:09:26] ds_weather_v2_notehist cases_017  steps   1-  9: 21.6s  total: 21.6s  (10/100)
[2026-05-06 22:09:49] ds_weather_v2_notehist cases_017  steps  11- 19: 22.6s  total: 44.3s  (20/100)
[2026-05-06 22:10:13] ds_weather_v2_notehist cases_017  steps  21- 29: 23.9s  total: 68.2s  (30/100)
[2026-05-06 22:10:17] ds_online_v2_notehist cases_008  steps  61- 69: 220.0s  total: 883.4s  (70/100)
[2026-05-06 22:10:38] ds_weather_v2_notehist cases_017  steps  31- 39: 25.6s  total: 93.8s  (40/100)
[2026-05-06 22:11:02] ds_weather_v2_notehist cases_017  steps  41- 49: 23.3s  total: 117.1s  (50/100)
[2026-05-06 22:11:28] ds_weather_v2_notehist cases_017  steps  51- 59: 26.0s  total: 143.1s  (60/100)
[2026-05-06 22:11:55] ds_weather_v2_notehist cases_017  steps  61- 69: 27.6s  total: 170.7s  (70/100)
[2026-05-06 22:12:23] ds_weather_v2_notehist cases_017  steps  71- 79: 27.5s  total: 198.2s  (80/100)
[2026-05-06 22:12:53] ds_weather_v2_notehist cases_017  steps  81- 89: 30.7s  total: 228.8s  (90/100)
[2026-05-06 22:13:23] ds_weather_v2_notehist cases_017  steps  91- 99: 29.3s  total: 258.1s  (100/100)
[2026-05-06 22:13:24] DONE ds_weather_v2_notehist cases_017  total: 258.1s  (2.58s/step)
[2026-05-06 22:13:24]   tokens: 2,092,856 in + 3,996 out  cost: $0.5695
[2026-05-06 22:13:24] START ds_weather_v2_notehist cases_018 (100 steps, note-with-history)
[2026-05-06 22:13:44] ds_weather_v2_notehist cases_018  steps   1-  9: 20.0s  total: 20.0s  (10/100)
[2026-05-06 22:14:05] ds_weather_v2_notehist cases_018  steps  11- 19: 21.6s  total: 41.5s  (20/100)
[2026-05-06 22:14:28] ds_weather_v2_notehist cases_018  steps  21- 29: 22.8s  total: 64.4s  (30/100)
[2026-05-06 22:14:29] ds_online_v2_notehist cases_008  steps  71- 79: 252.1s  total: 1135.6s  (80/100)
[2026-05-06 22:17:35] START ds_weather_v2_notehist cases_018 (100 steps, note-with-history)
[2026-05-06 22:17:35] START ds_online_v2_notehist cases_008 (100 steps, note-with-history)
[2026-05-06 22:17:57] ds_weather_v2_notehist cases_018  steps   1-  9: 21.5s  total: 21.5s  (10/100)
[2026-05-06 22:18:05] ds_online_v2_notehist cases_008  steps   1-  9: 30.3s  total: 30.3s  (10/100)
[2026-05-06 22:18:19] ds_weather_v2_notehist cases_018  steps  11- 19: 22.4s  total: 43.9s  (20/100)
[2026-05-06 22:18:42] ds_weather_v2_notehist cases_018  steps  21- 29: 23.0s  total: 67.0s  (30/100)
[2026-05-06 22:19:01] ds_online_v2_notehist cases_008  steps  11- 19: 56.1s  total: 86.3s  (20/100)
[2026-05-06 22:19:07] ds_weather_v2_notehist cases_018  steps  31- 39: 24.7s  total: 91.7s  (40/100)
[2026-05-06 22:19:32] ds_weather_v2_notehist cases_018  steps  41- 49: 24.9s  total: 116.6s  (50/100)
[2026-05-06 22:19:56] ds_weather_v2_notehist cases_018  steps  51- 59: 24.3s  total: 140.9s  (60/100)
[2026-05-06 22:20:22] ds_weather_v2_notehist cases_018  steps  61- 69: 26.1s  total: 167.0s  (70/100)
[2026-05-06 22:20:23] ds_online_v2_notehist cases_008  steps  21- 29: 81.0s  total: 167.4s  (30/100)
[2026-05-06 22:20:49] ds_weather_v2_notehist cases_018  steps  71- 79: 26.8s  total: 193.9s  (80/100)
[2026-05-06 22:21:17] ds_weather_v2_notehist cases_018  steps  81- 89: 27.8s  total: 221.6s  (90/100)
[2026-05-06 22:21:45] ds_weather_v2_notehist cases_018  steps  91- 99: 28.4s  total: 250.1s  (100/100)
[2026-05-06 22:21:47] DONE ds_weather_v2_notehist cases_018  total: 250.1s  (2.50s/step)
[2026-05-06 22:21:47]   tokens: 1,976,824 in + 3,600 out  cost: $0.5377
[2026-05-06 22:21:47] START ds_weather_v2_notehist cases_019 (100 steps, note-with-history)
[2026-05-06 22:22:08] ds_weather_v2_notehist cases_019  steps   1-  9: 21.0s  total: 21.0s  (10/100)
[2026-05-06 22:22:10] ds_online_v2_notehist cases_008  steps  31- 39: 107.3s  total: 274.6s  (40/100)
[2026-05-06 22:22:30] ds_weather_v2_notehist cases_019  steps  11- 19: 22.3s  total: 43.3s  (20/100)
[2026-05-06 22:22:54] ds_weather_v2_notehist cases_019  steps  21- 29: 23.3s  total: 66.7s  (30/100)
[2026-05-06 22:23:18] ds_weather_v2_notehist cases_019  steps  31- 39: 24.5s  total: 91.2s  (40/100)
[2026-05-06 22:23:44] ds_weather_v2_notehist cases_019  steps  41- 49: 25.4s  total: 116.6s  (50/100)
[2026-05-06 22:24:08] ds_weather_v2_notehist cases_019  steps  51- 59: 24.2s  total: 140.9s  (60/100)
[2026-05-06 22:24:25] ds_online_v2_notehist cases_008  steps  41- 49: 135.2s  total: 409.9s  (50/100)
[2026-05-06 22:24:35] ds_weather_v2_notehist cases_019  steps  61- 69: 26.9s  total: 167.7s  (70/100)
[2026-05-06 22:25:02] ds_weather_v2_notehist cases_019  steps  71- 79: 27.3s  total: 195.0s  (80/100)
[2026-05-06 22:25:31] ds_weather_v2_notehist cases_019  steps  81- 89: 28.7s  total: 223.7s  (90/100)
[2026-05-06 22:26:00] ds_weather_v2_notehist cases_019  steps  91- 99: 29.6s  total: 253.3s  (100/100)
[2026-05-06 22:26:01] DONE ds_weather_v2_notehist cases_019  total: 253.3s  (2.53s/step)
[2026-05-06 22:26:01]   tokens: 1,976,824 in + 3,600 out  cost: $0.5377
[2026-05-06 22:26:01] START ds_weather_v2_notehist cases_020 (100 steps, note-with-history)
[2026-05-06 22:26:27] ds_weather_v2_notehist cases_020  steps   1-  9: 25.6s  total: 25.6s  (10/100)
[2026-05-06 22:26:55] ds_weather_v2_notehist cases_020  steps  11- 19: 28.3s  total: 54.0s  (20/100)
[2026-05-06 22:27:12] ds_online_v2_notehist cases_008  steps  51- 59: 166.7s  total: 576.6s  (60/100)
[2026-05-06 22:27:24] ds_weather_v2_notehist cases_020  steps  21- 29: 29.0s  total: 83.0s  (30/100)
[2026-05-06 22:27:53] ds_weather_v2_notehist cases_020  steps  31- 39: 28.7s  total: 111.6s  (40/100)
[2026-05-06 22:28:23] ds_weather_v2_notehist cases_020  steps  41- 49: 30.2s  total: 141.9s  (50/100)
[2026-05-06 22:28:57] ds_weather_v2_notehist cases_020  steps  51- 59: 34.0s  total: 175.9s  (60/100)
[2026-05-06 22:29:30] ds_weather_v2_notehist cases_020  steps  61- 69: 32.7s  total: 208.6s  (70/100)
[2026-05-06 22:30:04] ds_weather_v2_notehist cases_020  steps  71- 79: 33.7s  total: 242.3s  (80/100)
[2026-05-06 22:30:22] ds_online_v2_notehist cases_008  steps  61- 69: 190.6s  total: 767.2s  (70/100)
[2026-05-06 22:30:38] ds_weather_v2_notehist cases_020  steps  81- 89: 34.8s  total: 277.1s  (90/100)
[2026-05-06 22:31:13] ds_weather_v2_notehist cases_020  steps  91- 99: 34.3s  total: 311.4s  (100/100)
[2026-05-06 22:31:14] DONE ds_weather_v2_notehist cases_020  total: 311.4s  (3.11s/step)
[2026-05-06 22:31:14]   tokens: 2,933,012 in + 6,994 out  cost: $0.7996
[2026-05-06 22:31:14] START ds_weather_v2_notehist cases_021 (100 steps, note-with-history)
[2026-05-06 22:31:35] ds_weather_v2_notehist cases_021  steps   1-  9: 21.5s  total: 21.5s  (10/100)
[2026-05-06 22:31:57] ds_weather_v2_notehist cases_021  steps  11- 19: 21.7s  total: 43.2s  (20/100)
[2026-05-06 22:32:22] ds_weather_v2_notehist cases_021  steps  21- 29: 25.0s  total: 68.2s  (30/100)
[2026-05-06 22:32:46] ds_weather_v2_notehist cases_021  steps  31- 39: 23.8s  total: 92.0s  (40/100)
[2026-05-06 22:33:13] ds_weather_v2_notehist cases_021  steps  41- 49: 27.1s  total: 119.1s  (50/100)
[2026-05-06 22:33:37] ds_weather_v2_notehist cases_021  steps  51- 59: 24.4s  total: 143.5s  (60/100)
[2026-05-06 22:34:04] ds_weather_v2_notehist cases_021  steps  61- 69: 27.2s  total: 170.7s  (70/100)
[2026-05-06 22:34:10] ds_online_v2_notehist cases_008  steps  71- 79: 227.4s  total: 994.6s  (80/100)
[2026-05-06 22:34:32] ds_weather_v2_notehist cases_021  steps  71- 79: 27.4s  total: 198.1s  (80/100)
[2026-05-06 22:35:00] ds_weather_v2_notehist cases_021  steps  81- 89: 27.8s  total: 225.9s  (90/100)
[2026-05-06 22:35:27] ds_weather_v2_notehist cases_021  steps  91- 99: 27.4s  total: 253.3s  (100/100)
[2026-05-06 22:35:27] DONE ds_weather_v2_notehist cases_021  total: 253.3s  (2.53s/step)
[2026-05-06 22:35:27]   tokens: 1,835,048 in + 3,160 out  cost: $0.4989
[2026-05-06 22:35:27] START ds_weather_v2_notehist cases_022 (100 steps, note-with-history)
[2026-05-06 22:35:50] ds_weather_v2_notehist cases_022  steps   1-  9: 22.1s  total: 22.1s  (10/100)
[2026-05-06 22:36:12] ds_weather_v2_notehist cases_022  steps  11- 19: 22.1s  total: 44.2s  (20/100)
[2026-05-06 22:36:36] ds_weather_v2_notehist cases_022  steps  21- 29: 24.0s  total: 68.2s  (30/100)
[2026-05-06 22:37:01] ds_weather_v2_notehist cases_022  steps  31- 39: 25.3s  total: 93.5s  (40/100)
[2026-05-06 22:37:27] ds_weather_v2_notehist cases_022  steps  41- 49: 26.5s  total: 119.9s  (50/100)
[2026-05-06 22:37:54] ds_weather_v2_notehist cases_022  steps  51- 59: 26.7s  total: 146.6s  (60/100)
[2026-05-06 22:38:20] ds_weather_v2_notehist cases_022  steps  61- 69: 26.3s  total: 172.9s  (70/100)
[2026-05-06 22:38:33] ds_online_v2_notehist cases_008  steps  81- 89: 263.4s  total: 1258.0s  (90/100)
[2026-05-06 22:38:52] ds_weather_v2_notehist cases_022  steps  71- 79: 31.7s  total: 204.6s  (80/100)
[2026-05-06 22:39:19] ds_weather_v2_notehist cases_022  steps  81- 89: 26.9s  total: 231.5s  (90/100)
[2026-05-06 22:39:49] ds_weather_v2_notehist cases_022  steps  91- 99: 29.7s  total: 261.2s  (100/100)
[2026-05-06 22:39:49] DONE ds_weather_v2_notehist cases_022  total: 261.2s  (2.61s/step)
[2026-05-06 22:39:49]   tokens: 1,976,824 in + 3,600 out  cost: $0.5377
[2026-05-06 22:39:49] START ds_weather_v2_notehist cases_023 (100 steps, note-with-history)
[2026-05-06 22:40:11] ds_weather_v2_notehist cases_023  steps   1-  9: 21.7s  total: 21.7s  (10/100)
[2026-05-06 22:40:35] ds_weather_v2_notehist cases_023  steps  11- 19: 24.3s  total: 46.0s  (20/100)
[2026-05-06 22:41:01] ds_weather_v2_notehist cases_023  steps  21- 29: 25.9s  total: 71.9s  (30/100)
[2026-05-06 22:41:28] ds_weather_v2_notehist cases_023  steps  31- 39: 26.7s  total: 98.6s  (40/100)
[2026-05-06 22:41:54] ds_weather_v2_notehist cases_023  steps  41- 49: 26.1s  total: 124.7s  (50/100)
[2026-05-06 22:42:21] ds_weather_v2_notehist cases_023  steps  51- 59: 27.0s  total: 151.8s  (60/100)
[2026-05-06 22:42:50] ds_weather_v2_notehist cases_023  steps  61- 69: 28.7s  total: 180.5s  (70/100)
[2026-05-06 22:43:23] ds_weather_v2_notehist cases_023  steps  71- 79: 32.9s  total: 213.4s  (80/100)
[2026-05-06 22:43:27] ds_online_v2_notehist cases_008  steps  91- 99: 293.8s  total: 1551.8s  (100/100)
[2026-05-06 22:43:29] DONE ds_online_v2_notehist cases_008  total: 1551.8s  (15.52s/step)
[2026-05-06 22:43:29]   tokens: 18,450,245 in + 88,434 out  cost: $5.0788
[2026-05-06 22:43:29] START ds_online_v2_notehist cases_009 (100 steps, note-with-history)
[2026-05-06 22:43:53] ds_weather_v2_notehist cases_023  steps  81- 89: 30.3s  total: 243.7s  (90/100)
[2026-05-06 22:44:05] ds_online_v2_notehist cases_009  steps   1-  9: 36.5s  total: 36.5s  (10/100)
[2026-05-06 22:44:24] ds_weather_v2_notehist cases_023  steps  91- 99: 31.3s  total: 275.0s  (100/100)
[2026-05-06 22:44:26] DONE ds_weather_v2_notehist cases_023  total: 275.0s  (2.75s/step)
[2026-05-06 22:44:26]   tokens: 2,072,838 in + 3,962 out  cost: $0.5640
[2026-05-06 22:44:26] START ds_weather_v2_notehist cases_024 (100 steps, note-with-history)
[2026-05-06 22:44:48] ds_weather_v2_notehist cases_024  steps   1-  9: 22.1s  total: 22.1s  (10/100)
[2026-05-06 22:45:11] ds_weather_v2_notehist cases_024  steps  11- 19: 23.1s  total: 45.2s  (20/100)
[2026-05-06 22:45:12] ds_online_v2_notehist cases_009  steps  11- 19: 67.2s  total: 103.7s  (20/100)
[2026-05-06 22:45:37] ds_weather_v2_notehist cases_024  steps  21- 29: 26.0s  total: 71.2s  (30/100)
[2026-05-06 22:46:02] ds_weather_v2_notehist cases_024  steps  31- 39: 25.3s  total: 96.5s  (40/100)
[2026-05-06 22:46:28] ds_weather_v2_notehist cases_024  steps  41- 49: 25.1s  total: 121.7s  (50/100)
[2026-05-06 22:46:53] ds_weather_v2_notehist cases_024  steps  51- 59: 25.0s  total: 146.6s  (60/100)
[2026-05-06 22:46:55] ds_online_v2_notehist cases_009  steps  21- 29: 102.1s  total: 205.8s  (30/100)
[2026-05-06 22:47:19] ds_weather_v2_notehist cases_024  steps  61- 69: 26.9s  total: 173.5s  (70/100)
[2026-05-06 22:47:47] ds_weather_v2_notehist cases_024  steps  71- 79: 27.4s  total: 200.9s  (80/100)
[2026-05-06 22:48:17] ds_weather_v2_notehist cases_024  steps  81- 89: 29.8s  total: 230.7s  (90/100)
[2026-05-06 22:48:45] ds_weather_v2_notehist cases_024  steps  91- 99: 28.3s  total: 259.0s  (100/100)
[2026-05-06 22:48:46] DONE ds_weather_v2_notehist cases_024  total: 259.0s  (2.59s/step)
[2026-05-06 22:48:46]   tokens: 1,962,664 in + 3,576 out  cost: $0.5339
[2026-05-06 22:48:46] START ds_weather_v2_notehist cases_025 (100 steps, note-with-history)
[2026-05-06 22:49:08] ds_weather_v2_notehist cases_025  steps   1-  9: 22.1s  total: 22.1s  (10/100)
[2026-05-06 22:49:10] ds_online_v2_notehist cases_009  steps  31- 39: 135.5s  total: 341.3s  (40/100)
[2026-05-06 22:49:29] ds_weather_v2_notehist cases_025  steps  11- 19: 21.7s  total: 43.9s  (20/100)
[2026-05-06 22:49:54] ds_weather_v2_notehist cases_025  steps  21- 29: 24.2s  total: 68.1s  (30/100)
[2026-05-06 22:50:19] ds_weather_v2_notehist cases_025  steps  31- 39: 24.9s  total: 93.0s  (40/100)
[2026-05-06 22:50:44] ds_weather_v2_notehist cases_025  steps  41- 49: 25.7s  total: 118.7s  (50/100)
[2026-05-06 22:51:10] ds_weather_v2_notehist cases_025  steps  51- 59: 25.5s  total: 144.2s  (60/100)
[2026-05-06 22:51:37] ds_weather_v2_notehist cases_025  steps  61- 69: 27.1s  total: 171.3s  (70/100)
[2026-05-06 22:51:57] ds_online_v2_notehist cases_009  steps  41- 49: 167.1s  total: 508.4s  (50/100)
[2026-05-06 22:52:06] ds_weather_v2_notehist cases_025  steps  71- 79: 28.7s  total: 200.0s  (80/100)
[2026-05-06 22:52:35] ds_weather_v2_notehist cases_025  steps  81- 89: 29.3s  total: 229.3s  (90/100)
[2026-05-06 22:53:04] ds_weather_v2_notehist cases_025  steps  91- 99: 28.6s  total: 257.9s  (100/100)
[2026-05-06 22:53:04] DONE ds_weather_v2_notehist cases_025  total: 257.9s  (2.58s/step)
[2026-05-06 22:53:04]   tokens: 1,976,824 in + 3,600 out  cost: $0.5377
[2026-05-06 22:53:04] START ds_weather_v2_notehist cases_026 (100 steps, note-with-history)
[2026-05-06 22:53:25] ds_weather_v2_notehist cases_026  steps   1-  9: 21.2s  total: 21.2s  (10/100)
[2026-05-06 22:53:49] ds_weather_v2_notehist cases_026  steps  11- 19: 23.5s  total: 44.7s  (20/100)
[2026-05-06 22:54:14] ds_weather_v2_notehist cases_026  steps  21- 29: 25.2s  total: 69.9s  (30/100)
[2026-05-06 22:54:39] ds_weather_v2_notehist cases_026  steps  31- 39: 24.7s  total: 94.6s  (40/100)
[2026-05-06 22:55:05] ds_weather_v2_notehist cases_026  steps  41- 49: 26.5s  total: 121.2s  (50/100)
[2026-05-06 22:55:12] ds_online_v2_notehist cases_009  steps  51- 59: 195.3s  total: 703.6s  (60/100)
[2026-05-06 22:55:32] ds_weather_v2_notehist cases_026  steps  51- 59: 26.1s  total: 147.2s  (60/100)
[2026-05-06 22:55:59] ds_weather_v2_notehist cases_026  steps  61- 69: 27.6s  total: 174.9s  (70/100)
[2026-05-06 22:56:27] ds_weather_v2_notehist cases_026  steps  71- 79: 27.4s  total: 202.3s  (80/100)
[2026-05-06 22:56:56] ds_weather_v2_notehist cases_026  steps  81- 89: 29.0s  total: 231.3s  (90/100)
[2026-05-06 22:57:25] ds_weather_v2_notehist cases_026  steps  91- 99: 29.6s  total: 260.9s  (100/100)
[2026-05-06 22:57:26] DONE ds_weather_v2_notehist cases_026  total: 260.9s  (2.61s/step)
[2026-05-06 22:57:26]   tokens: 2,030,462 in + 3,839 out  cost: $0.5524
[2026-05-06 22:57:26] START ds_weather_v2_notehist cases_027 (100 steps, note-with-history)
[2026-05-06 22:57:45] ds_weather_v2_notehist cases_027  steps   1-  9: 19.3s  total: 19.3s  (10/100)
[2026-05-06 22:58:05] ds_weather_v2_notehist cases_027  steps  11- 19: 20.2s  total: 39.5s  (20/100)
[2026-05-06 22:58:27] ds_weather_v2_notehist cases_027  steps  21- 29: 21.3s  total: 60.9s  (30/100)
[2026-05-06 22:58:48] ds_weather_v2_notehist cases_027  steps  31- 39: 21.7s  total: 82.5s  (40/100)
[2026-05-06 22:58:54] ds_online_v2_notehist cases_009  steps  61- 69: 221.5s  total: 925.1s  (70/100)
[2026-05-06 22:59:10] ds_weather_v2_notehist cases_027  steps  41- 49: 22.1s  total: 104.6s  (50/100)
[2026-05-06 22:59:33] ds_weather_v2_notehist cases_027  steps  51- 59: 22.9s  total: 127.5s  (60/100)
[2026-05-06 22:59:56] ds_weather_v2_notehist cases_027  steps  61- 69: 23.1s  total: 150.5s  (70/100)
[2026-05-06 23:00:22] ds_weather_v2_notehist cases_027  steps  71- 79: 26.3s  total: 176.8s  (80/100)
[2026-05-06 23:00:48] ds_weather_v2_notehist cases_027  steps  81- 89: 25.7s  total: 202.5s  (90/100)
[2026-05-06 23:01:14] ds_weather_v2_notehist cases_027  steps  91- 99: 26.2s  total: 228.7s  (100/100)
[2026-05-06 23:01:15] DONE ds_weather_v2_notehist cases_027  total: 228.7s  (2.29s/step)
[2026-05-06 23:01:15]   tokens: 1,474,698 in + 1,920 out  cost: $0.4003
[2026-05-06 23:01:15] START ds_weather_v2_notehist cases_028 (100 steps, note-with-history)
[2026-05-06 23:01:36] ds_weather_v2_notehist cases_028  steps   1-  9: 21.2s  total: 21.2s  (10/100)
[2026-05-06 23:01:58] ds_weather_v2_notehist cases_028  steps  11- 19: 22.1s  total: 43.4s  (20/100)
[2026-05-06 23:02:22] ds_weather_v2_notehist cases_028  steps  21- 29: 24.2s  total: 67.6s  (30/100)
[2026-05-06 23:02:46] ds_weather_v2_notehist cases_028  steps  31- 39: 23.2s  total: 90.8s  (40/100)
[2026-05-06 23:03:07] ds_online_v2_notehist cases_009  steps  71- 79: 253.1s  total: 1178.2s  (80/100)
[2026-05-06 23:03:10] ds_weather_v2_notehist cases_028  steps  41- 49: 24.5s  total: 115.3s  (50/100)
[2026-05-06 23:03:36] ds_weather_v2_notehist cases_028  steps  51- 59: 25.3s  total: 140.7s  (60/100)
[2026-05-06 23:04:02] ds_weather_v2_notehist cases_028  steps  61- 69: 26.4s  total: 167.0s  (70/100)
[2026-05-06 23:04:30] ds_weather_v2_notehist cases_028  steps  71- 79: 27.7s  total: 194.7s  (80/100)
[2026-05-06 23:04:55] ds_weather_v2_notehist cases_028  steps  81- 89: 25.8s  total: 220.5s  (90/100)
[2026-05-06 23:05:24] ds_weather_v2_notehist cases_028  steps  91- 99: 28.6s  total: 249.1s  (100/100)
[2026-05-06 23:05:24] DONE ds_weather_v2_notehist cases_028  total: 249.1s  (2.49s/step)
[2026-05-06 23:05:24]   tokens: 1,774,996 in + 3,031 out  cost: $0.4826
[2026-05-06 23:05:25] START ds_weather_v2_notehist cases_029 (100 steps, note-with-history)
[2026-05-06 23:05:46] ds_weather_v2_notehist cases_029  steps   1-  9: 21.4s  total: 21.4s  (10/100)
[2026-05-06 23:06:09] ds_weather_v2_notehist cases_029  steps  11- 19: 23.2s  total: 44.6s  (20/100)
[2026-05-06 23:06:33] ds_weather_v2_notehist cases_029  steps  21- 29: 23.5s  total: 68.1s  (30/100)
[2026-05-06 23:06:57] ds_weather_v2_notehist cases_029  steps  31- 39: 24.6s  total: 92.7s  (40/100)
[2026-05-06 23:07:23] ds_weather_v2_notehist cases_029  steps  41- 49: 25.7s  total: 118.4s  (50/100)
[2026-05-06 23:07:46] ds_online_v2_notehist cases_009  steps  81- 89: 279.2s  total: 1457.4s  (90/100)
[2026-05-06 23:07:48] ds_weather_v2_notehist cases_029  steps  51- 59: 25.3s  total: 143.7s  (60/100)
[2026-05-06 23:08:15] ds_weather_v2_notehist cases_029  steps  61- 69: 26.7s  total: 170.3s  (70/100)
[2026-05-06 23:08:43] ds_weather_v2_notehist cases_029  steps  71- 79: 28.1s  total: 198.4s  (80/100)
[2026-05-06 23:09:11] ds_weather_v2_notehist cases_029  steps  81- 89: 27.8s  total: 226.2s  (90/100)
[2026-05-06 23:09:38] ds_weather_v2_notehist cases_029  steps  91- 99: 27.6s  total: 253.8s  (100/100)
[2026-05-06 23:09:39] DONE ds_weather_v2_notehist cases_029  total: 253.8s  (2.54s/step)
[2026-05-06 23:09:39]   tokens: 1,976,824 in + 3,600 out  cost: $0.5377
[2026-05-06 23:12:48] ds_online_v2_notehist cases_009  steps  91- 99: 301.5s  total: 1758.9s  (100/100)
[2026-05-06 23:12:48] DONE ds_online_v2_notehist cases_009  total: 1758.9s  (17.59s/step)
[2026-05-06 23:12:48]   tokens: 21,107,174 in + 101,820 out  cost: $5.8109
[2026-05-06 23:12:48] START ds_online_v2_notehist cases_010 (100 steps, note-with-history)
[2026-05-06 23:13:19] ds_online_v2_notehist cases_010  steps   1-  9: 30.9s  total: 30.9s  (10/100)
[2026-05-06 23:14:17] ds_online_v2_notehist cases_010  steps  11- 19: 58.0s  total: 88.9s  (20/100)
[2026-05-06 23:15:40] ds_online_v2_notehist cases_010  steps  21- 29: 83.1s  total: 172.0s  (30/100)
[2026-05-06 23:17:30] ds_online_v2_notehist cases_010  steps  31- 39: 110.1s  total: 282.1s  (40/100)
[2026-05-06 23:19:48] ds_online_v2_notehist cases_010  steps  41- 49: 137.2s  total: 419.4s  (50/100)
[2026-05-06 23:22:31] ds_online_v2_notehist cases_010  steps  51- 59: 163.2s  total: 582.6s  (60/100)
[2026-05-06 23:25:42] ds_online_v2_notehist cases_010  steps  61- 69: 191.2s  total: 773.8s  (70/100)
[2026-05-06 23:29:13] ds_online_v2_notehist cases_010  steps  71- 79: 210.7s  total: 984.6s  (80/100)
[2026-05-06 23:33:10] ds_online_v2_notehist cases_010  steps  81- 89: 237.7s  total: 1222.2s  (90/100)
[2026-05-06 23:37:34] ds_online_v2_notehist cases_010  steps  91- 99: 263.9s  total: 1486.1s  (100/100)
[2026-05-06 23:37:35] DONE ds_online_v2_notehist cases_010  total: 1486.1s  (14.86s/step)
[2026-05-06 23:37:35]   tokens: 19,059,667 in + 91,077 out  cost: $5.2463
[2026-05-06 23:37:35] START ds_online_v2_notehist cases_011 (100 steps, note-with-history)
[2026-05-06 23:38:09] ds_online_v2_notehist cases_011  steps   1-  9: 34.1s  total: 34.1s  (10/100)
[2026-05-06 23:39:16] ds_online_v2_notehist cases_011  steps  11- 19: 66.6s  total: 100.7s  (20/100)
[2026-05-06 23:40:55] ds_online_v2_notehist cases_011  steps  21- 29: 99.2s  total: 199.9s  (30/100)
[2026-05-06 23:43:02] ds_online_v2_notehist cases_011  steps  31- 39: 127.3s  total: 327.2s  (40/100)
[2026-05-06 23:45:39] ds_online_v2_notehist cases_011  steps  41- 49: 157.3s  total: 484.5s  (50/100)
[2026-05-06 23:48:53] ds_online_v2_notehist cases_011  steps  51- 59: 193.7s  total: 678.2s  (60/100)
[2026-05-06 23:52:40] ds_online_v2_notehist cases_011  steps  61- 69: 226.9s  total: 905.1s  (70/100)
[2026-05-06 23:56:52] ds_online_v2_notehist cases_011  steps  71- 79: 252.2s  total: 1157.3s  (80/100)
[2026-05-07 00:01:35] ds_online_v2_notehist cases_011  steps  81- 89: 283.3s  total: 1440.6s  (90/100)
[2026-05-07 00:06:55] ds_online_v2_notehist cases_011  steps  91- 99: 319.6s  total: 1760.2s  (100/100)
[2026-05-07 00:06:56] DONE ds_online_v2_notehist cases_011  total: 1760.2s  (17.60s/step)
[2026-05-07 00:06:56]   tokens: 23,228,717 in + 111,839 out  cost: $6.3948
[2026-05-07 00:06:56] START ds_online_v2_notehist cases_012 (100 steps, note-with-history)
[2026-05-07 00:07:27] ds_online_v2_notehist cases_012  steps   1-  9: 31.2s  total: 31.2s  (10/100)
[2026-05-07 00:08:27] ds_online_v2_notehist cases_012  steps  11- 19: 60.0s  total: 91.2s  (20/100)
[2026-05-07 00:09:54] ds_online_v2_notehist cases_012  steps  21- 29: 86.6s  total: 177.8s  (30/100)
[2026-05-07 00:11:49] ds_online_v2_notehist cases_012  steps  31- 39: 114.7s  total: 292.5s  (40/100)
[2026-05-07 00:12:48] START ds_online_v2_notehist cases_025 (100 steps, note-with-history)
[2026-05-07 00:12:48] START ds_online_v2_notehist cases_020 (100 steps, note-with-history)
[2026-05-07 00:13:12] ds_online_v2_notehist cases_020  steps   1-  9: 24.1s  total: 24.1s  (10/100)
[2026-05-07 00:13:20] ds_online_v2_notehist cases_025  steps   1-  9: 31.6s  total: 31.6s  (10/100)
[2026-05-07 00:13:37] ds_online_v2_notehist cases_020  steps  11- 19: 24.9s  total: 49.0s  (20/100)
[2026-05-07 00:14:04] ds_online_v2_notehist cases_020  steps  21- 29: 27.3s  total: 76.3s  (30/100)
[2026-05-07 00:14:12] ds_online_v2_notehist cases_012  steps  41- 49: 143.8s  total: 436.4s  (50/100)
[2026-05-07 00:14:18] ds_online_v2_notehist cases_025  steps  11- 19: 58.5s  total: 90.1s  (20/100)
[2026-05-07 00:14:35] ds_online_v2_notehist cases_020  steps  31- 39: 30.2s  total: 106.5s  (40/100)
[2026-05-07 00:15:10] ds_online_v2_notehist cases_020  steps  41- 49: 35.0s  total: 141.5s  (50/100)
[2026-05-07 00:15:45] ds_online_v2_notehist cases_025  steps  21- 29: 86.5s  total: 176.6s  (30/100)
[2026-05-07 00:15:52] ds_online_v2_notehist cases_020  steps  51- 59: 42.3s  total: 183.7s  (60/100)
[2026-05-07 00:16:42] ds_online_v2_notehist cases_020  steps  61- 69: 49.6s  total: 233.4s  (70/100)
[2026-05-07 00:17:05] ds_online_v2_notehist cases_012  steps  51- 59: 172.7s  total: 609.1s  (60/100)
[2026-05-07 00:17:37] ds_online_v2_notehist cases_020  steps  71- 79: 55.4s  total: 288.8s  (80/100)
[2026-05-07 00:17:40] ds_online_v2_notehist cases_025  steps  31- 39: 114.8s  total: 291.4s  (40/100)
[2026-05-07 00:18:38] ds_online_v2_notehist cases_020  steps  81- 89: 60.7s  total: 349.4s  (90/100)
[2026-05-07 00:19:41] ds_online_v2_notehist cases_020  steps  91- 99: 63.2s  total: 412.6s  (100/100)
[2026-05-07 00:19:41] DONE ds_online_v2_notehist cases_020  total: 412.6s  (4.13s/step)
[2026-05-07 00:19:41]   tokens: 4,247,196 in + 17,055 out  cost: $1.1655
[2026-05-07 00:19:42] START ds_online_v2_notehist cases_021 (100 steps, note-with-history)
[2026-05-07 00:20:02] ds_online_v2_notehist cases_025  steps  41- 49: 142.6s  total: 434.0s  (50/100)
[2026-05-07 00:20:07] ds_online_v2_notehist cases_021  steps   1-  9: 25.8s  total: 25.8s  (10/100)
[2026-05-07 00:20:26] ds_online_v2_notehist cases_012  steps  61- 69: 200.5s  total: 809.6s  (70/100)
[2026-05-07 00:20:52] ds_online_v2_notehist cases_021  steps  11- 19: 44.8s  total: 70.6s  (20/100)
[2026-05-07 00:21:51] ds_online_v2_notehist cases_021  steps  21- 29: 59.1s  total: 129.8s  (30/100)
[2026-05-07 00:22:55] ds_online_v2_notehist cases_025  steps  51- 59: 172.4s  total: 606.4s  (60/100)
[2026-05-07 00:23:10] ds_online_v2_notehist cases_021  steps  31- 39: 78.3s  total: 208.1s  (40/100)
[2026-05-07 00:24:15] ds_online_v2_notehist cases_012  steps  71- 79: 229.0s  total: 1038.6s  (80/100)
[2026-05-07 00:24:44] ds_online_v2_notehist cases_021  steps  41- 49: 94.6s  total: 302.7s  (50/100)
[2026-05-07 00:26:17] ds_online_v2_notehist cases_025  steps  61- 69: 202.3s  total: 808.7s  (70/100)
[2026-05-07 00:26:42] ds_online_v2_notehist cases_021  steps  51- 59: 117.6s  total: 420.3s  (60/100)
[2026-05-07 00:28:33] ds_online_v2_notehist cases_012  steps  81- 89: 257.9s  total: 1296.5s  (90/100)
[2026-05-07 00:28:58] ds_online_v2_notehist cases_021  steps  61- 69: 135.9s  total: 556.2s  (70/100)
[2026-05-07 00:30:09] ds_online_v2_notehist cases_025  steps  71- 79: 232.5s  total: 1041.2s  (80/100)
[2026-05-07 00:31:31] ds_online_v2_notehist cases_021  steps  71- 79: 153.1s  total: 709.2s  (80/100)
[2026-05-07 00:33:29] ds_online_v2_notehist cases_012  steps  91- 99: 296.3s  total: 1592.8s  (100/100)
[2026-05-07 00:33:29] DONE ds_online_v2_notehist cases_012  total: 1592.8s  (15.93s/step)
[2026-05-07 00:33:29]   tokens: 21,896,840 in + 106,275 out  cost: $6.0290
[2026-05-07 00:33:29] START ds_online_v2_notehist cases_013 (100 steps, note-with-history)
[2026-05-07 00:33:51] ds_online_v2_notehist cases_013  steps   1-  9: 21.2s  total: 21.2s  (10/100)
[2026-05-07 00:34:13] ds_online_v2_notehist cases_013  steps  11- 19: 22.2s  total: 43.4s  (20/100)
[2026-05-07 00:34:20] ds_online_v2_notehist cases_021  steps  81- 89: 169.2s  total: 878.5s  (90/100)
[2026-05-07 00:34:36] ds_online_v2_notehist cases_013  steps  21- 29: 23.6s  total: 67.0s  (30/100)
[2026-05-07 00:34:41] ds_online_v2_notehist cases_025  steps  81- 89: 271.6s  total: 1312.8s  (90/100)
[2026-05-07 00:35:01] ds_online_v2_notehist cases_013  steps  31- 39: 24.2s  total: 91.2s  (40/100)
[2026-05-07 00:35:25] ds_online_v2_notehist cases_013  steps  41- 49: 24.2s  total: 115.4s  (50/100)
[2026-05-07 00:35:49] ds_online_v2_notehist cases_013  steps  51- 59: 24.4s  total: 139.8s  (60/100)
[2026-05-07 00:36:14] ds_online_v2_notehist cases_013  steps  61- 69: 24.8s  total: 164.6s  (70/100)
[2026-05-07 00:36:41] ds_online_v2_notehist cases_013  steps  71- 79: 26.8s  total: 191.4s  (80/100)
[2026-05-07 00:37:08] ds_online_v2_notehist cases_013  steps  81- 89: 27.7s  total: 219.1s  (90/100)
[2026-05-07 00:37:34] ds_online_v2_notehist cases_021  steps  91- 99: 194.1s  total: 1072.5s  (100/100)
[2026-05-07 00:37:35] DONE ds_online_v2_notehist cases_021  total: 1072.5s  (10.73s/step)
[2026-05-07 00:37:35]   tokens: 14,436,001 in + 67,923 out  cost: $3.9724
[2026-05-07 00:37:35] ds_online_v2_notehist cases_013  steps  91- 99: 26.5s  total: 245.7s  (100/100)
[2026-05-07 00:37:35] START ds_online_v2_notehist cases_022 (100 steps, note-with-history)
[2026-05-07 00:37:36] DONE ds_online_v2_notehist cases_013  total: 245.7s  (2.46s/step)
[2026-05-07 00:37:36]   tokens: 2,058,162 in + 4,130 out  cost: $0.5602
[2026-05-07 00:37:36] START ds_online_v2_notehist cases_014 (100 steps, note-with-history)
[2026-05-07 00:38:02] ds_online_v2_notehist cases_022  steps   1-  9: 27.3s  total: 27.3s  (10/100)
[2026-05-07 00:38:05] ds_online_v2_notehist cases_014  steps   1-  9: 29.7s  total: 29.7s  (10/100)
[2026-05-07 00:38:50] ds_online_v2_notehist cases_022  steps  11- 19: 47.7s  total: 75.0s  (20/100)
[2026-05-07 00:38:57] ds_online_v2_notehist cases_014  steps  11- 19: 51.8s  total: 81.5s  (20/100)
[2026-05-07 00:39:37] ds_online_v2_notehist cases_025  steps  91- 99: 296.5s  total: 1609.3s  (100/100)
[2026-05-07 00:39:38] DONE ds_online_v2_notehist cases_025  total: 1609.3s  (16.09s/step)
[2026-05-07 00:39:38]   tokens: 21,898,296 in + 106,389 out  cost: $6.0296
[2026-05-07 00:39:38] START ds_online_v2_notehist cases_026 (100 steps, note-with-history)
[2026-05-07 00:39:54] ds_online_v2_notehist cases_022  steps  21- 29: 63.6s  total: 138.6s  (30/100)
[2026-05-07 00:40:11] ds_online_v2_notehist cases_026  steps   1-  9: 32.7s  total: 32.7s  (10/100)
[2026-05-07 00:40:11] ds_online_v2_notehist cases_014  steps  21- 29: 73.8s  total: 155.2s  (30/100)
[2026-05-07 00:41:11] ds_online_v2_notehist cases_022  steps  31- 39: 77.3s  total: 215.9s  (40/100)
[2026-05-07 00:41:14] ds_online_v2_notehist cases_026  steps  11- 19: 63.6s  total: 96.2s  (20/100)
[2026-05-07 00:41:45] ds_online_v2_notehist cases_014  steps  31- 39: 93.7s  total: 249.0s  (40/100)
[2026-05-07 00:42:43] ds_online_v2_notehist cases_022  steps  41- 49: 91.7s  total: 307.6s  (50/100)
[2026-05-07 00:42:48] ds_online_v2_notehist cases_026  steps  21- 29: 93.9s  total: 190.1s  (30/100)
[2026-05-07 00:43:37] ds_online_v2_notehist cases_014  steps  41- 49: 112.4s  total: 361.3s  (50/100)
[2026-05-07 00:44:26] ds_online_v2_notehist cases_022  steps  51- 59: 103.4s  total: 411.0s  (60/100)
[2026-05-07 00:44:58] ds_online_v2_notehist cases_026  steps  31- 39: 129.7s  total: 319.8s  (40/100)
[2026-05-07 00:45:47] ds_online_v2_notehist cases_014  steps  51- 59: 129.9s  total: 491.3s  (60/100)
[2026-05-07 00:46:22] ds_online_v2_notehist cases_022  steps  61- 69: 115.4s  total: 526.4s  (70/100)
[2026-05-07 00:47:41] ds_online_v2_notehist cases_026  steps  41- 49: 163.2s  total: 483.0s  (50/100)
[2026-05-07 00:48:13] ds_online_v2_notehist cases_014  steps  61- 69: 145.8s  total: 637.0s  (70/100)
[2026-05-07 00:48:26] ds_online_v2_notehist cases_022  steps  71- 79: 124.8s  total: 651.3s  (80/100)
[2026-05-07 00:50:45] ds_online_v2_notehist cases_022  steps  81- 89: 139.0s  total: 790.2s  (90/100)
[2026-05-07 00:50:59] ds_online_v2_notehist cases_026  steps  51- 59: 197.3s  total: 680.4s  (60/100)
[2026-05-07 00:51:00] ds_online_v2_notehist cases_014  steps  71- 79: 166.9s  total: 804.0s  (80/100)
[2026-05-07 00:53:09] ds_online_v2_notehist cases_022  steps  91- 99: 144.2s  total: 934.4s  (100/100)
[2026-05-07 00:53:10] DONE ds_online_v2_notehist cases_022  total: 934.4s  (9.34s/step)
[2026-05-07 00:53:10]   tokens: 13,118,175 in + 55,955 out  cost: $3.6035
[2026-05-07 00:53:10] START ds_online_v2_notehist cases_023 (100 steps, note-with-history)
[2026-05-07 00:53:38] ds_online_v2_notehist cases_023  steps   1-  9: 28.4s  total: 28.4s  (10/100)
[2026-05-07 00:54:00] ds_online_v2_notehist cases_014  steps  81- 89: 180.5s  total: 984.5s  (90/100)
[2026-05-07 00:54:34] ds_online_v2_notehist cases_023  steps  11- 19: 55.2s  total: 83.6s  (20/100)
[2026-05-07 00:54:50] ds_online_v2_notehist cases_026  steps  61- 69: 231.8s  total: 912.1s  (70/100)
[2026-05-07 00:55:59] ds_online_v2_notehist cases_023  steps  21- 29: 85.1s  total: 168.7s  (30/100)
[2026-05-07 00:57:21] ds_online_v2_notehist cases_014  steps  91- 99: 200.4s  total: 1184.8s  (100/100)
[2026-05-07 00:57:21] DONE ds_online_v2_notehist cases_014  total: 1184.8s  (11.85s/step)
[2026-05-07 00:57:21]   tokens: 16,669,501 in + 75,599 out  cost: $4.5839
[2026-05-07 00:57:21] START ds_online_v2_notehist cases_015 (100 steps, note-with-history)
[2026-05-07 00:57:41] ds_online_v2_notehist cases_015  steps   1-  9: 19.6s  total: 19.6s  (10/100)
[2026-05-07 00:57:47] ds_online_v2_notehist cases_023  steps  31- 39: 108.6s  total: 277.3s  (40/100)
[2026-05-07 00:58:01] ds_online_v2_notehist cases_015  steps  11- 19: 20.1s  total: 39.6s  (20/100)
[2026-05-07 00:58:24] ds_online_v2_notehist cases_015  steps  21- 29: 23.2s  total: 62.8s  (30/100)
[2026-05-07 00:58:47] ds_online_v2_notehist cases_015  steps  31- 39: 23.0s  total: 85.8s  (40/100)
[2026-05-07 00:59:11] ds_online_v2_notehist cases_015  steps  41- 49: 23.7s  total: 109.5s  (50/100)
[2026-05-07 00:59:33] ds_online_v2_notehist cases_026  steps  71- 79: 282.8s  total: 1195.0s  (80/100)
[2026-05-07 00:59:34] ds_online_v2_notehist cases_015  steps  51- 59: 23.5s  total: 133.0s  (60/100)
[2026-05-07 00:59:58] ds_online_v2_notehist cases_015  steps  61- 69: 23.7s  total: 156.7s  (70/100)
[2026-05-07 01:00:07] ds_online_v2_notehist cases_023  steps  41- 49: 139.8s  total: 417.1s  (50/100)
[2026-05-07 01:00:24] ds_online_v2_notehist cases_015  steps  71- 79: 26.3s  total: 183.1s  (80/100)
[2026-05-07 01:00:52] ds_online_v2_notehist cases_015  steps  81- 89: 27.8s  total: 210.8s  (90/100)
[2026-05-07 01:01:18] ds_online_v2_notehist cases_015  steps  91- 99: 26.5s  total: 237.3s  (100/100)
[2026-05-07 01:01:19] DONE ds_online_v2_notehist cases_015  total: 237.3s  (2.37s/step)
[2026-05-07 01:01:19]   tokens: 1,827,356 in + 3,447 out  cost: $0.4972
[2026-05-07 01:01:19] START ds_online_v2_notehist cases_016 (100 steps, note-with-history)
[2026-05-07 01:01:40] ds_online_v2_notehist cases_016  steps   1-  9: 21.0s  total: 21.0s  (10/100)
[2026-05-07 01:02:03] ds_online_v2_notehist cases_016  steps  11- 19: 22.7s  total: 43.7s  (20/100)
[2026-05-07 01:02:26] ds_online_v2_notehist cases_016  steps  21- 29: 23.6s  total: 67.2s  (30/100)
[2026-05-07 01:02:51] ds_online_v2_notehist cases_016  steps  31- 39: 25.2s  total: 92.5s  (40/100)
[2026-05-07 01:03:04] ds_online_v2_notehist cases_023  steps  51- 59: 176.8s  total: 593.8s  (60/100)
[2026-05-07 01:03:16] ds_online_v2_notehist cases_016  steps  41- 49: 24.5s  total: 116.9s  (50/100)
[2026-05-07 01:03:41] ds_online_v2_notehist cases_016  steps  51- 59: 24.8s  total: 141.7s  (60/100)
[2026-05-07 01:04:07] ds_online_v2_notehist cases_016  steps  61- 69: 26.4s  total: 168.1s  (70/100)
[2026-05-07 01:04:34] ds_online_v2_notehist cases_016  steps  71- 79: 27.1s  total: 195.2s  (80/100)
[2026-05-07 01:05:02] ds_online_v2_notehist cases_016  steps  81- 89: 27.8s  total: 223.0s  (90/100)
[2026-05-07 01:05:08] ds_online_v2_notehist cases_026  steps  81- 89: 334.7s  total: 1529.7s  (90/100)
[2026-05-07 01:05:30] ds_online_v2_notehist cases_016  steps  91- 99: 28.3s  total: 251.3s  (100/100)
[2026-05-07 01:05:31] DONE ds_online_v2_notehist cases_016  total: 251.3s  (2.51s/step)
[2026-05-07 01:05:31]   tokens: 1,955,776 in + 3,864 out  cost: $0.5323
[2026-05-07 01:05:31] START ds_online_v2_notehist cases_017 (100 steps, note-with-history)
[2026-05-07 01:06:00] ds_online_v2_notehist cases_017  steps   1-  9: 29.5s  total: 29.5s  (10/100)
[2026-05-07 01:06:29] ds_online_v2_notehist cases_023  steps  61- 69: 205.6s  total: 799.5s  (70/100)
[2026-05-07 01:06:55] ds_online_v2_notehist cases_017  steps  11- 19: 54.4s  total: 83.9s  (20/100)
[2026-05-07 01:08:13] ds_online_v2_notehist cases_017  steps  21- 29: 78.1s  total: 162.1s  (30/100)
[2026-05-07 01:09:58] ds_online_v2_notehist cases_017  steps  31- 39: 105.0s  total: 267.0s  (40/100)
[2026-05-07 01:10:28] ds_online_v2_notehist cases_023  steps  71- 79: 239.0s  total: 1038.5s  (80/100)
[2026-05-07 01:11:22] ds_online_v2_notehist cases_026  steps  91- 99: 373.8s  total: 1903.5s  (100/100)
[2026-05-07 01:11:22] DONE ds_online_v2_notehist cases_026  total: 1903.5s  (19.03s/step)
[2026-05-07 01:11:22]   tokens: 25,074,314 in + 123,581 out  cost: $6.9060
[2026-05-07 01:11:22] START ds_online_v2_notehist cases_027 (100 steps, note-with-history)
[2026-05-07 01:11:46] ds_online_v2_notehist cases_027  steps   1-  9: 23.7s  total: 23.7s  (10/100)
[2026-05-07 01:12:15] ds_online_v2_notehist cases_017  steps  41- 49: 137.0s  total: 404.0s  (50/100)
[2026-05-07 01:12:22] ds_online_v2_notehist cases_027  steps  11- 19: 35.5s  total: 59.3s  (20/100)
[2026-05-07 01:13:10] ds_online_v2_notehist cases_027  steps  21- 29: 48.8s  total: 108.0s  (30/100)
[2026-05-07 01:14:10] ds_online_v2_notehist cases_027  steps  31- 39: 59.3s  total: 167.3s  (40/100)
[2026-05-07 01:14:54] ds_online_v2_notehist cases_017  steps  51- 59: 159.2s  total: 563.3s  (60/100)
[2026-05-07 01:14:56] ds_online_v2_notehist cases_023  steps  81- 89: 267.6s  total: 1306.0s  (90/100)
[2026-05-07 01:15:21] ds_online_v2_notehist cases_027  steps  41- 49: 71.0s  total: 238.3s  (50/100)
[2026-05-07 01:16:46] ds_online_v2_notehist cases_027  steps  51- 59: 85.5s  total: 323.8s  (60/100)
[2026-05-07 01:18:01] ds_online_v2_notehist cases_017  steps  61- 69: 186.6s  total: 749.9s  (70/100)
[2026-05-07 01:18:23] ds_online_v2_notehist cases_027  steps  61- 69: 97.2s  total: 420.9s  (70/100)
[2026-05-07 01:19:53] ds_online_v2_notehist cases_023  steps  91- 99: 296.8s  total: 1602.9s  (100/100)
[2026-05-07 01:19:54] DONE ds_online_v2_notehist cases_023  total: 1602.9s  (16.03s/step)
[2026-05-07 01:19:54]   tokens: 20,208,955 in + 98,666 out  cost: $5.5650
[2026-05-07 01:19:54] START ds_online_v2_notehist cases_024 (100 steps, note-with-history)
[2026-05-07 01:20:13] ds_online_v2_notehist cases_027  steps  71- 79: 109.7s  total: 530.6s  (80/100)
[2026-05-07 01:20:18] ds_online_v2_notehist cases_024  steps   1-  9: 24.4s  total: 24.4s  (10/100)
[2026-05-07 01:20:42] ds_online_v2_notehist cases_024  steps  11- 19: 23.9s  total: 48.2s  (20/100)
[2026-05-07 01:21:08] ds_online_v2_notehist cases_024  steps  21- 29: 25.5s  total: 73.8s  (30/100)
[2026-05-07 01:21:30] ds_online_v2_notehist cases_017  steps  71- 79: 209.5s  total: 959.4s  (80/100)
[2026-05-07 01:21:35] ds_online_v2_notehist cases_024  steps  31- 39: 27.2s  total: 101.0s  (40/100)
[2026-05-07 01:22:02] ds_online_v2_notehist cases_024  steps  41- 49: 27.3s  total: 128.2s  (50/100)
[2026-05-07 01:22:18] ds_online_v2_notehist cases_027  steps  81- 89: 125.0s  total: 655.6s  (90/100)
[2026-05-07 01:22:31] ds_online_v2_notehist cases_024  steps  51- 59: 29.3s  total: 157.5s  (60/100)
[2026-05-07 01:23:01] ds_online_v2_notehist cases_024  steps  61- 69: 29.9s  total: 187.4s  (70/100)
[2026-05-07 01:23:31] ds_online_v2_notehist cases_024  steps  71- 79: 29.6s  total: 217.0s  (80/100)
[2026-05-07 01:24:02] ds_online_v2_notehist cases_024  steps  81- 89: 31.0s  total: 248.0s  (90/100)
[2026-05-07 01:24:32] ds_online_v2_notehist cases_024  steps  91- 99: 30.1s  total: 278.2s  (100/100)
[2026-05-07 01:24:32] DONE ds_online_v2_notehist cases_024  total: 278.2s  (2.78s/step)
[2026-05-07 01:24:32]   tokens: 2,532,852 in + 5,853 out  cost: $0.6903
[2026-05-07 01:24:38] ds_online_v2_notehist cases_027  steps  91- 99: 140.6s  total: 796.2s  (100/100)
[2026-05-07 01:24:39] DONE ds_online_v2_notehist cases_027  total: 796.2s  (7.96s/step)
[2026-05-07 01:24:39]   tokens: 9,257,584 in + 42,003 out  cost: $2.5458
[2026-05-07 01:24:39] START ds_online_v2_notehist cases_028 (100 steps, note-with-history)
[2026-05-07 01:25:16] ds_online_v2_notehist cases_028  steps   1-  9: 36.4s  total: 36.4s  (10/100)
[2026-05-07 01:25:28] ds_online_v2_notehist cases_017  steps  81- 89: 238.2s  total: 1197.6s  (90/100)
[2026-05-07 01:26:27] ds_online_v2_notehist cases_028  steps  11- 19: 71.1s  total: 107.5s  (20/100)
[2026-05-07 01:28:15] ds_online_v2_notehist cases_028  steps  21- 29: 108.4s  total: 216.0s  (30/100)
[2026-05-07 01:29:47] ds_online_v2_notehist cases_017  steps  91- 99: 258.8s  total: 1456.4s  (100/100)
[2026-05-07 01:29:48] DONE ds_online_v2_notehist cases_017  total: 1456.4s  (14.56s/step)
[2026-05-07 01:29:48]   tokens: 18,226,029 in + 87,547 out  cost: $5.0173
[2026-05-07 01:29:48] START ds_online_v2_notehist cases_018 (100 steps, note-with-history)
[2026-05-07 01:30:17] ds_online_v2_notehist cases_018  steps   1-  9: 28.8s  total: 28.8s  (10/100)
[2026-05-07 01:30:37] ds_online_v2_notehist cases_028  steps  31- 39: 141.6s  total: 357.6s  (40/100)
[2026-05-07 01:31:03] ds_online_v2_notehist cases_018  steps  11- 19: 46.8s  total: 75.6s  (20/100)
[2026-05-07 01:32:08] ds_online_v2_notehist cases_018  steps  21- 29: 64.9s  total: 140.5s  (30/100)
[2026-05-07 01:33:34] ds_online_v2_notehist cases_018  steps  31- 39: 85.4s  total: 225.9s  (40/100)
[2026-05-07 01:33:38] ds_online_v2_notehist cases_028  steps  41- 49: 181.3s  total: 538.8s  (50/100)
[2026-05-07 01:35:13] ds_online_v2_notehist cases_018  steps  41- 49: 99.8s  total: 325.6s  (50/100)
[2026-05-07 01:37:12] ds_online_v2_notehist cases_028  steps  51- 59: 213.3s  total: 752.2s  (60/100)
[2026-05-07 01:37:17] ds_online_v2_notehist cases_018  steps  51- 59: 124.1s  total: 449.7s  (60/100)
[2026-05-07 01:39:36] ds_online_v2_notehist cases_018  steps  61- 69: 138.6s  total: 588.2s  (70/100)
[2026-05-07 01:41:22] ds_online_v2_notehist cases_028  steps  61- 69: 250.3s  total: 1002.4s  (70/100)
[2026-05-07 01:42:15] ds_online_v2_notehist cases_018  steps  71- 79: 158.9s  total: 747.2s  (80/100)
[2026-05-07 01:45:13] ds_online_v2_notehist cases_018  steps  81- 89: 177.6s  total: 924.8s  (90/100)
[2026-05-07 01:46:09] ds_online_v2_notehist cases_028  steps  71- 79: 287.1s  total: 1289.5s  (80/100)
[2026-05-07 01:48:28] ds_online_v2_notehist cases_018  steps  91- 99: 195.1s  total: 1119.9s  (100/100)
[2026-05-07 01:48:28] DONE ds_online_v2_notehist cases_018  total: 1119.9s  (11.20s/step)
[2026-05-07 01:48:28]   tokens: 14,050,230 in + 65,875 out  cost: $3.8660
[2026-05-07 01:48:28] START ds_online_v2_notehist cases_019 (100 steps, note-with-history)
[2026-05-07 01:48:50] ds_online_v2_notehist cases_019  steps   1-  9: 21.4s  total: 21.4s  (10/100)
[2026-05-07 01:49:11] ds_online_v2_notehist cases_019  steps  11- 19: 21.3s  total: 42.7s  (20/100)
[2026-05-07 01:49:35] ds_online_v2_notehist cases_019  steps  21- 29: 24.1s  total: 66.8s  (30/100)
[2026-05-07 01:49:59] ds_online_v2_notehist cases_019  steps  31- 39: 23.8s  total: 90.6s  (40/100)
[2026-05-07 01:50:23] ds_online_v2_notehist cases_019  steps  41- 49: 24.2s  total: 114.8s  (50/100)
[2026-05-07 01:50:47] ds_online_v2_notehist cases_019  steps  51- 59: 24.3s  total: 139.1s  (60/100)
[2026-05-07 01:51:14] ds_online_v2_notehist cases_019  steps  61- 69: 26.5s  total: 165.6s  (70/100)
[2026-05-07 01:51:35] ds_online_v2_notehist cases_028  steps  81- 89: 326.3s  total: 1615.8s  (90/100)
[2026-05-07 01:51:41] ds_online_v2_notehist cases_019  steps  71- 79: 27.0s  total: 192.6s  (80/100)
[2026-05-07 01:52:07] ds_online_v2_notehist cases_019  steps  81- 89: 26.6s  total: 219.2s  (90/100)
[2026-05-07 01:52:36] ds_online_v2_notehist cases_019  steps  91- 99: 28.9s  total: 248.0s  (100/100)
[2026-05-07 01:52:37] DONE ds_online_v2_notehist cases_019  total: 248.0s  (2.48s/step)
[2026-05-07 01:52:37]   tokens: 1,969,912 in + 3,888 out  cost: $0.5362
[2026-05-07 01:52:37] START ds_online_v2_notehist cases_028 (100 steps, note-with-history)
[2026-05-07 01:53:11] ds_online_v2_notehist cases_028  steps   1-  9: 34.7s  total: 34.7s  (10/100)
[2026-05-07 01:54:20] ds_online_v2_notehist cases_028  steps  11- 19: 68.3s  total: 103.0s  (20/100)
[2026-05-07 01:55:59] ds_online_v2_notehist cases_028  steps  21- 29: 99.5s  total: 202.5s  (30/100)
[2026-05-07 01:57:26] ds_online_v2_notehist cases_028  steps  91- 99: 350.6s  total: 1966.3s  (100/100)
[2026-05-07 01:57:26] DONE ds_online_v2_notehist cases_028  total: 1966.3s  (19.66s/step)
[2026-05-07 01:57:26]   tokens: 25,700,354 in + 126,378 out  cost: $7.0781
[2026-05-07 01:57:26] START ds_online_v2_notehist cases_029 (100 steps, note-with-history)
[2026-05-07 01:57:49] ds_online_v2_notehist cases_029  steps   1-  9: 22.7s  total: 22.7s  (10/100)
[2026-05-07 01:58:14] ds_online_v2_notehist cases_028  steps  31- 39: 135.2s  total: 337.7s  (40/100)
[2026-05-07 01:58:15] ds_online_v2_notehist cases_029  steps  11- 19: 26.1s  total: 48.9s  (20/100)
[2026-05-07 01:58:45] ds_online_v2_notehist cases_029  steps  21- 29: 29.9s  total: 78.8s  (30/100)
[2026-05-07 01:59:18] ds_online_v2_notehist cases_029  steps  31- 39: 33.4s  total: 112.2s  (40/100)
[2026-05-07 01:59:55] ds_online_v2_notehist cases_029  steps  41- 49: 36.8s  total: 148.9s  (50/100)
[2026-05-07 02:00:40] ds_online_v2_notehist cases_029  steps  51- 59: 44.3s  total: 193.3s  (60/100)
[2026-05-07 02:01:06] ds_online_v2_notehist cases_028  steps  41- 49: 172.1s  total: 509.8s  (50/100)
[2026-05-07 02:01:26] ds_online_v2_notehist cases_029  steps  61- 69: 46.9s  total: 240.2s  (70/100)
[2026-05-07 02:02:16] ds_online_v2_notehist cases_029  steps  71- 79: 49.8s  total: 290.0s  (80/100)
[2026-05-07 02:03:08] ds_online_v2_notehist cases_029  steps  81- 89: 51.3s  total: 341.3s  (90/100)
[2026-05-07 02:04:09] ds_online_v2_notehist cases_029  steps  91- 99: 61.4s  total: 402.7s  (100/100)
[2026-05-07 02:04:09] DONE ds_online_v2_notehist cases_029  total: 402.7s  (4.03s/step)
[2026-05-07 02:04:09]   tokens: 4,053,221 in + 14,378 out  cost: $1.1102
[2026-05-07 02:04:42] ds_online_v2_notehist cases_028  steps  51- 59: 215.7s  total: 725.5s  (60/100)
[2026-05-07 02:08:50] ds_online_v2_notehist cases_028  steps  61- 69: 248.3s  total: 973.8s  (70/100)
[2026-05-07 02:13:44] ds_online_v2_notehist cases_028  steps  71- 79: 293.2s  total: 1267.0s  (80/100)
[2026-05-07 02:19:19] ds_online_v2_notehist cases_028  steps  81- 89: 335.1s  total: 1602.1s  (90/100)
[2026-05-07 02:25:40] ds_online_v2_notehist cases_028  steps  91- 99: 380.7s  total: 1982.8s  (100/100)
[2026-05-07 02:25:40] DONE ds_online_v2_notehist cases_028  total: 1982.8s  (19.83s/step)
[2026-05-07 02:25:40]   tokens: 25,700,354 in + 126,378 out  cost: $7.0781
[2026-05-07 02:59:37] START ds_online_v2_notehist cases_008 (100 steps, note-with-history)
[2026-05-07 02:59:37] START ds_weather_v2_notehist cases_018 (100 steps, note-with-history)
[2026-05-07 03:00:00] ds_weather_v2_notehist cases_018  steps   1-  9: 22.7s  total: 22.7s  (10/100)
[2026-05-07 03:00:09] ds_online_v2_notehist cases_008  steps   1-  9: 32.2s  total: 32.2s  (10/100)
[2026-05-07 03:00:25] ds_weather_v2_notehist cases_018  steps  11- 19: 25.5s  total: 48.1s  (20/100)
[2026-05-07 03:00:51] ds_weather_v2_notehist cases_018  steps  21- 29: 25.5s  total: 73.7s  (30/100)
[2026-05-07 03:01:13] ds_online_v2_notehist cases_008  steps  11- 19: 63.7s  total: 95.9s  (20/100)
[2026-05-07 03:01:17] ds_weather_v2_notehist cases_018  steps  31- 39: 26.4s  total: 100.0s  (40/100)
[2026-05-07 03:01:42] ds_weather_v2_notehist cases_018  steps  41- 49: 25.2s  total: 125.3s  (50/100)
[2026-05-07 03:02:09] ds_weather_v2_notehist cases_018  steps  51- 59: 26.1s  total: 151.4s  (60/100)
[2026-05-07 03:02:36] ds_weather_v2_notehist cases_018  steps  61- 69: 27.3s  total: 178.7s  (70/100)
[2026-05-07 03:02:44] ds_online_v2_notehist cases_008  steps  21- 29: 90.9s  total: 186.8s  (30/100)
[2026-05-07 03:03:03] ds_weather_v2_notehist cases_018  steps  71- 79: 26.8s  total: 205.5s  (80/100)
[2026-05-07 03:03:31] ds_weather_v2_notehist cases_018  steps  81- 89: 28.3s  total: 233.8s  (90/100)
[2026-05-07 03:04:04] ds_weather_v2_notehist cases_018  steps  91- 99: 32.6s  total: 266.4s  (100/100)
[2026-05-07 03:04:04] DONE ds_weather_v2_notehist cases_018  total: 266.4s  (2.66s/step)
[2026-05-07 03:04:04]   tokens: 1,976,824 in + 3,600 out  cost: $0.5377
[2026-05-07 03:04:40] ds_online_v2_notehist cases_008  steps  31- 39: 116.4s  total: 303.2s  (40/100)
[2026-05-07 03:07:03] ds_online_v2_notehist cases_008  steps  41- 49: 142.2s  total: 445.4s  (50/100)
[2026-05-07 03:10:02] ds_online_v2_notehist cases_008  steps  51- 59: 179.8s  total: 625.2s  (60/100)
[2026-05-07 03:13:26] ds_online_v2_notehist cases_008  steps  61- 69: 203.9s  total: 829.1s  (70/100)
[2026-05-07 03:17:21] ds_online_v2_notehist cases_008  steps  71- 79: 234.8s  total: 1063.9s  (80/100)
[2026-05-07 03:21:46] ds_online_v2_notehist cases_008  steps  81- 89: 264.4s  total: 1328.3s  (90/100)
[2026-05-07 03:26:38] ds_online_v2_notehist cases_008  steps  91- 99: 292.3s  total: 1620.7s  (100/100)
[2026-05-07 03:26:39] DONE ds_online_v2_notehist cases_008  total: 1620.7s  (16.21s/step)
[2026-05-07 03:26:39]   tokens: 19,513,856 in + 94,139 out  cost: $5.3723
