nohup: ignoring input
INFO:__main__:Using device: cuda
wandb: [wandb.login()] Loaded credentials for https://api.wandb.ai from /home/ec2-user/.netrc.
wandb: Currently logged in as: emiletimothy (emiletimothyanand) to https://api.wandb.ai. Use `wandb login --relogin` to force relogin
wandb: Tracking run with wandb version 0.25.1
wandb: Run data is saved locally in /home/ec2-user/transformer_decisionmaker/multiplicative_weights/scripts/wandb/run-20260408_070646-8gxsn6z6
wandb: Run `wandb offline` to turn off syncing.
wandb: Syncing run polished-puddle-7
wandb: ⭐️ View project at https://wandb.ai/emiletimothyanand/transformers_online_decision_makers
wandb: 🚀 View run at https://wandb.ai/emiletimothyanand/transformers_online_decision_makers/runs/8gxsn6z6
INFO:__main__:wandb initialized: https://wandb.ai/emiletimothyanand/transformers_online_decision_makers/runs/8gxsn6z6
INFO:__main__:Generating 10000 training sequences...
INFO:__main__:Generating 1000 validation sequences...
INFO:__main__:ContinuousCoTTransformer with 4 thought steps
INFO:__main__:Model has 214587 parameters
INFO:__main__:Resuming from checkpoint: ../figures/checkpoints/model_stage_11.pt
INFO:__main__:Resumed from stage 11, continuing from stage 12
INFO:__main__:Custom stage schedule: [(12, 80), (13, 95)]
INFO:__main__:
==================================================
INFO:__main__:TRAINING STAGE 12 (seq_length=80)
INFO:__main__:==================================================
INFO:__main__:Stage 12: 1901 train, 194 val sequences
INFO:learned_mw_transformer:Training stage 12 with 4 thought steps
INFO:learned_mw_transformer:Step 53400: Val loss = 0.4997
INFO:learned_mw_transformer:Stage 12, Epoch 0: Loss = 0.4900
INFO:learned_mw_transformer:Step 53450: Val loss = 0.4958
INFO:learned_mw_transformer:Stage 12, Epoch 1: Loss = 0.4834
INFO:learned_mw_transformer:Step 53500: Val loss = 0.4991
INFO:learned_mw_transformer:Stage 12, Epoch 2: Loss = 0.4801
INFO:learned_mw_transformer:Step 53550: Val loss = 0.4996
INFO:learned_mw_transformer:Stage 12, Epoch 3: Loss = 0.4743
INFO:learned_mw_transformer:Step 53600: Val loss = 0.4966
INFO:learned_mw_transformer:Step 53650: Val loss = 0.4918
INFO:learned_mw_transformer:Stage 12, Epoch 4: Loss = 0.4686
INFO:learned_mw_transformer:Step 53700: Val loss = 0.4966
INFO:learned_mw_transformer:Stage 12, Epoch 5: Loss = 0.4831
INFO:learned_mw_transformer:Step 53750: Val loss = 0.4956
INFO:learned_mw_transformer:Stage 12, Epoch 6: Loss = 0.4771
INFO:learned_mw_transformer:Step 53800: Val loss = 0.4946
INFO:learned_mw_transformer:Stage 12, Epoch 7: Loss = 0.4740
INFO:learned_mw_transformer:Step 53850: Val loss = 0.4929
INFO:learned_mw_transformer:Stage 12, Epoch 8: Loss = 0.4705
INFO:learned_mw_transformer:Step 53900: Val loss = 0.4971
INFO:learned_mw_transformer:Step 53950: Val loss = 0.4910
INFO:learned_mw_transformer:Stage 12, Epoch 9: Loss = 0.4658
INFO:learned_mw_transformer:Step 54000: Val loss = 0.4962
INFO:learned_mw_transformer:Stage 12, Epoch 10: Loss = 0.4795
INFO:learned_mw_transformer:Step 54050: Val loss = 0.4985
INFO:learned_mw_transformer:Stage 12, Epoch 11: Loss = 0.4745
INFO:learned_mw_transformer:Step 54100: Val loss = 0.4968
INFO:learned_mw_transformer:Stage 12, Epoch 12: Loss = 0.4717
INFO:learned_mw_transformer:Step 54150: Val loss = 0.4986
INFO:learned_mw_transformer:Stage 12, Epoch 13: Loss = 0.4686
INFO:learned_mw_transformer:Step 54200: Val loss = 0.4962
INFO:learned_mw_transformer:Step 54250: Val loss = 0.4914
INFO:learned_mw_transformer:Stage 12, Epoch 14: Loss = 0.4641
INFO:learned_mw_transformer:Step 54300: Val loss = 0.4965
INFO:learned_mw_transformer:Stage 12, Epoch 15: Loss = 0.4760
INFO:learned_mw_transformer:Step 54350: Val loss = 0.4957
INFO:learned_mw_transformer:Stage 12, Epoch 16: Loss = 0.4719
INFO:learned_mw_transformer:Early stopping at epoch 16 (no improvement for 12 epochs)
INFO:__main__:Checkpoint saved: ../figures/checkpoints/model_stage_12.pt
INFO:__main__:Evaluating after stage 12 (seq_length=80)...
INFO:__main__:Stage 12 Results:
INFO:__main__:  prediction_accuracy: 0.7630 ± 0.1009
INFO:__main__:  sequence_accuracy: 0.0000 ± 0.0000
INFO:__main__:  learned_regret: 1.6667 ± 1.7717
INFO:__main__:  optimal_regret: 4.4583 ± 2.4661
INFO:__main__:  regret_ratio: 0.9816 ± 1.9944
INFO:__main__:
==================================================
INFO:__main__:TRAINING STAGE 13 (seq_length=95)
INFO:__main__:==================================================
INFO:__main__:Stage 13: 132 train, 19 val sequences
INFO:learned_mw_transformer:Training stage 13 with 4 thought steps
INFO:learned_mw_transformer:Stage 13, Epoch 0: Loss = 0.4921
INFO:learned_mw_transformer:Stage 13, Epoch 1: Loss = 0.4959
INFO:learned_mw_transformer:Stage 13, Epoch 2: Loss = 0.4907
INFO:learned_mw_transformer:Stage 13, Epoch 3: Loss = 0.4925
INFO:learned_mw_transformer:Stage 13, Epoch 4: Loss = 0.4801
INFO:learned_mw_transformer:Step 54400: Val loss = 0.4522
INFO:learned_mw_transformer:Stage 13, Epoch 5: Loss = 0.4801
INFO:learned_mw_transformer:Stage 13, Epoch 6: Loss = 0.4675
INFO:learned_mw_transformer:Stage 13, Epoch 7: Loss = 0.4877
INFO:learned_mw_transformer:Stage 13, Epoch 8: Loss = 0.4957
INFO:learned_mw_transformer:Stage 13, Epoch 9: Loss = 0.4654
INFO:learned_mw_transformer:Stage 13, Epoch 10: Loss = 0.4786
INFO:learned_mw_transformer:Stage 13, Epoch 11: Loss = 0.4838
INFO:learned_mw_transformer:Stage 13, Epoch 12: Loss = 0.4721
INFO:learned_mw_transformer:Stage 13, Epoch 13: Loss = 0.4604
INFO:learned_mw_transformer:Early stopping at epoch 13 (no improvement for 12 epochs)
INFO:__main__:Checkpoint saved: ../figures/checkpoints/model_stage_13.pt
INFO:__main__:Evaluating after stage 13 (seq_length=95)...
INFO:__main__:Stage 13 Results:
INFO:__main__:  prediction_accuracy: 0.7453 ± 0.1095
INFO:__main__:  sequence_accuracy: 0.0000 ± 0.0000
INFO:__main__:  learned_regret: 2.2000 ± 2.0396
INFO:__main__:  optimal_regret: 1.8000 ± 1.9391
INFO:__main__:  regret_ratio: 2.7467 ± 3.6756
INFO:__main__:
==================================================
INFO:__main__:FINAL EVALUATION
INFO:__main__:==================================================
INFO:__main__:Evaluating with continuous chain-of-thought...
INFO:__main__:Final Results (Continuous CoT):
INFO:__main__:  prediction_accuracy: 0.7629 ± 0.1341 (n=100)
INFO:__main__:  sequence_accuracy: 0.0300 ± 0.1706 (n=100)
INFO:__main__:  learned_regret: 1.6200 ± 1.7764 (n=100)
INFO:__main__:  optimal_regret: 2.1200 ± 1.9712 (n=100)
INFO:__main__:  regret_ratio: 1.9234 ± 2.9842 (n=100)
INFO:__main__:Generating regret trajectory plots...
INFO:__main__:Regret trajectories saved to ../figures/learned_mw_regret_trajectories.png
INFO:__main__:Model saved to ../figures/learned_mw_transformer.pt
INFO:__main__:
🎉 Training completed! Results saved to ../figures
wandb: updating run metadata
wandb: uploading config.yaml; uploading output.log; uploading wandb-summary.json
wandb: 
wandb: Run history:
wandb:                        epoch ▁▁▂▂▃▃▄▄▅▅▅▆▆▇▇██▁▁▂▂▃▃▄▄▅▅▅▆▆▇
wandb:          eval/learned_regret ▁█
wandb:      eval/learned_regret_std ▁█
wandb:          eval/optimal_regret █▁
wandb:      eval/optimal_regret_std █▁
wandb:     eval/prediction_accuracy █▁
wandb: eval/prediction_accuracy_std ▁█
wandb:            eval/regret_ratio ▁█
wandb:        eval/regret_ratio_std ▁█
wandb:       eval/sequence_accuracy ▁▁
wandb:                          +19 ...
wandb: 
wandb: Run summary:
wandb:                        epoch 13
wandb:          eval/learned_regret 2.2
wandb:      eval/learned_regret_std 2.03961
wandb:          eval/optimal_regret 1.8
wandb:      eval/optimal_regret_std 1.93907
wandb:     eval/prediction_accuracy 0.74526
wandb: eval/prediction_accuracy_std 0.10947
wandb:            eval/regret_ratio 2.74667
wandb:        eval/regret_ratio_std 3.6756
wandb:       eval/sequence_accuracy 0
wandb:                          +19 ...
wandb: 
wandb: 🚀 View run polished-puddle-7 at: https://wandb.ai/emiletimothyanand/transformers_online_decision_makers/runs/8gxsn6z6
wandb: ⭐️ View project at: https://wandb.ai/emiletimothyanand/transformers_online_decision_makers
wandb: Synced 5 W&B file(s), 0 media file(s), 0 artifact file(s) and 0 other file(s)
wandb: Find logs at: ./wandb/run-20260408_070646-8gxsn6z6/logs

============================================================
🤖 LEARNED MULTIPLICATIVE WEIGHTS TRANSFORMER
============================================================
✅ Model Architecture: 2 layers, 64 dim, 4 heads
✅ Training: 13 stages, 10000 sequences
✅ Final Performance:
   • Prediction Accuracy: 0.7629 ± 0.1341
   • Sequence Accuracy: 0.0300 ± 0.1706
   • Learned Regret: 1.6200 ± 1.7764
   • Optimal Regret: 2.1200 ± 1.9712
   • Regret Ratio: 1.9234 ± 2.9842
✅ Model saved to: ../figures/learned_mw_transformer.pt
============================================================
